Component: ARM Compiler 6.16 Tool: armlink [5dfeaa00]

==============================================================================

Section Cross References

    startup_stm32f407xx.o(RESET) refers to startup_stm32f407xx.o(STACK) for __initial_sp
    startup_stm32f407xx.o(RESET) refers to startup_stm32f407xx.o(.text) for Reset_Handler
    startup_stm32f407xx.o(RESET) refers to stm32f4xx_it.o(.text.NMI_Handler) for NMI_Handler
    startup_stm32f407xx.o(RESET) refers to stm32f4xx_it.o(.text.HardFault_Handler) for HardFault_Handler
    startup_stm32f407xx.o(RESET) refers to stm32f4xx_it.o(.text.MemManage_Handler) for MemManage_Handler
    startup_stm32f407xx.o(RESET) refers to stm32f4xx_it.o(.text.BusFault_Handler) for BusFault_Handler
    startup_stm32f407xx.o(RESET) refers to stm32f4xx_it.o(.text.UsageFault_Handler) for UsageFault_Handler
    startup_stm32f407xx.o(RESET) refers to stm32f4xx_it.o(.text.SVC_Handler) for SVC_Handler
    startup_stm32f407xx.o(RESET) refers to stm32f4xx_it.o(.text.DebugMon_Handler) for DebugMon_Handler
    startup_stm32f407xx.o(RESET) refers to stm32f4xx_it.o(.text.PendSV_Handler) for PendSV_Handler
    startup_stm32f407xx.o(RESET) refers to stm32f4xx_it.o(.text.SysTick_Handler) for SysTick_Handler
    startup_stm32f407xx.o(RESET) refers to stm32f4xx_it.o(.text.TIM6_DAC_IRQHandler) for TIM6_DAC_IRQHandler
    startup_stm32f407xx.o(RESET) refers to stm32f4xx_it.o(.text.TIM7_IRQHandler) for TIM7_IRQHandler
    startup_stm32f407xx.o(.text) refers to system_stm32f4xx.o(.text.SystemInit) for SystemInit
    startup_stm32f407xx.o(.text) refers to entry.o(.ARM.Collect$$$$00000000) for __main
    main.o(.text.fputc) refers to usart.o(.bss.huart1) for huart1
    main.o(.text.fputc) refers to stm32f4xx_hal_uart.o(.text.HAL_UART_Transmit) for HAL_UART_Transmit
    main.o(.ARM.exidx.text.fputc) refers to main.o(.text.fputc) for [Anonymous Symbol]
    main.o(.text.Update_Time) refers to main.o(.bss..L_MergedGlobals.1) for .L_MergedGlobals.1
    main.o(.text.Update_Time) refers to main.o(.data..L_MergedGlobals) for .L_MergedGlobals
    main.o(.ARM.exidx.text.Update_Time) refers to main.o(.text.Update_Time) for [Anonymous Symbol]
    main.o(.text.Process_Key_Debounce) refers to stm32f4xx_hal_gpio.o(.text.HAL_GPIO_ReadPin) for HAL_GPIO_ReadPin
    main.o(.text.Process_Key_Debounce) refers to main.o(.bss..L_MergedGlobals.1) for .L_MergedGlobals.1
    main.o(.ARM.exidx.text.Process_Key_Debounce) refers to main.o(.text.Process_Key_Debounce) for [Anonymous Symbol]
    main.o(.text.HAL_TIM_PeriodElapsedCallback) refers to main.o(.bss..L_MergedGlobals.1) for .L_MergedGlobals.1
    main.o(.text.HAL_TIM_PeriodElapsedCallback) refers to main.o(.data..L_MergedGlobals) for .L_MergedGlobals
    main.o(.text.HAL_TIM_PeriodElapsedCallback) refers to main.o(.text.Process_Key_Debounce) for Process_Key_Debounce
    main.o(.ARM.exidx.text.HAL_TIM_PeriodElapsedCallback) refers to main.o(.text.HAL_TIM_PeriodElapsedCallback) for [Anonymous Symbol]
    main.o(.text.Init_Peripherals) refers to gpio.o(.text.MX_GPIO_Init) for MX_GPIO_Init
    main.o(.text.Init_Peripherals) refers to fsmc.o(.text.MX_FSMC_Init) for MX_FSMC_Init
    main.o(.text.Init_Peripherals) refers to tim.o(.text.MX_TIM14_Init) for MX_TIM14_Init
    main.o(.text.Init_Peripherals) refers to usart.o(.text.MX_USART1_UART_Init) for MX_USART1_UART_Init
    main.o(.text.Init_Peripherals) refers to tim.o(.text.MX_TIM6_Init) for MX_TIM6_Init
    main.o(.text.Init_Peripherals) refers to tim.o(.text.MX_TIM7_Init) for MX_TIM7_Init
    main.o(.ARM.exidx.text.Init_Peripherals) refers to main.o(.text.Init_Peripherals) for [Anonymous Symbol]
    main.o(.text.Start_Timers) refers to tim.o(.bss.htim14) for htim14
    main.o(.text.Start_Timers) refers to stm32f4xx_hal_tim.o(.text.HAL_TIM_Base_Start_IT) for HAL_TIM_Base_Start_IT
    main.o(.text.Start_Timers) refers to stm32f4xx_hal_tim.o(.text.HAL_TIM_PWM_Start) for HAL_TIM_PWM_Start
    main.o(.text.Start_Timers) refers to tim.o(.bss.htim6) for htim6
    main.o(.text.Start_Timers) refers to tim.o(.bss.htim7) for htim7
    main.o(.ARM.exidx.text.Start_Timers) refers to main.o(.text.Start_Timers) for [Anonymous Symbol]
    main.o(.text.Init_LCD) refers to drv_lcd.o(.text.drv_lcd_init) for drv_lcd_init
    main.o(.text.Init_LCD) refers to drv_lcd.o(.text.lcd_clear) for lcd_clear
    main.o(.text.Init_LCD) refers to drv_lcd.o(.text.lcd_set_color) for lcd_set_color
    main.o(.ARM.exidx.text.Init_LCD) refers to main.o(.text.Init_LCD) for [Anonymous Symbol]
    main.o(.text.Handle_Key_Event) refers to main.o(.bss..L_MergedGlobals.1) for .L_MergedGlobals.1
    main.o(.text.Handle_Key_Event) refers to main.o(.data..L_MergedGlobals) for .L_MergedGlobals
    main.o(.ARM.exidx.text.Handle_Key_Event) refers to main.o(.text.Handle_Key_Event) for [Anonymous Symbol]
    main.o(.text.Update_LCD_Display) refers to main.o(.data..L_MergedGlobals) for .L_MergedGlobals
[...]
    Removing stm32f4xx_hal_tim.o(.text.HAL_TIM_ReadCapturedValue), (52 bytes).
    Removing stm32f4xx_hal_tim.o(.ARM.exidx.text.HAL_TIM_ReadCapturedValue), (8 bytes).
    Removing stm32f4xx_hal_tim.o(.text.HAL_TIM_PeriodElapsedHalfCpltCallback), (2 bytes).
    Removing stm32f4xx_hal_tim.o(.ARM.exidx.text.HAL_TIM_PeriodElapsedHalfCpltCallback), (8 bytes).
    Removing stm32f4xx_hal_tim.o(.text.HAL_TIM_IC_CaptureHalfCpltCallback), (2 bytes).
    Removing stm32f4xx_hal_tim.o(.ARM.exidx.text.HAL_TIM_IC_CaptureHalfCpltCallback), (8 bytes).
    Removing stm32f4xx_hal_tim.o(.text.HAL_TIM_PWM_PulseFinishedHalfCpltCallback), (2 bytes).
    Removing stm32f4xx_hal_tim.o(.ARM.exidx.text.HAL_TIM_PWM_PulseFinishedHalfCpltCallback), (8 bytes).
    Removing stm32f4xx_hal_tim.o(.text.HAL_TIM_TriggerHalfCpltCallback), (2 bytes).
    Removing stm32f4xx_hal_tim.o(.ARM.exidx.text.HAL_TIM_TriggerHalfCpltCallback), (8 bytes).
    Removing stm32f4xx_hal_tim.o(.text.HAL_TIM_ErrorCallback), (2 bytes).
    Removing stm32f4xx_hal_tim.o(.ARM.exidx.text.HAL_TIM_ErrorCallback), (8 bytes).
    Removing stm32f4xx_hal_tim.o(.text.HAL_TIM_Base_GetState), (6 bytes).
    Removing stm32f4xx_hal_tim.o(.ARM.exidx.text.HAL_TIM_Base_GetState), (8 bytes).
    Removing stm32f4xx_hal_tim.o(.text.HAL_TIM_OC_GetState), (6 bytes).
    Removing stm32f4xx_hal_tim.o(.ARM.exidx.text.HAL_TIM_OC_GetState), (8 bytes).
    Removing stm32f4xx_hal_tim.o(.text.HAL_TIM_PWM_GetState), (6 bytes).
    Removing stm32f4xx_hal_tim.o(.ARM.exidx.text.HAL_TIM_PWM_GetState), (8 bytes).
    Removing stm32f4xx_hal_tim.o(.text.HAL_TIM_IC_GetState), (6 bytes).
    Removing stm32f4xx_hal_tim.o(.ARM.exidx.text.HAL_TIM_IC_GetState), (8 bytes).
    Removing stm32f4xx_hal_tim.o(.text.HAL_TIM_OnePulse_GetState), (6 bytes).
    Removing stm32f4xx_hal_tim.o(.ARM.exidx.text.HAL_TIM_OnePulse_GetState), (8 bytes).
    Removing stm32f4xx_hal_tim.o(.text.HAL_TIM_Encoder_GetState), (6 bytes).
    Removing stm32f4xx_hal_tim.o(.ARM.exidx.text.HAL_TIM_Encoder_GetState), (8 bytes).
    Removing stm32f4xx_hal_tim.o(.text.HAL_TIM_GetActiveChannel), (4 bytes).
    Removing stm32f4xx_hal_tim.o(.ARM.exidx.text.HAL_TIM_GetActiveChannel), (8 bytes).
    Removing stm32f4xx_hal_tim.o(.text.HAL_TIM_GetChannelState), (34 bytes).
    Removing stm32f4xx_hal_tim.o(.ARM.exidx.text.HAL_TIM_GetChannelState), (8 bytes).
    Removing stm32f4xx_hal_tim.o(.text.HAL_TIM_DMABurstState), (6 bytes).
    Removing stm32f4xx_hal_tim.o(.ARM.exidx.text.HAL_TIM_DMABurstState), (8 bytes).
    Removing stm32f4xx_hal_tim.o(.rodata.cst16), (32 bytes).
    Removing stm32f4xx_hal_tim_ex.o(.text), (0 bytes).
    Removing stm32f4xx_hal_tim_ex.o(.text.HAL_TIMEx_HallSensor_Init), (200 bytes).
    Removing stm32f4xx_hal_tim_ex.o(.ARM.exidx.text.HAL_TIMEx_HallSensor_Init), (8 bytes).
    Removing stm32f4xx_hal_tim_ex.o(.text.HAL_TIMEx_HallSensor_MspInit), (2 bytes).
    Removing stm32f4xx_hal_tim_ex.o(.ARM.exidx.text.HAL_TIMEx_HallSensor_MspInit), (8 bytes).
    Removing stm32f4xx_hal_tim_ex.o(.text.HAL_TIMEx_HallSensor_DeInit), (80 bytes).
    Removing stm32f4xx_hal_tim_ex.o(.ARM.exidx.text.HAL_TIMEx_HallSensor_DeInit), (8 bytes).
    Removing stm32f4xx_hal_tim_ex.o(.text.HAL_TIMEx_HallSensor_MspDeInit), (2 bytes).
    Removing stm32f4xx_hal_tim_ex.o(.ARM.exidx.text.HAL_TIMEx_HallSensor_MspDeInit), (8 bytes).
    Removing stm32f4xx_hal_tim_ex.o(.text.HAL_TIMEx_HallSensor_Start), (218 bytes).
    Removing stm32f4xx_hal_tim_ex.o(.ARM.exidx.text.HAL_TIMEx_HallSensor_Start), (8 bytes).
    Removing stm32f4xx_hal_tim_ex.o(.text.HAL_TIMEx_HallSensor_Stop), (66 bytes).
    Removing stm32f4xx_hal_tim_ex.o(.ARM.exidx.text.HAL_TIMEx_HallSensor_Stop), (8 bytes).
    Removing stm32f4xx_hal_tim_ex.o(.text.HAL_TIMEx_HallSensor_Start_IT), (226 bytes).
    Removing stm32f4xx_hal_tim_ex.o(.ARM.exidx.text.HAL_TIMEx_HallSensor_Start_IT), (8 bytes).
    Removing stm32f4xx_hal_tim_ex.o(.text.HAL_TIMEx_HallSensor_Stop_IT), (74 bytes).
    Removing stm32f4xx_hal_tim_ex.o(.ARM.exidx.text.HAL_TIMEx_HallSensor_Stop_IT), (8 bytes).
    Removing stm32f4xx_hal_tim_ex.o(.text.HAL_TIMEx_HallSensor_Start_DMA), (300 bytes).
    Removing stm32f4xx_hal_tim_ex.o(.ARM.exidx.text.HAL_TIMEx_HallSensor_Start_DMA), (8 bytes).
    Removing stm32f4xx_hal_tim_ex.o(.text.HAL_TIMEx_HallSensor_Stop_DMA), (74 bytes).
    Removing stm32f4xx_hal_tim_ex.o(.ARM.exidx.text.HAL_TIMEx_HallSensor_Stop_DMA), (8 bytes).
    Removing stm32f4xx_hal_tim_ex.o(.text.HAL_TIMEx_OCN_Start), (258 bytes).
    Removing stm32f4xx_hal_tim_ex.o(.ARM.exidx.text.HAL_TIMEx_OCN_Start), (8 bytes).
    Removing stm32f4xx_hal_tim_ex.o(.text.HAL_TIMEx_OCN_Stop), (146 bytes).
    Removing stm32f4xx_hal_tim_ex.o(.ARM.exidx.text.HAL_TIMEx_OCN_Stop), (8 bytes).
    Removing stm32f4xx_hal_tim_ex.o(.text.HAL_TIMEx_OCN_Start_IT), (274 bytes).
    Removing stm32f4xx_hal_tim_ex.o(.ARM.exidx.text.HAL_TIMEx_OCN_Start_IT), (8 bytes).
    Removing stm32f4xx_hal_tim_ex.o(.text.HAL_TIMEx_OCN_Stop_IT), (230 bytes).
    Removing stm32f4xx_hal_tim_ex.o(.ARM.exidx.text.HAL_TIMEx_OCN_Stop_IT), (8 bytes).
    Removing stm32f4xx_hal_tim_ex.o(.text.HAL_TIMEx_OCN_Start_DMA), (534 bytes).
    Removing stm32f4xx_hal_tim_ex.o(.ARM.exidx.text.HAL_TIMEx_OCN_Start_DMA), (8 bytes).
    Removing stm32f4xx_hal_tim_ex.o(.text.TIM_DMADelayPulseNCplt), (82 bytes).
    Removing stm32f4xx_hal_tim_ex.o(.ARM.exidx.text.TIM_DMADelayPulseNCplt), (8 bytes).
    Removing stm32f4xx_hal_tim_ex.o(.text.TIM_DMAErrorCCxN), (70 bytes).
    Removing stm32f4xx_hal_tim_ex.o(.ARM.exidx.text.TIM_DMAErrorCCxN), (8 bytes).
    Removing stm32f4xx_hal_tim_ex.o(.text.HAL_TIMEx_OCN_Stop_DMA), (192 bytes).
    Removing stm32f4xx_hal_tim_ex.o(.ARM.exidx.text.HAL_TIMEx_OCN_Stop_DMA), (8 bytes).
    Removing stm32f4xx_hal_tim_ex.o(.text.HAL_TIMEx_PWMN_Start), (258 bytes).
    Removing stm32f4xx_hal_tim_ex.o(.ARM.exidx.text.HAL_TIMEx_PWMN_Start), (8 bytes).
    Removing stm32f4xx_hal_tim_ex.o(.text.HAL_TIMEx_PWMN_Stop), (146 bytes).
    Removing stm32f4xx_hal_tim_ex.o(.ARM.exidx.text.HAL_TIMEx_PWMN_Stop), (8 bytes).
    Removing stm32f4xx_hal_tim_ex.o(.text.HAL_TIMEx_PWMN_Start_IT), (274 bytes).
    Removing stm32f4xx_hal_tim_ex.o(.ARM.exidx.text.HAL_TIMEx_PWMN_Start_IT), (8 bytes).
    Removing stm32f4xx_hal_tim_ex.o(.text.HAL_TIMEx_PWMN_Stop_IT), (230 bytes).
    Removing stm32f4xx_hal_tim_ex.o(.ARM.exidx.text.HAL_TIMEx_PWMN_Stop_IT), (8 bytes).
    Removing stm32f4xx_hal_tim_ex.o(.text.HAL_TIMEx_PWMN_Start_DMA), (534 bytes).
    Removing stm32f4xx_hal_tim_ex.o(.ARM.exidx.text.HAL_TIMEx_PWMN_Start_DMA), (8 bytes).
    Removing stm32f4xx_hal_tim_ex.o(.text.HAL_TIMEx_PWMN_Stop_DMA), (192 bytes).
    Removing stm32f4xx_hal_tim_ex.o(.ARM.exidx.text.HAL_TIMEx_PWMN_Stop_DMA), (8 bytes).
    Removing stm32f4xx_hal_tim_ex.o(.text.HAL_TIMEx_OnePulseN_Start), (120 bytes).
    Removing stm32f4xx_hal_tim_ex.o(.ARM.exidx.text.HAL_TIMEx_OnePulseN_Start), (8 bytes).
    Removing stm32f4xx_hal_tim_ex.o(.text.HAL_TIMEx_OnePulseN_Stop), (128 bytes).
    Removing stm32f4xx_hal_tim_ex.o(.ARM.exidx.text.HAL_TIMEx_OnePulseN_Stop), (8 bytes).
    Removing stm32f4xx_hal_tim_ex.o(.text.HAL_TIMEx_OnePulseN_Start_IT), (136 bytes).
    Removing stm32f4xx_hal_tim_ex.o(.ARM.exidx.text.HAL_TIMEx_OnePulseN_Start_IT), (8 bytes).
    Removing stm32f4xx_hal_tim_ex.o(.text.HAL_TIMEx_OnePulseN_Stop_IT), (144 bytes).
    Removing stm32f4xx_hal_tim_ex.o(.ARM.exidx.text.HAL_TIMEx_OnePulseN_Stop_IT), (8 bytes).
    Removing stm32f4xx_hal_tim_ex.o(.text.HAL_TIMEx_ConfigCommutEvent), (118 bytes).
    Removing stm32f4xx_hal_tim_ex.o(.ARM.exidx.text.HAL_TIMEx_ConfigCommutEvent), (8 bytes).
    Removing stm32f4xx_hal_tim_ex.o(.text.HAL_TIMEx_ConfigCommutEvent_IT), (118 bytes).
    Removing stm32f4xx_hal_tim_ex.o(.ARM.exidx.text.HAL_TIMEx_ConfigCommutEvent_IT), (8 bytes).
    Removing stm32f4xx_hal_tim_ex.o(.text.HAL_TIMEx_ConfigCommutEvent_DMA), (154 bytes).
    Removing stm32f4xx_hal_tim_ex.o(.ARM.exidx.text.HAL_TIMEx_ConfigCommutEvent_DMA), (8 bytes).
    Removing stm32f4xx_hal_tim_ex.o(.text.TIMEx_DMACommutationCplt), (12 bytes).
    Removing stm32f4xx_hal_tim_ex.o(.ARM.exidx.text.TIMEx_DMACommutationCplt), (8 bytes).
    Removing stm32f4xx_hal_tim_ex.o(.text.TIMEx_DMACommutationHalfCplt), (12 bytes).
    Removing stm32f4xx_hal_tim_ex.o(.ARM.exidx.text.TIMEx_DMACommutationHalfCplt), (8 bytes).
    Removing stm32f4xx_hal_tim_ex.o(.ARM.exidx.text.HAL_TIMEx_MasterConfigSynchronization), (8 bytes).
    Removing stm32f4xx_hal_tim_ex.o(.text.HAL_TIMEx_ConfigBreakDeadTime), (76 bytes).
    Removing stm32f4xx_hal_tim_ex.o(.ARM.exidx.text.HAL_TIMEx_ConfigBreakDeadTime), (8 bytes).
    Removing stm32f4xx_hal_tim_ex.o(.text.HAL_TIMEx_RemapConfig), (26 bytes).
    Removing stm32f4xx_hal_tim_ex.o(.ARM.exidx.text.HAL_TIMEx_RemapConfig), (8 bytes).
    Removing stm32f4xx_hal_tim_ex.o(.ARM.exidx.text.HAL_TIMEx_CommutCallback), (8 bytes).
    Removing stm32f4xx_hal_tim_ex.o(.text.HAL_TIMEx_CommutHalfCpltCallback), (2 bytes).
    Removing stm32f4xx_hal_tim_ex.o(.ARM.exidx.text.HAL_TIMEx_CommutHalfCpltCallback), (8 bytes).
    Removing stm32f4xx_hal_tim_ex.o(.ARM.exidx.text.HAL_TIMEx_BreakCallback), (8 bytes).
    Removing stm32f4xx_hal_tim_ex.o(.text.HAL_TIMEx_HallSensor_GetState), (6 bytes).
    Removing stm32f4xx_hal_tim_ex.o(.ARM.exidx.text.HAL_TIMEx_HallSensor_GetState), (8 bytes).
    Removing stm32f4xx_hal_tim_ex.o(.text.HAL_TIMEx_GetChannelNState), (34 bytes).
    Removing stm32f4xx_hal_tim_ex.o(.ARM.exidx.text.HAL_TIMEx_GetChannelNState), (8 bytes).
    Removing stm32f4xx_hal_uart.o(.text), (0 bytes).
    Removing stm32f4xx_hal_uart.o(.ARM.exidx.text.HAL_UART_Init), (8 bytes).
    Removing stm32f4xx_hal_uart.o(.text.HAL_UART_MspInit), (2 bytes).
    Removing stm32f4xx_hal_uart.o(.ARM.exidx.text.HAL_UART_MspInit), (8 bytes).
    Removing stm32f4xx_hal_uart.o(.ARM.exidx.text.UART_SetConfig), (8 bytes).
    Removing stm32f4xx_hal_uart.o(.text.HAL_HalfDuplex_Init), (104 bytes).
    Removing stm32f4xx_hal_uart.o(.ARM.exidx.text.HAL_HalfDuplex_Init), (8 bytes).
    Removing stm32f4xx_hal_uart.o(.text.HAL_LIN_Init), (120 bytes).
    Removing stm32f4xx_hal_uart.o(.ARM.exidx.text.HAL_LIN_Init), (8 bytes).
    Removing stm32f4xx_hal_uart.o(.text.HAL_MultiProcessor_Init), (128 bytes).
    Removing stm32f4xx_hal_uart.o(.ARM.exidx.text.HAL_MultiProcessor_Init), (8 bytes).
    Removing stm32f4xx_hal_uart.o(.text.HAL_UART_DeInit), (56 bytes).
    Removing stm32f4xx_hal_uart.o(.ARM.exidx.text.HAL_UART_DeInit), (8 bytes).
    Removing stm32f4xx_hal_uart.o(.text.HAL_UART_MspDeInit), (2 bytes).
    Removing stm32f4xx_hal_uart.o(.ARM.exidx.text.HAL_UART_MspDeInit), (8 bytes).
    Removing stm32f4xx_hal_uart.o(.ARM.exidx.text.HAL_UART_Transmit), (8 bytes).
    Removing stm32f4xx_hal_uart.o(.text.HAL_UART_Receive), (598 bytes).
    Removing stm32f4xx_hal_uart.o(.ARM.exidx.text.HAL_UART_Receive), (8 bytes).
    Removing stm32f4xx_hal_uart.o(.text.HAL_UART_Transmit_IT), (56 bytes).
    Removing stm32f4xx_hal_uart.o(.ARM.exidx.text.HAL_UART_Transmit_IT), (8 bytes).
    Removing stm32f4xx_hal_uart.o(.ARM.exidx.text.HAL_UART_Receive_IT), (8 bytes).
    Removing stm32f4xx_hal_uart.o(.text.UART_Start_Receive_IT), (50 bytes).
    Removing stm32f4xx_hal_uart.o(.ARM.exidx.text.UART_Start_Receive_IT), (8 bytes).
    Removing stm32f4xx_hal_uart.o(.text.HAL_UART_Transmit_DMA), (202 bytes).
    Removing stm32f4xx_hal_uart.o(.ARM.exidx.text.HAL_UART_Transmit_DMA), (8 bytes).
    Removing stm32f4xx_hal_uart.o(.text.UART_DMATransmitCplt), (176 bytes).
    Removing stm32f4xx_hal_uart.o(.ARM.exidx.text.UART_DMATransmitCplt), (8 bytes).
    Removing stm32f4xx_hal_uart.o(.text.UART_DMATxHalfCplt), (6 bytes).
    Removing stm32f4xx_hal_uart.o(.ARM.exidx.text.UART_DMATxHalfCplt), (8 bytes).
    Removing stm32f4xx_hal_uart.o(.text.UART_DMAError), (380 bytes).
    Removing stm32f4xx_hal_uart.o(.ARM.exidx.text.UART_DMAError), (8 bytes).
    Removing stm32f4xx_hal_uart.o(.text.HAL_UART_Receive_DMA), (352 bytes).
    Removing stm32f4xx_hal_uart.o(.ARM.exidx.text.HAL_UART_Receive_DMA), (8 bytes).
    Removing stm32f4xx_hal_uart.o(.text.UART_Start_Receive_DMA), (316 bytes).
    Removing stm32f4xx_hal_uart.o(.ARM.exidx.text.UART_Start_Receive_DMA), (8 bytes).
    Removing stm32f4xx_hal_uart.o(.text.HAL_UART_DMAPause), (346 bytes).
    Removing stm32f4xx_hal_uart.o(.ARM.exidx.text.HAL_UART_DMAPause), (8 bytes).
    Removing stm32f4xx_hal_uart.o(.text.HAL_UART_DMAResume), (348 bytes).
    Removing stm32f4xx_hal_uart.o(.ARM.exidx.text.HAL_UART_DMAResume), (8 bytes).
    Removing stm32f4xx_hal_uart.o(.text.HAL_UART_DMAStop), (548 bytes).
    Removing stm32f4xx_hal_uart.o(.ARM.exidx.text.HAL_UART_DMAStop), (8 bytes).
    Removing stm32f4xx_hal_uart.o(.text.HAL_UARTEx_ReceiveToIdle), (410 bytes).
    Removing stm32f4xx_hal_uart.o(.ARM.exidx.text.HAL_UARTEx_ReceiveToIdle), (8 bytes).
    Removing stm32f4xx_hal_uart.o(.text.HAL_UARTEx_ReceiveToIdle_IT), (224 bytes).
    Removing stm32f4xx_hal_uart.o(.ARM.exidx.text.HAL_UARTEx_ReceiveToIdle_IT), (8 bytes).
    Removing stm32f4xx_hal_uart.o(.text.HAL_UARTEx_ReceiveToIdle_DMA), (486 bytes).
    Removing stm32f4xx_hal_uart.o(.ARM.exidx.text.HAL_UARTEx_ReceiveToIdle_DMA), (8 bytes).
    Removing stm32f4xx_hal_uart.o(.text.HAL_UARTEx_GetRxEventType), (4 bytes).
    Removing stm32f4xx_hal_uart.o(.ARM.exidx.text.HAL_UARTEx_GetRxEventType), (8 bytes).
    Removing stm32f4xx_hal_uart.o(.text.HAL_UART_Abort), (482 bytes).
    Removing stm32f4xx_hal_uart.o(.ARM.exidx.text.HAL_UART_Abort), (8 bytes).
    Removing stm32f4xx_hal_uart.o(.text.HAL_UART_AbortTransmit), (208 bytes).
    Removing stm32f4xx_hal_uart.o(.ARM.exidx.text.HAL_UART_AbortTransmit), (8 bytes).
    Removing stm32f4xx_hal_uart.o(.text.HAL_UART_AbortReceive), (366 bytes).
    Removing stm32f4xx_hal_uart.o(.ARM.exidx.text.HAL_UART_AbortReceive), (8 bytes).
    Removing stm32f4xx_hal_uart.o(.text.HAL_UART_Abort_IT), (520 bytes).
    Removing stm32f4xx_hal_uart.o(.ARM.exidx.text.HAL_UART_Abort_IT), (8 bytes).
    Removing stm32f4xx_hal_uart.o(.text.UART_DMATxAbortCallback), (42 bytes).
    Removing stm32f4xx_hal_uart.o(.ARM.exidx.text.UART_DMATxAbortCallback), (8 bytes).
    Removing stm32f4xx_hal_uart.o(.text.UART_DMARxAbortCallback), (42 bytes).
    Removing stm32f4xx_hal_uart.o(.ARM.exidx.text.UART_DMARxAbortCallback), (8 bytes).
    Removing stm32f4xx_hal_uart.o(.text.HAL_UART_AbortCpltCallback), (2 bytes).
    Removing stm32f4xx_hal_uart.o(.ARM.exidx.text.HAL_UART_AbortCpltCallback), (8 bytes).
    Removing stm32f4xx_hal_uart.o(.text.HAL_UART_AbortTransmit_IT), (236 bytes).
    Removing stm32f4xx_hal_uart.o(.ARM.exidx.text.HAL_UART_AbortTransmit_IT), (8 bytes).
    Removing stm32f4xx_hal_uart.o(.text.UART_DMATxOnlyAbortCallback), (16 bytes).
    Removing stm32f4xx_hal_uart.o(.ARM.exidx.text.UART_DMATxOnlyAbortCallback), (8 bytes).
    Removing stm32f4xx_hal_uart.o(.text.HAL_UART_AbortTransmitCpltCallback), (2 bytes).
    Removing stm32f4xx_hal_uart.o(.ARM.exidx.text.HAL_UART_AbortTransmitCpltCallback), (8 bytes).
    Removing stm32f4xx_hal_uart.o(.text.HAL_UART_AbortReceive_IT), (394 bytes).
    Removing stm32f4xx_hal_uart.o(.ARM.exidx.text.HAL_UART_AbortReceive_IT), (8 bytes).
    Removing stm32f4xx_hal_uart.o(.text.UART_DMARxOnlyAbortCallback), (18 bytes).
    Removing stm32f4xx_hal_uart.o(.ARM.exidx.text.UART_DMARxOnlyAbortCallback), (8 bytes).
    Removing stm32f4xx_hal_uart.o(.text.HAL_UART_AbortReceiveCpltCallback), (2 bytes).
    Removing stm32f4xx_hal_uart.o(.ARM.exidx.text.HAL_UART_AbortReceiveCpltCallback), (8 bytes).
    Removing stm32f4xx_hal_uart.o(.text.HAL_UART_IRQHandler), (1406 bytes).
    Removing stm32f4xx_hal_uart.o(.ARM.exidx.text.HAL_UART_IRQHandler), (8 bytes).
    Removing stm32f4xx_hal_uart.o(.text.UART_Receive_IT), (258 bytes).
    Removing stm32f4xx_hal_uart.o(.ARM.exidx.text.UART_Receive_IT), (8 bytes).
    Removing stm32f4xx_hal_uart.o(.text.UART_DMAAbortOnError), (12 bytes).
    Removing stm32f4xx_hal_uart.o(.ARM.exidx.text.UART_DMAAbortOnError), (8 bytes).
    Removing stm32f4xx_hal_uart.o(.text.HAL_UART_ErrorCallback), (2 bytes).
    Removing stm32f4xx_hal_uart.o(.ARM.exidx.text.HAL_UART_ErrorCallback), (8 bytes).
    Removing stm32f4xx_hal_uart.o(.text.HAL_UARTEx_RxEventCallback), (2 bytes).
    Removing stm32f4xx_hal_uart.o(.ARM.exidx.text.HAL_UARTEx_RxEventCallback), (8 bytes).
    Removing stm32f4xx_hal_uart.o(.text.HAL_UART_TxCpltCallback), (2 bytes).
    Removing stm32f4xx_hal_uart.o(.ARM.exidx.text.HAL_UART_TxCpltCallback), (8 bytes).
    Removing stm32f4xx_hal_uart.o(.text.HAL_UART_TxHalfCpltCallback), (2 bytes).
    Removing stm32f4xx_hal_uart.o(.ARM.exidx.text.HAL_UART_TxHalfCpltCallback), (8 bytes).
    Removing stm32f4xx_hal_uart.o(.text.HAL_UART_RxCpltCallback), (2 bytes).
    Removing stm32f4xx_hal_uart.o(.ARM.exidx.text.HAL_UART_RxCpltCallback), (8 bytes).
    Removing stm32f4xx_hal_uart.o(.text.HAL_UART_RxHalfCpltCallback), (2 bytes).
    Removing stm32f4xx_hal_uart.o(.ARM.exidx.text.HAL_UART_RxHalfCpltCallback), (8 bytes).
    Removing stm32f4xx_hal_uart.o(.text.HAL_LIN_SendBreak), (114 bytes).
    Removing stm32f4xx_hal_uart.o(.ARM.exidx.text.HAL_LIN_SendBreak), (8 bytes).
    Removing stm32f4xx_hal_uart.o(.text.HAL_MultiProcessor_EnterMuteMode), (116 bytes).
    Removing stm32f4xx_hal_uart.o(.ARM.exidx.text.HAL_MultiProcessor_EnterMuteMode), (8 bytes).
    Removing stm32f4xx_hal_uart.o(.text.HAL_MultiProcessor_ExitMuteMode), (116 bytes).
    Removing stm32f4xx_hal_uart.o(.ARM.exidx.text.HAL_MultiProcessor_ExitMuteMode), (8 bytes).
    Removing stm32f4xx_hal_uart.o(.text.HAL_HalfDuplex_EnableTransmitter), (44 bytes).
    Removing stm32f4xx_hal_uart.o(.ARM.exidx.text.HAL_HalfDuplex_EnableTransmitter), (8 bytes).
    Removing stm32f4xx_hal_uart.o(.text.HAL_HalfDuplex_EnableReceiver), (46 bytes).
    Removing stm32f4xx_hal_uart.o(.ARM.exidx.text.HAL_HalfDuplex_EnableReceiver), (8 bytes).
    Removing stm32f4xx_hal_uart.o(.text.HAL_UART_GetState), (14 bytes).
    Removing stm32f4xx_hal_uart.o(.ARM.exidx.text.HAL_UART_GetState), (8 bytes).
    Removing stm32f4xx_hal_uart.o(.text.HAL_UART_GetError), (4 bytes).
    Removing stm32f4xx_hal_uart.o(.ARM.exidx.text.HAL_UART_GetError), (8 bytes).
    Removing stm32f4xx_hal_uart.o(.text.UART_DMAReceiveCplt), (350 bytes).
    Removing stm32f4xx_hal_uart.o(.ARM.exidx.text.UART_DMAReceiveCplt), (8 bytes).
    Removing stm32f4xx_hal_uart.o(.text.UART_DMARxHalfCplt), (24 bytes).
    Removing stm32f4xx_hal_uart.o(.ARM.exidx.text.UART_DMARxHalfCplt), (8 bytes).
    Removing system_stm32f4xx.o(.text), (0 bytes).
    Removing system_stm32f4xx.o(.ARM.exidx.text.SystemInit), (8 bytes).
    Removing system_stm32f4xx.o(.text.SystemCoreClockUpdate), (124 bytes).
    Removing system_stm32f4xx.o(.ARM.exidx.text.SystemCoreClockUpdate), (8 bytes).
    Removing drv_lcd.o(.text), (0 bytes).
    Removing drv_lcd.o(.text.LCD_WR_REG), (12 bytes).
    Removing drv_lcd.o(.ARM.exidx.text.LCD_WR_REG), (8 bytes).
    Removing drv_lcd.o(.text.LCD_WR_DATA16), (10 bytes).
    Removing drv_lcd.o(.ARM.exidx.text.LCD_WR_DATA16), (8 bytes).
    Removing drv_lcd.o(.text.LCD_WR_DATA8), (10 bytes).
    Removing drv_lcd.o(.ARM.exidx.text.LCD_WR_DATA8), (8 bytes).
    Removing drv_lcd.o(.text.LCD_RD_DATA8), (10 bytes).
    Removing drv_lcd.o(.ARM.exidx.text.LCD_RD_DATA8), (8 bytes).
    Removing drv_lcd.o(.text.LCD_WriteReg), (14 bytes).
    Removing drv_lcd.o(.ARM.exidx.text.LCD_WriteReg), (8 bytes).
    Removing drv_lcd.o(.text.LCD_ReadReg), (14 bytes).
    Removing drv_lcd.o(.ARM.exidx.text.LCD_ReadReg), (8 bytes).
    Removing drv_lcd.o(.text.LCD_WriteRAM_Prepare), (22 bytes).
    Removing drv_lcd.o(.ARM.exidx.text.LCD_WriteRAM_Prepare), (8 bytes).
    Removing drv_lcd.o(.text.LCD_WriteRAM), (10 bytes).
    Removing drv_lcd.o(.ARM.exidx.text.LCD_WriteRAM), (8 bytes).
    Removing drv_lcd.o(.text.LCD_BGR2RGB), (16 bytes).
    Removing drv_lcd.o(.ARM.exidx.text.LCD_BGR2RGB), (8 bytes).
    Removing drv_lcd.o(.text.LCD_SetCursor), (46 bytes).
    Removing drv_lcd.o(.ARM.exidx.text.LCD_SetCursor), (8 bytes).
    Removing drv_lcd.o(.text.LCD_ReadPoint), (110 bytes).
    Removing drv_lcd.o(.ARM.exidx.text.LCD_ReadPoint), (8 bytes).
    Removing drv_lcd.o(.text.LCD_DisplayOn), (14 bytes).
    Removing drv_lcd.o(.ARM.exidx.text.LCD_DisplayOn), (8 bytes).
    Removing drv_lcd.o(.text.LCD_DisplayOff), (14 bytes).
    Removing drv_lcd.o(.ARM.exidx.text.LCD_DisplayOff), (8 bytes).
    Removing drv_lcd.o(.text.LCD_PWM_BackLightInit), (2 bytes).
    Removing drv_lcd.o(.ARM.exidx.text.LCD_PWM_BackLightInit), (8 bytes).
    Removing drv_lcd.o(.text.LCD_BackLightSet), (2 bytes).
    Removing drv_lcd.o(.ARM.exidx.text.LCD_BackLightSet), (8 bytes).
    Removing drv_lcd.o(.text.LCD_Scan_Dir), (2 bytes).
    Removing drv_lcd.o(.ARM.exidx.text.LCD_Scan_Dir), (8 bytes).
    Removing drv_lcd.o(.text.LCD_Display_Dir), (34 bytes).
    Removing drv_lcd.o(.ARM.exidx.text.LCD_Display_Dir), (8 bytes).
    Removing drv_lcd.o(.ARM.exidx.text.lcd_set_color), (8 bytes).
    Removing drv_lcd.o(.text.lcd_address_set), (66 bytes).
    Removing drv_lcd.o(.ARM.exidx.text.lcd_address_set), (8 bytes).
    Removing drv_lcd.o(.ARM.exidx.text.lcd_clear), (8 bytes).
    Removing drv_lcd.o(.text.lcd_draw_point), (72 bytes).
    Removing drv_lcd.o(.ARM.exidx.text.lcd_draw_point), (8 bytes).
    Removing drv_lcd.o(.text.lcd_fill), (502 bytes).
    Removing drv_lcd.o(.ARM.exidx.text.lcd_fill), (8 bytes).
    Removing drv_lcd.o(.text.lcd_draw_line), (536 bytes).
    Removing drv_lcd.o(.ARM.exidx.text.lcd_draw_line), (8 bytes).
    Removing drv_lcd.o(.text.lcd_draw_rectangle), (60 bytes).
    Removing drv_lcd.o(.ARM.exidx.text.lcd_draw_rectangle), (8 bytes).
    Removing drv_lcd.o(.text.lcd_draw_circle), (696 bytes).
    Removing drv_lcd.o(.ARM.exidx.text.lcd_draw_circle), (8 bytes).
    Removing drv_lcd.o(.text.lcd_show_num), (260 bytes).
    Removing drv_lcd.o(.ARM.exidx.text.lcd_show_num), (8 bytes).
    Removing drv_lcd.o(.ARM.exidx.text.lcd_show_char), (8 bytes).
    Removing drv_lcd.o(.ARM.exidx.text.lcd_show_string), (8 bytes).
    Removing drv_lcd.o(.text.lcd_show_image), (208 bytes).
    Removing drv_lcd.o(.ARM.exidx.text.lcd_show_image), (8 bytes).
    Removing drv_lcd.o(.text.lcd_fill_array), (270 bytes).
    Removing drv_lcd.o(.ARM.exidx.text.lcd_fill_array), (8 bytes).
    Removing drv_lcd.o(.text.LCD_DrawLine), (216 bytes).
    Removing drv_lcd.o(.ARM.exidx.text.LCD_DrawLine), (8 bytes).
    Removing drv_lcd.o(.text.LCD_HLine), (156 bytes).
    Removing drv_lcd.o(.ARM.exidx.text.LCD_HLine), (8 bytes).
    Removing drv_lcd.o(.text.LCD_VLine), (152 bytes).
    Removing drv_lcd.o(.ARM.exidx.text.LCD_VLine), (8 bytes).
    Removing drv_lcd.o(.text.LCD_BlitLine), (176 bytes).
    Removing drv_lcd.o(.ARM.exidx.text.LCD_BlitLine), (8 bytes).
    Removing drv_lcd.o(.ARM.exidx.text.drv_lcd_init), (8 bytes).
    Removing dadd.o(.text), (334 bytes).
    Removing dmul.o(.text), (228 bytes).
    Removing ddiv.o(.text), (222 bytes).
    Removing dfixul.o(.text), (48 bytes).
    Removing cdrcmple.o(.text), (48 bytes).
    Removing depilogue.o(.text), (186 bytes).

893 unused section(s) (total 84345 bytes) removed from the image.

==============================================================================

Image Symbol Table

    Local Symbols

    Symbol Name                              Value     Ov Type        Size  Object(Section)

    ../clib/division.s                       0x00000000   Number         0  aeabi_sdiv.o ABSOLUTE
    ../clib/microlib/division.c              0x00000000   Number         0  uldiv.o ABSOLUTE
    ../clib/microlib/division.c              0x00000000   Number         0  uidiv.o ABSOLUTE
    ../clib/microlib/init/entry.s            0x00000000   Number         0  entry.o ABSOLUTE
    ../clib/microlib/init/entry.s            0x00000000   Number         0  entry2.o ABSOLUTE
    ../clib/microlib/init/entry.s            0x00000000   Number         0  entry5.o ABSOLUTE
    ../clib/microlib/init/entry.s            0x00000000   Number         0  entry7a.o ABSOLUTE
    ../clib/microlib/init/entry.s            0x00000000   Number         0  entry7b.o ABSOLUTE
    ../clib/microlib/init/entry.s            0x00000000   Number         0  entry8a.o ABSOLUTE
    ../clib/microlib/init/entry.s            0x00000000   Number         0  entry8b.o ABSOLUTE
    ../clib/microlib/init/entry.s            0x00000000   Number         0  entry9a.o ABSOLUTE
    ../clib/microlib/init/entry.s            0x00000000   Number         0  entry9b.o ABSOLUTE
    ../clib/microlib/init/entry.s            0x00000000   Number         0  entry10a.o ABSOLUTE
    ../clib/microlib/init/entry.s            0x00000000   Number         0  entry10b.o ABSOLUTE
    ../clib/microlib/init/entry.s            0x00000000   Number         0  entry11a.o ABSOLUTE
    ../clib/microlib/init/entry.s            0x00000000   Number         0  entry11b.o ABSOLUTE
    ../clib/microlib/longlong.c              0x00000000   Number         0  llshl.o ABSOLUTE
    ../clib/microlib/longlong.c              0x00000000   Number         0  llushr.o ABSOLUTE
    ../clib/microlib/longlong.c              0x00000000   Number         0  llsshr.o ABSOLUTE
    ../clib/microlib/malloc/malloc.c         0x00000000   Number         0  malloc.o ABSOLUTE
    ../clib/microlib/malloc/malloc.c         0x00000000   Number         0  mallocr.o ABSOLUTE
    ../clib/microlib/malloc/malloc.c         0x00000000   Number         0  malloca.o ABSOLUTE
    ../clib/microlib/malloc/malloc.c         0x00000000   Number         0  mallocra.o ABSOLUTE
    ../clib/microlib/malloc/mvars.c          0x00000000   Number         0  mvars.o ABSOLUTE
    ../clib/microlib/printf/printf.c         0x00000000   Number         0  printfb.o ABSOLUTE
    ../clib/microlib/printf/printf.c         0x00000000   Number         0  printf0.o ABSOLUTE
    ../clib/microlib/printf/printf.c         0x00000000   Number         0  printf1.o ABSOLUTE
    ../clib/microlib/printf/printf.c         0x00000000   Number         0  printf2.o ABSOLUTE
    ../clib/microlib/printf/printf.c         0x00000000   Number         0  printf3.o ABSOLUTE
    ../clib/microlib/printf/printf.c         0x00000000   Number         0  printf4.o ABSOLUTE
    ../clib/microlib/printf/printf.c         0x00000000   Number         0  printf5.o ABSOLUTE
    ../clib/microlib/printf/printf.c         0x00000000   Number         0  printf6.o ABSOLUTE
    ../clib/microlib/printf/printf.c         0x00000000   Number         0  printf7.o ABSOLUTE
    ../clib/microlib/printf/printf.c         0x00000000   Number         0  printf8.o ABSOLUTE
    ../clib/microlib/printf/printf.c         0x00000000   Number         0  printfa.o ABSOLUTE
    ../clib/microlib/printf/stubs.s          0x00000000   Number         0  printfstubs.o ABSOLUTE
    ../clib/microlib/stdio/streams.c         0x00000000   Number         0  stdout.o ABSOLUTE
    ../clib/microlib/string/memcpy.c         0x00000000   Number         0  memcpya.o ABSOLUTE
    ../clib/microlib/string/memcpy.c         0x00000000   Number         0  memcpyb.o ABSOLUTE
    ../clib/microlib/string/memset.c         0x00000000   Number         0  memseta.o ABSOLUTE
    ../clib/microlib/stubs.s                 0x00000000   Number         0  iusefp.o ABSOLUTE
    ../fplib/microlib/fpadd.c                0x00000000   Number         0  dadd.o ABSOLUTE
    ../fplib/microlib/fpdiv.c                0x00000000   Number         0  ddiv.o ABSOLUTE
    ../fplib/microlib/fpepilogue.c           0x00000000   Number         0  depilogue.o ABSOLUTE
    ../fplib/microlib/fpfix.c                0x00000000   Number         0  dfixul.o ABSOLUTE
    ../fplib/microlib/fpmul.c                0x00000000   Number         0  dmul.o ABSOLUTE
    cdrcmple.s                               0x00000000   Number         0  cdrcmple.o ABSOLUTE
    dc.s                                     0x00000000   Number         0  dc.o ABSOLUTE
    drv_lcd.c                                0x00000000   Number         0  drv_lcd.o ABSOLUTE
    fsmc.c                                   0x00000000   Number         0  fsmc.o ABSOLUTE
    gpio.c                                   0x00000000   Number         0  gpio.o ABSOLUTE
    handlers.s                               0x00000000   Number         0  handlers.o ABSOLUTE
    init.s                                   0x00000000   Number         0  init.o ABSOLUTE
    main.c                                   0x00000000   Number         0  main.o ABSOLUTE
    startup_stm32f407xx.s                    0x00000000   Number         0  startup_stm32f407xx.o ABSOLUTE
    stm32f4xx_hal.c                          0x00000000   Number         0  stm32f4xx_hal.o ABSOLUTE
    stm32f4xx_hal_cortex.c                   0x00000000   Number         0  stm32f4xx_hal_cortex.o ABSOLUTE
    stm32f4xx_hal_dma.c                      0x00000000   Number         0  stm32f4xx_hal_dma.o ABSOLUTE
    stm32f4xx_hal_dma_ex.c                   0x00000000   Number         0  stm32f4xx_hal_dma_ex.o ABSOLUTE
    stm32f4xx_hal_exti.c                     0x00000000   Number         0  stm32f4xx_hal_exti.o ABSOLUTE
    stm32f4xx_hal_flash.c                    0x00000000   Number         0  stm32f4xx_hal_flash.o ABSOLUTE
    stm32f4xx_hal_flash_ex.c                 0x00000000   Number         0  stm32f4xx_hal_flash_ex.o ABSOLUTE
    stm32f4xx_hal_flash_ramfunc.c            0x00000000   Number         0  stm32f4xx_hal_flash_ramfunc.o ABSOLUTE
    stm32f4xx_hal_gpio.c                     0x00000000   Number         0  stm32f4xx_hal_gpio.o ABSOLUTE
    stm32f4xx_hal_msp.c                      0x00000000   Number         0  stm32f4xx_hal_msp.o ABSOLUTE
    stm32f4xx_hal_nand.c                     0x00000000   Number         0  stm32f4xx_hal_nand.o ABSOLUTE
    stm32f4xx_hal_nor.c                      0x00000000   Number         0  stm32f4xx_hal_nor.o ABSOLUTE
    stm32f4xx_hal_pccard.c                   0x00000000   Number         0  stm32f4xx_hal_pccard.o ABSOLUTE
    stm32f4xx_hal_pwr.c                      0x00000000   Number         0  stm32f4xx_hal_pwr.o ABSOLUTE
    stm32f4xx_hal_pwr_ex.c                   0x00000000   Number         0  stm32f4xx_hal_pwr_ex.o ABSOLUTE
    stm32f4xx_hal_rcc.c                      0x00000000   Number         0  stm32f4xx_hal_rcc.o ABSOLUTE
    stm32f4xx_hal_rcc_ex.c                   0x00000000   Number         0  stm32f4xx_hal_rcc_ex.o ABSOLUTE
    stm32f4xx_hal_sram.c                     0x00000000   Number         0  stm32f4xx_hal_sram.o ABSOLUTE
    stm32f4xx_hal_tim.c                      0x00000000   Number         0  stm32f4xx_hal_tim.o ABSOLUTE
    stm32f4xx_hal_tim_ex.c                   0x00000000   Number         0  stm32f4xx_hal_tim_ex.o ABSOLUTE
    stm32f4xx_hal_uart.c                     0x00000000   Number         0  stm32f4xx_hal_uart.o ABSOLUTE
    stm32f4xx_it.c                           0x00000000   Number         0  stm32f4xx_it.o ABSOLUTE
    stm32f4xx_ll_fsmc.c                      0x00000000   Number         0  stm32f4xx_ll_fsmc.o ABSOLUTE
    system_stm32f4xx.c                       0x00000000   Number         0  system_stm32f4xx.o ABSOLUTE
    tim.c                                    0x00000000   Number         0  tim.o ABSOLUTE
    usart.c                                  0x00000000   Number         0  usart.o ABSOLUTE
    RESET                                    0x08000000   Section      392  startup_stm32f407xx.o(RESET)
    .ARM.Collect$$$$00000000                 0x08000188   Section        0  entry.o(.ARM.Collect$$$$00000000)
    .ARM.Collect$$$$00000001                 0x08000188   Section        4  entry2.o(.ARM.Collect$$$$00000001)
    .ARM.Collect$$$$00000004                 0x0800018c   Section        4  entry5.o(.ARM.Collect$$$$00000004)
    .ARM.Collect$$$$00000008                 0x08000190   Section        0  entry7b.o(.ARM.Collect$$$$00000008)
    .ARM.Collect$$$$0000000A                 0x08000190   Section        0  entry8b.o(.ARM.Collect$$$$0000000A)
    .ARM.Collect$$$$0000000B                 0x08000190   Section        8  entry9a.o(.ARM.Collect$$$$0000000B)
    __lit__00000000                          0x08000198   Data           4  entry2.o(.ARM.Collect$$$$00002712)
    .ARM.Collect$$$$0000000D                 0x08000198   Section        0  entry10a.o(.ARM.Collect$$$$0000000D)
    .ARM.Collect$$$$0000000F                 0x08000198   Section        0  entry11a.o(.ARM.Collect$$$$0000000F)
    .ARM.Collect$$$$00002712                 0x08000198   Section        4  entry2.o(.ARM.Collect$$$$00002712)
    $v0                                      0x0800019c   Number         0  startup_stm32f407xx.o(.text)
    .text                                    0x0800019c   Section       36  startup_stm32f407xx.o(.text)
    .text                                    0x080001c0   Section        0  uldiv.o(.text)
    .text                                    0x08000222   Section        0  llshl.o(.text)
    .text                                    0x08000240   Section        0  llushr.o(.text)
    .text                                    0x08000260   Section       36  init.o(.text)
    [Anonymous Symbol]                       0x08000284   Section        0  stm32f4xx_it.o(.text.BusFault_Handler)
    [Anonymous Symbol]                       0x08000288   Section        0  stm32f4xx_it.o(.text.DebugMon_Handler)
    [Anonymous Symbol]                       0x0800028c   Section        0  main.o(.text.Error_Handler)
    [Anonymous Symbol]                       0x08000294   Section        0  stm32f4xx_ll_fsmc.o(.text.FSMC_NORSRAM_Extended_Timing_Init)
    [Anonymous Symbol]                       0x080002e0   Section        0  stm32f4xx_ll_fsmc.o(.text.FSMC_NORSRAM_Init)
    [Anonymous Symbol]                       0x08000368   Section        0  stm32f4xx_ll_fsmc.o(.text.FSMC_NORSRAM_Timing_Init)
    [Anonymous Symbol]                       0x080003ac   Section        0  stm32f4xx_hal.o(.text.HAL_Delay)
    [Anonymous Symbol]                       0x080003d4   Section        0  stm32f4xx_hal_gpio.o(.text.HAL_GPIO_Init)
    [Anonymous Symbol]                       0x08000590   Section        0  stm32f4xx_hal_gpio.o(.text.HAL_GPIO_ReadPin)
    [Anonymous Symbol]                       0x0800059c   Section        0  stm32f4xx_hal_gpio.o(.text.HAL_GPIO_WritePin)
    [Anonymous Symbol]                       0x080005a8   Section        0  stm32f4xx_hal.o(.text.HAL_GetTick)
    [Anonymous Symbol]                       0x080005b4   Section        0  stm32f4xx_hal.o(.text.HAL_IncTick)
    [Anonymous Symbol]                       0x080005d0   Section        0  stm32f4xx_hal.o(.text.HAL_Init)
    [Anonymous Symbol]                       0x08000608   Section        0  stm32f4xx_hal.o(.text.HAL_InitTick)
    [Anonymous Symbol]                       0x08000650   Section        0  stm32f4xx_hal_msp.o(.text.HAL_MspInit)
    [Anonymous Symbol]                       0x08000688   Section        0  stm32f4xx_hal_cortex.o(.text.HAL_NVIC_EnableIRQ)
    [Anonymous Symbol]                       0x080006a8   Section        0  stm32f4xx_hal_cortex.o(.text.HAL_NVIC_SetPriority)
    [Anonymous Symbol]                       0x08000700   Section        0  stm32f4xx_hal_cortex.o(.text.HAL_NVIC_SetPriorityGrouping)
    [Anonymous Symbol]                       0x08000720   Section        0  stm32f4xx_hal_rcc.o(.text.HAL_RCC_ClockConfig)
    [Anonymous Symbol]                       0x08000880   Section        0  stm32f4xx_hal_rcc.o(.text.HAL_RCC_GetPCLK1Freq)
    [Anonymous Symbol]                       0x080008a8   Section        0  stm32f4xx_hal_rcc.o(.text.HAL_RCC_GetPCLK2Freq)
    [Anonymous Symbol]                       0x080008d0   Section        0  stm32f4xx_hal_rcc.o(.text.HAL_RCC_GetSysClockFreq)
    [Anonymous Symbol]                       0x0800093c   Section        0  stm32f4xx_hal_rcc.o(.text.HAL_RCC_OscConfig)
    [Anonymous Symbol]                       0x08000cb4   Section        0  stm32f4xx_hal_sram.o(.text.HAL_SRAM_Init)
    [Anonymous Symbol]                       0x08000d10   Section        0  fsmc.o(.text.HAL_SRAM_MspInit)
    [Anonymous Symbol]                       0x08000da4   Section        0  stm32f4xx_hal_cortex.o(.text.HAL_SYSTICK_Config)
    [Anonymous Symbol]                       0x08000dd0   Section        0  stm32f4xx_hal_tim_ex.o(.text.HAL_TIMEx_BreakCallback)
    [Anonymous Symbol]                       0x08000dd4   Section        0  stm32f4xx_hal_tim_ex.o(.text.HAL_TIMEx_CommutCallback)
    [Anonymous Symbol]                       0x08000dd8   Section        0  stm32f4xx_hal_tim_ex.o(.text.HAL_TIMEx_MasterConfigSynchronization)
    [Anonymous Symbol]                       0x08000e90   Section        0  stm32f4xx_hal_tim.o(.text.HAL_TIM_Base_Init)
    [Anonymous Symbol]                       0x08000eec   Section        0  tim.o(.text.HAL_TIM_Base_MspInit)
    [Anonymous Symbol]                       0x08000fa4   Section        0  stm32f4xx_hal_tim.o(.text.HAL_TIM_Base_Start_IT)
    [Anonymous Symbol]                       0x08001050   Section        0  stm32f4xx_hal_tim.o(.text.HAL_TIM_IC_CaptureCallback)
    [Anonymous Symbol]                       0x08001054   Section        0  stm32f4xx_hal_tim.o(.text.HAL_TIM_IRQHandler)
    [Anonymous Symbol]                       0x08001190   Section        0  stm32f4xx_hal_tim.o(.text.HAL_TIM_OC_DelayElapsedCallback)
    [Anonymous Symbol]                       0x08001194   Section        0  stm32f4xx_hal_tim.o(.text.HAL_TIM_PWM_ConfigChannel)
    [Anonymous Symbol]                       0x080013b8   Section        0  stm32f4xx_hal_tim.o(.text.HAL_TIM_PWM_Init)
    [Anonymous Symbol]                       0x08001414   Section        0  stm32f4xx_hal_tim.o(.text.HAL_TIM_PWM_MspInit)
    [Anonymous Symbol]                       0x08001418   Section        0  stm32f4xx_hal_tim.o(.text.HAL_TIM_PWM_PulseFinishedCallback)
    [Anonymous Symbol]                       0x0800141c   Section        0  stm32f4xx_hal_tim.o(.text.HAL_TIM_PWM_Start)
    [Anonymous Symbol]                       0x08001530   Section        0  main.o(.text.HAL_TIM_PeriodElapsedCallback)
    [Anonymous Symbol]                       0x08001590   Section        0  stm32f4xx_hal_tim.o(.text.HAL_TIM_TriggerCallback)
    [Anonymous Symbol]                       0x08001594   Section        0  stm32f4xx_hal_uart.o(.text.HAL_UART_Init)
    [Anonymous Symbol]                       0x080015f4   Section        0  usart.o(.text.HAL_UART_MspInit)
    [Anonymous Symbol]                       0x08001660   Section        0  stm32f4xx_hal_uart.o(.text.HAL_UART_Receive_IT)
    [Anonymous Symbol]                       0x080016b4   Section        0  stm32f4xx_hal_uart.o(.text.HAL_UART_Transmit)
    [Anonymous Symbol]                       0x08001838   Section        0  stm32f4xx_it.o(.text.HardFault_Handler)
    [Anonymous Symbol]                       0x0800183c   Section        0  fsmc.o(.text.MX_FSMC_Init)
    [Anonymous Symbol]                       0x080018c4   Section        0  gpio.o(.text.MX_GPIO_Init)
    [Anonymous Symbol]                       0x080019a0   Section        0  tim.o(.text.MX_TIM14_Init)
    [Anonymous Symbol]                       0x08001a64   Section        0  tim.o(.text.MX_TIM6_Init)
    [Anonymous Symbol]                       0x08001ab8   Section        0  tim.o(.text.MX_TIM7_Init)
    [Anonymous Symbol]                       0x08001b08   Section        0  usart.o(.text.MX_USART1_UART_Init)
    [Anonymous Symbol]                       0x08001b44   Section        0  stm32f4xx_it.o(.text.MemManage_Handler)
    [Anonymous Symbol]                       0x08001b48   Section        0  stm32f4xx_it.o(.text.NMI_Handler)
    [Anonymous Symbol]                       0x08001b4c   Section        0  stm32f4xx_it.o(.text.PendSV_Handler)
    [Anonymous Symbol]                       0x08001b50   Section        0  main.o(.text.Process_Key_Debounce)
    [Anonymous Symbol]                       0x08001bf8   Section        0  stm32f4xx_it.o(.text.SVC_Handler)
    [Anonymous Symbol]                       0x08001bfc   Section        0  stm32f4xx_it.o(.text.SysTick_Handler)
    [Anonymous Symbol]                       0x08001c00   Section        0  main.o(.text.SystemClock_Config)
    [Anonymous Symbol]                       0x08001ca8   Section        0  system_stm32f4xx.o(.text.SystemInit)
    [Anonymous Symbol]                       0x08001cbc   Section        0  stm32f4xx_it.o(.text.TIM6_DAC_IRQHandler)
    [Anonymous Symbol]                       0x08001cc8   Section        0  stm32f4xx_it.o(.text.TIM7_IRQHandler)
    [Anonymous Symbol]                       0x08001cd4   Section        0  stm32f4xx_hal_tim.o(.text.TIM_Base_SetConfig)
    UART_SetConfig                           0x08001e21   Thumb Code   226  stm32f4xx_hal_uart.o(.text.UART_SetConfig)
    [Anonymous Symbol]                       0x08001e20   Section        0  stm32f4xx_hal_uart.o(.text.UART_SetConfig)
    [Anonymous Symbol]                       0x08001f04   Section        0  stm32f4xx_it.o(.text.UsageFault_Handler)
    [Anonymous Symbol]                       0x08001f08   Section        0  drv_lcd.o(.text.drv_lcd_init)
    [Anonymous Symbol]                       0x080021c4   Section        0  main.o(.text.fputc)
    [Anonymous Symbol]                       0x080021e4   Section        0  drv_lcd.o(.text.lcd_clear)
    [Anonymous Symbol]                       0x08002270   Section        0  drv_lcd.o(.text.lcd_set_color)
    lcd_show_char                            0x08002289   Thumb Code  2724  drv_lcd.o(.text.lcd_show_char)
    [Anonymous Symbol]                       0x08002288   Section        0  drv_lcd.o(.text.lcd_show_char)
    [Anonymous Symbol]                       0x08002d2c   Section        0  drv_lcd.o(.text.lcd_show_string)
    [Anonymous Symbol]                       0x08002e60   Section        0  main.o(.text.main)
    i.__0printf$8                            0x08002f90   Section        0  printf8.o(i.__0printf$8)
    i.__0sprintf$8                           0x08002fb0   Section        0  printf8.o(i.__0sprintf$8)
    i.__scatterload_copy                     0x08002fd8   Section       14  handlers.o(i.__scatterload_copy)
    i.__scatterload_null                     0x08002fe6   Section        2  handlers.o(i.__scatterload_null)
    i.__scatterload_zeroinit                 0x08002fe8   Section       14  handlers.o(i.__scatterload_zeroinit)
    _printf_core                             0x08002ff9   Thumb Code   996  printf8.o(i._printf_core)
    i._printf_core                           0x08002ff8   Section        0  printf8.o(i._printf_core)
    _printf_post_padding                     0x08003409   Thumb Code    36  printf8.o(i._printf_post_padding)
    i._printf_post_padding                   0x08003408   Section        0  printf8.o(i._printf_post_padding)
    _printf_pre_padding                      0x0800342d   Thumb Code    46  printf8.o(i._printf_pre_padding)
    i._printf_pre_padding                    0x0800342c   Section        0  printf8.o(i._printf_pre_padding)
    _sputc                                   0x0800345b   Thumb Code    10  printf8.o(i._sputc)
    i._sputc                                 0x0800345a   Section        0  printf8.o(i._sputc)
    i.free                                   0x08003464   Section        0  malloc.o(i.free)
    i.malloc                                 0x080034b4   Section        0  malloc.o(i.malloc)
    .L.str                                   0x08006438   Data          15  main.o(.rodata.str1.1)
    [Anonymous Symbol]                       0x08006438   Section        0  main.o(.rodata.str1.1)
    .L.str.3                                 0x08006447   Data          74  drv_lcd.o(.rodata.str1.1)
    [Anonymous Symbol]                       0x08006447   Section        0  drv_lcd.o(.rodata.str1.1)
    .data                                    0x20000000   Section        4  stdout.o(.data)
    .data                                    0x20000004   Section        4  mvars.o(.data)
    .data                                    0x20000008   Section        4  mvars.o(.data)
    .L_MergedGlobals                         0x2000000c   Data           2  main.o(.data..L_MergedGlobals)
    [Anonymous Symbol]                       0x2000000c   Section        0  main.o(.data..L_MergedGlobals)
    .L_MergedGlobals                         0x20000010   Data           8  stm32f4xx_hal.o(.data..L_MergedGlobals)
    [Anonymous Symbol]                       0x20000010   Section        0  stm32f4xx_hal.o(.data..L_MergedGlobals)
    .L_MergedGlobals                         0x20000020   Data          16  drv_lcd.o(.bss..L_MergedGlobals)
    [Anonymous Symbol]                       0x20000020   Section        0  drv_lcd.o(.bss..L_MergedGlobals)
    .L_MergedGlobals.1                       0x20000030   Data          11  main.o(.bss..L_MergedGlobals.1)
    [Anonymous Symbol]                       0x20000030   Section        0  main.o(.bss..L_MergedGlobals.1)
    FSMC_Initialized                         0x2000003c   Data           1  fsmc.o(.bss.FSMC_Initialized)
    [Anonymous Symbol]                       0x2000003c   Section        0  fsmc.o(.bss.FSMC_Initialized)
    HEAP                                     0x200001b8   Section      512  startup_stm32f407xx.o(HEAP)
    STACK                                    0x200003b8   Section     1024  startup_stm32f407xx.o(STACK)

    Global Symbols

    Symbol Name                              Value     Ov Type        Size  Object(Section)

    BuildAttributes$$THM_ISAv4$E$P$D$K$B$S$7EM$VFPi3$EXTD16$VFPS$VFMA$PE$A:L22UL41UL21$X:L11$S22US41US21$IEEE1$IW$~IW$USESV6$~STKCKD$USESV7$~SHL$OTIME$ROPI$EBA8$MICROLIB$REQ8$PRES8$EABIv2 0x00000000   Number         0  anon$$obj.o ABSOLUTE
    _printf_a                                0x00000000   Number         0  printfstubs.o ABSOLUTE
    _printf_c                                0x00000000   Number         0  printfstubs.o ABSOLUTE
    _printf_charcount                        0x00000000   Number         0  printfstubs.o ABSOLUTE
    _printf_d                                0x00000000   Number         0  printfstubs.o ABSOLUTE
    _printf_e                                0x00000000   Number         0  printfstubs.o ABSOLUTE
    _printf_f                                0x00000000   Number         0  printfstubs.o ABSOLUTE
    _printf_flags                            0x00000000   Number         0  printfstubs.o ABSOLUTE
    _printf_fp_dec                           0x00000000   Number         0  printfstubs.o ABSOLUTE
    _printf_fp_hex                           0x00000000   Number         0  printfstubs.o ABSOLUTE
    _printf_g                                0x00000000   Number         0  printfstubs.o ABSOLUTE
    _printf_i                                0x00000000   Number         0  printfstubs.o ABSOLUTE
    _printf_int_dec                          0x00000000   Number         0  printfstubs.o ABSOLUTE
    _printf_l                                0x00000000   Number         0  printfstubs.o ABSOLUTE
    _printf_lc                               0x00000000   Number         0  printfstubs.o ABSOLUTE
    _printf_ll                               0x00000000   Number         0  printfstubs.o ABSOLUTE
    _printf_lld                              0x00000000   Number         0  printfstubs.o ABSOLUTE
    _printf_lli                              0x00000000   Number         0  printfstubs.o ABSOLUTE
    _printf_llo                              0x00000000   Number         0  printfstubs.o ABSOLUTE
    _printf_llu                              0x00000000   Number         0  printfstubs.o ABSOLUTE
    _printf_llx                              0x00000000   Number         0  printfstubs.o ABSOLUTE
    _printf_longlong_dec                     0x00000000   Number         0  printfstubs.o ABSOLUTE
    _printf_longlong_hex                     0x00000000   Number         0  printfstubs.o ABSOLUTE
    _printf_longlong_oct                     0x00000000   Number         0  printfstubs.o ABSOLUTE
    _printf_ls                               0x00000000   Number         0  printfstubs.o ABSOLUTE
    _printf_mbtowc                           0x00000000   Number         0  printfstubs.o ABSOLUTE
    _printf_n                                0x00000000   Number         0  printfstubs.o ABSOLUTE
    _printf_o                                0x00000000   Number         0  printfstubs.o ABSOLUTE
    _printf_p                                0x00000000   Number         0  printfstubs.o ABSOLUTE
    _printf_percent                          0x00000000   Number         0  printfstubs.o ABSOLUTE
    _printf_pre_padding                      0x00000000   Number         0  printfstubs.o ABSOLUTE
    _printf_return_value                     0x00000000   Number         0  printfstubs.o ABSOLUTE
    _printf_s                                0x00000000   Number         0  printfstubs.o ABSOLUTE
    _printf_sizespec                         0x00000000   Number         0  printfstubs.o ABSOLUTE
    _printf_str                              0x00000000   Number         0  printfstubs.o ABSOLUTE
    _printf_truncate_signed                  0x00000000   Number         0  printfstubs.o ABSOLUTE
    _printf_truncate_unsigned                0x00000000   Number         0  printfstubs.o ABSOLUTE
    _printf_u                                0x00000000   Number         0  printfstubs.o ABSOLUTE
    _printf_wc                               0x00000000   Number         0  printfstubs.o ABSOLUTE
    _printf_wctomb                           0x00000000   Number         0  printfstubs.o ABSOLUTE
    _printf_widthprec                        0x00000000   Number         0  printfstubs.o ABSOLUTE
    _printf_x                                0x00000000   Number         0  printfstubs.o ABSOLUTE
    __cpp_initialize__aeabi_                  - Undefined Weak Reference
    __cxa_finalize                            - Undefined Weak Reference
    __decompress                              - Undefined Weak Reference
    _clock_init                               - Undefined Weak Reference
    _microlib_exit                            - Undefined Weak Reference
    __Vectors_Size                           0x00000188   Number         0  startup_stm32f407xx.o ABSOLUTE
    __Vectors                                0x08000000   Data           4  startup_stm32f407xx.o(RESET)
    __Vectors_End                            0x08000188   Data           0  startup_stm32f407xx.o(RESET)
    __main                                   0x08000189   Thumb Code     0  entry.o(.ARM.Collect$$$$00000000)
    _main_stk                                0x08000189   Thumb Code     0  entry2.o(.ARM.Collect$$$$00000001)
    _main_scatterload                        0x0800018d   Thumb Code     0  entry5.o(.ARM.Collect$$$$00000004)
    __main_after_scatterload                 0x08000191   Thumb Code     0  entry5.o(.ARM.Collect$$$$00000004)
    _main_clock                              0x08000191   Thumb Code     0  entry7b.o(.ARM.Collect$$$$00000008)
    _main_cpp_init                           0x08000191   Thumb Code     0  entry8b.o(.ARM.Collect$$$$0000000A)
    _main_init                               0x08000191   Thumb Code     0  entry9a.o(.ARM.Collect$$$$0000000B)
    __rt_final_cpp                           0x08000199   Thumb Code     0  entry10a.o(.ARM.Collect$$$$0000000D)
    __rt_final_exit                          0x08000199   Thumb Code     0  entry11a.o(.ARM.Collect$$$$0000000F)
    Reset_Handler                            0x0800019d   Thumb Code     8  startup_stm32f407xx.o(.text)
    ADC_IRQHandler                           0x080001b7   Thumb Code     0  startup_stm32f407xx.o(.text)
    CAN1_RX0_IRQHandler                      0x080001b7   Thumb Code     0  startup_stm32f407xx.o(.text)
    CAN1_RX1_IRQHandler                      0x080001b7   Thumb Code     0  startup_stm32f407xx.o(.text)
    CAN1_SCE_IRQHandler                      0x080001b7   Thumb Code     0  startup_stm32f407xx.o(.text)
    CAN1_TX_IRQHandler                       0x080001b7   Thumb Code     0  startup_stm32f407xx.o(.text)
    CAN2_RX0_IRQHandler                      0x080001b7   Thumb Code     0  startup_stm32f407xx.o(.text)
    CAN2_RX1_IRQHandler                      0x080001b7   Thumb Code     0  startup_stm32f407xx.o(.text)
    CAN2_SCE_IRQHandler                      0x080001b7   Thumb Code     0  startup_stm32f407xx.o(.text)
    CAN2_TX_IRQHandler                       0x080001b7   Thumb Code     0  startup_stm32f407xx.o(.text)
    DCMI_IRQHandler                          0x080001b7   Thumb Code     0  startup_stm32f407xx.o(.text)
    DMA1_Stream0_IRQHandler                  0x080001b7   Thumb Code     0  startup_stm32f407xx.o(.text)
    DMA1_Stream1_IRQHandler                  0x080001b7   Thumb Code     0  startup_stm32f407xx.o(.text)
    DMA1_Stream2_IRQHandler                  0x080001b7   Thumb Code     0  startup_stm32f407xx.o(.text)
    DMA1_Stream3_IRQHandler                  0x080001b7   Thumb Code     0  startup_stm32f407xx.o(.text)
    DMA1_Stream4_IRQHandler                  0x080001b7   Thumb Code     0  startup_stm32f407xx.o(.text)
    DMA1_Stream5_IRQHandler                  0x080001b7   Thumb Code     0  startup_stm32f407xx.o(.text)
    DMA1_Stream6_IRQHandler                  0x080001b7   Thumb Code     0  startup_stm32f407xx.o(.text)
    DMA1_Stream7_IRQHandler                  0x080001b7   Thumb Code     0  startup_stm32f407xx.o(.text)
    DMA2_Stream0_IRQHandler                  0x080001b7   Thumb Code     0  startup_stm32f407xx.o(.text)
    DMA2_Stream1_IRQHandler                  0x080001b7   Thumb Code     0  startup_stm32f407xx.o(.text)
    DMA2_Stream2_IRQHandler                  0x080001b7   Thumb Code     0  startup_stm32f407xx.o(.text)
    DMA2_Stream3_IRQHandler                  0x080001b7   Thumb Code     0  startup_stm32f407xx.o(.text)
    DMA2_Stream4_IRQHandler                  0x080001b7   Thumb Code     0  startup_stm32f407xx.o(.text)
    DMA2_Stream5_IRQHandler                  0x080001b7   Thumb Code     0  startup_stm32f407xx.o(.text)
    DMA2_Stream6_IRQHandler                  0x080001b7   Thumb Code     0  startup_stm32f407xx.o(.text)
    DMA2_Stream7_IRQHandler                  0x080001b7   Thumb Code     0  startup_stm32f407xx.o(.text)
    ETH_IRQHandler                           0x080001b7   Thumb Code     0  startup_stm32f407xx.o(.text)
    ETH_WKUP_IRQHandler                      0x080001b7   Thumb Code     0  startup_stm32f407xx.o(.text)
    EXTI0_IRQHandler                         0x080001b7   Thumb Code     0  startup_stm32f407xx.o(.text)
    EXTI15_10_IRQHandler                     0x080001b7   Thumb Code     0  startup_stm32f407xx.o(.text)
    EXTI1_IRQHandler                         0x080001b7   Thumb Code     0  startup_stm32f407xx.o(.text)
    EXTI2_IRQHandler                         0x080001b7   Thumb Code     0  startup_stm32f407xx.o(.text)
    EXTI3_IRQHandler                         0x080001b7   Thumb Code     0  startup_stm32f407xx.o(.text)
    EXTI4_IRQHandler                         0x080001b7   Thumb Code     0  startup_stm32f407xx.o(.text)
    EXTI9_5_IRQHandler                       0x080001b7   Thumb Code     0  startup_stm32f407xx.o(.text)
    FLASH_IRQHandler                         0x080001b7   Thumb Code     0  startup_stm32f407xx.o(.text)
    FMC_IRQHandler                           0x080001b7   Thumb Code     0  startup_stm32f407xx.o(.text)
    FPU_IRQHandler                           0x080001b7   Thumb Code     0  startup_stm32f407xx.o(.text)
    HASH_RNG_IRQHandler                      0x080001b7   Thumb Code     0  startup_stm32f407xx.o(.text)
    I2C1_ER_IRQHandler                       0x080001b7   Thumb Code     0  startup_stm32f407xx.o(.text)
    I2C1_EV_IRQHandler                       0x080001b7   Thumb Code     0  startup_stm32f407xx.o(.text)
    I2C2_ER_IRQHandler                       0x080001b7   Thumb Code     0  startup_stm32f407xx.o(.text)
    I2C2_EV_IRQHandler                       0x080001b7   Thumb Code     0  startup_stm32f407xx.o(.text)
    I2C3_ER_IRQHandler                       0x080001b7   Thumb Code     0  startup_stm32f407xx.o(.text)
    I2C3_EV_IRQHandler                       0x080001b7   Thumb Code     0  startup_stm32f407xx.o(.text)
    OTG_FS_IRQHandler                        0x080001b7   Thumb Code     0  startup_stm32f407xx.o(.text)
    OTG_FS_WKUP_IRQHandler                   0x080001b7   Thumb Code     0  startup_stm32f407xx.o(.text)
    OTG_HS_EP1_IN_IRQHandler                 0x080001b7   Thumb Code     0  startup_stm32f407xx.o(.text)
    OTG_HS_EP1_OUT_IRQHandler                0x080001b7   Thumb Code     0  startup_stm32f407xx.o(.text)
    OTG_HS_IRQHandler                        0x080001b7   Thumb Code     0  startup_stm32f407xx.o(.text)
    OTG_HS_WKUP_IRQHandler                   0x080001b7   Thumb Code     0  startup_stm32f407xx.o(.text)
    PVD_IRQHandler                           0x080001b7   Thumb Code     0  startup_stm32f407xx.o(.text)
    RCC_IRQHandler                           0x080001b7   Thumb Code     0  startup_stm32f407xx.o(.text)
    RTC_Alarm_IRQHandler                     0x080001b7   Thumb Code     0  startup_stm32f407xx.o(.text)
    RTC_WKUP_IRQHandler                      0x080001b7   Thumb Code     0  startup_stm32f407xx.o(.text)
    SDIO_IRQHandler                          0x080001b7   Thumb Code     0  startup_stm32f407xx.o(.text)
    SPI1_IRQHandler                          0x080001b7   Thumb Code     0  startup_stm32f407xx.o(.text)
    SPI2_IRQHandler                          0x080001b7   Thumb Code     0  startup_stm32f407xx.o(.text)
    SPI3_IRQHandler                          0x080001b7   Thumb Code     0  startup_stm32f407xx.o(.text)
    TAMP_STAMP_IRQHandler                    0x080001b7   Thumb Code     0  startup_stm32f407xx.o(.text)
    TIM1_BRK_TIM9_IRQHandler                 0x080001b7   Thumb Code     0  startup_stm32f407xx.o(.text)
    TIM1_CC_IRQHandler                       0x080001b7   Thumb Code     0  startup_stm32f407xx.o(.text)
    TIM1_TRG_COM_TIM11_IRQHandler            0x080001b7   Thumb Code     0  startup_stm32f407xx.o(.text)
    TIM1_UP_TIM10_IRQHandler                 0x080001b7   Thumb Code     0  startup_stm32f407xx.o(.text)
    TIM2_IRQHandler                          0x080001b7   Thumb Code     0  startup_stm32f407xx.o(.text)
    TIM3_IRQHandler                          0x080001b7   Thumb Code     0  startup_stm32f407xx.o(.text)
    TIM4_IRQHandler                          0x080001b7   Thumb Code     0  startup_stm32f407xx.o(.text)
    TIM5_IRQHandler                          0x080001b7   Thumb Code     0  startup_stm32f407xx.o(.text)
    TIM8_BRK_TIM12_IRQHandler                0x080001b7   Thumb Code     0  startup_stm32f407xx.o(.text)
    TIM8_CC_IRQHandler                       0x080001b7   Thumb Code     0  startup_stm32f407xx.o(.text)
    TIM8_TRG_COM_TIM14_IRQHandler            0x080001b7   Thumb Code     0  startup_stm32f407xx.o(.text)
    TIM8_UP_TIM13_IRQHandler                 0x080001b7   Thumb Code     0  startup_stm32f407xx.o(.text)
    UART4_IRQHandler                         0x080001b7   Thumb Code     0  startup_stm32f407xx.o(.text)
    UART5_IRQHandler                         0x080001b7   Thumb Code     0  startup_stm32f407xx.o(.text)
    USART1_IRQHandler                        0x080001b7   Thumb Code     0  startup_stm32f407xx.o(.text)
    USART2_IRQHandler                        0x080001b7   Thumb Code     0  startup_stm32f407xx.o(.text)
    USART3_IRQHandler                        0x080001b7   Thumb Code     0  startup_stm32f407xx.o(.text)
    USART6_IRQHandler                        0x080001b7   Thumb Code     0  startup_stm32f407xx.o(.text)
    WWDG_IRQHandler                          0x080001b7   Thumb Code     0  startup_stm32f407xx.o(.text)
    __aeabi_uldivmod                         0x080001c1   Thumb Code    98  uldiv.o(.text)
    __aeabi_llsl                             0x08000223   Thumb Code    30  llshl.o(.text)
    _ll_shift_l                              0x08000223   Thumb Code     0  llshl.o(.text)
    __aeabi_llsr                             0x08000241   Thumb Code    32  llushr.o(.text)
    _ll_ushift_r                             0x08000241   Thumb Code     0  llushr.o(.text)
    __scatterload                            0x08000261   Thumb Code    28  init.o(.text)
    __scatterload_rt2                        0x08000261   Thumb Code     0  init.o(.text)
    BusFault_Handler                         0x08000285   Thumb Code     2  stm32f4xx_it.o(.text.BusFault_Handler)
    DebugMon_Handler                         0x08000289   Thumb Code     2  stm32f4xx_it.o(.text.DebugMon_Handler)
    Error_Handler                            0x0800028d   Thumb Code     6  main.o(.text.Error_Handler)
    FSMC_NORSRAM_Extended_Timing_Init        0x08000295   Thumb Code    76  stm32f4xx_ll_fsmc.o(.text.FSMC_NORSRAM_Extended_Timing_Init)
    FSMC_NORSRAM_Init                        0x080002e1   Thumb Code   134  stm32f4xx_ll_fsmc.o(.text.FSMC_NORSRAM_Init)
    FSMC_NORSRAM_Timing_Init                 0x08000369   Thumb Code    68  stm32f4xx_ll_fsmc.o(.text.FSMC_NORSRAM_Timing_Init)
    HAL_Delay                                0x080003ad   Thumb Code    40  stm32f4xx_hal.o(.text.HAL_Delay)
    HAL_GPIO_Init                            0x080003d5   Thumb Code   442  stm32f4xx_hal_gpio.o(.text.HAL_GPIO_Init)
    HAL_GPIO_ReadPin                         0x08000591   Thumb Code    10  stm32f4xx_hal_gpio.o(.text.HAL_GPIO_ReadPin)
    HAL_GPIO_WritePin                        0x0800059d   Thumb Code    10  stm32f4xx_hal_gpio.o(.text.HAL_GPIO_WritePin)
    HAL_GetTick                              0x080005a9   Thumb Code    12  stm32f4xx_hal.o(.text.HAL_GetTick)
    HAL_IncTick                              0x080005b5   Thumb Code    26  stm32f4xx_hal.o(.text.HAL_IncTick)
    HAL_Init                                 0x080005d1   Thumb Code    54  stm32f4xx_hal.o(.text.HAL_Init)
    HAL_InitTick                             0x08000609   Thumb Code    72  stm32f4xx_hal.o(.text.HAL_InitTick)
    HAL_MspInit                              0x08000651   Thumb Code    56  stm32f4xx_hal_msp.o(.text.HAL_MspInit)
    HAL_NVIC_EnableIRQ                       0x08000689   Thumb Code    32  stm32f4xx_hal_cortex.o(.text.HAL_NVIC_EnableIRQ)
    HAL_NVIC_SetPriority                     0x080006a9   Thumb Code    86  stm32f4xx_hal_cortex.o(.text.HAL_NVIC_SetPriority)
    HAL_NVIC_SetPriorityGrouping             0x08000701   Thumb Code    32  stm32f4xx_hal_cortex.o(.text.HAL_NVIC_SetPriorityGrouping)
    HAL_RCC_ClockConfig                      0x08000721   Thumb Code   352  stm32f4xx_hal_rcc.o(.text.HAL_RCC_ClockConfig)
    HAL_RCC_GetPCLK1Freq                     0x08000881   Thumb Code    38  stm32f4xx_hal_rcc.o(.text.HAL_RCC_GetPCLK1Freq)
    HAL_RCC_GetPCLK2Freq                     0x080008a9   Thumb Code    38  stm32f4xx_hal_rcc.o(.text.HAL_RCC_GetPCLK2Freq)
    HAL_RCC_GetSysClockFreq                  0x080008d1   Thumb Code   108  stm32f4xx_hal_rcc.o(.text.HAL_RCC_GetSysClockFreq)
    HAL_RCC_OscConfig                        0x0800093d   Thumb Code   888  stm32f4xx_hal_rcc.o(.text.HAL_RCC_OscConfig)
    HAL_SRAM_Init                            0x08000cb5   Thumb Code    92  stm32f4xx_hal_sram.o(.text.HAL_SRAM_Init)
    HAL_SRAM_MspInit                         0x08000d11   Thumb Code   146  fsmc.o(.text.HAL_SRAM_MspInit)
    HAL_SYSTICK_Config                       0x08000da5   Thumb Code    44  stm32f4xx_hal_cortex.o(.text.HAL_SYSTICK_Config)
    HAL_TIMEx_BreakCallback                  0x08000dd1   Thumb Code     2  stm32f4xx_hal_tim_ex.o(.text.HAL_TIMEx_BreakCallback)
    HAL_TIMEx_CommutCallback                 0x08000dd5   Thumb Code     2  stm32f4xx_hal_tim_ex.o(.text.HAL_TIMEx_CommutCallback)
    HAL_TIMEx_MasterConfigSynchronization    0x08000dd9   Thumb Code   182  stm32f4xx_hal_tim_ex.o(.text.HAL_TIMEx_MasterConfigSynchronization)
    HAL_TIM_Base_Init                        0x08000e91   Thumb Code    90  stm32f4xx_hal_tim.o(.text.HAL_TIM_Base_Init)
    HAL_TIM_Base_MspInit                     0x08000eed   Thumb Code   184  tim.o(.text.HAL_TIM_Base_MspInit)
    HAL_TIM_Base_Start_IT                    0x08000fa5   Thumb Code   170  stm32f4xx_hal_tim.o(.text.HAL_TIM_Base_Start_IT)
    HAL_TIM_IC_CaptureCallback               0x08001051   Thumb Code     2  stm32f4xx_hal_tim.o(.text.HAL_TIM_IC_CaptureCallback)
    HAL_TIM_IRQHandler                       0x08001055   Thumb Code   316  stm32f4xx_hal_tim.o(.text.HAL_TIM_IRQHandler)
    HAL_TIM_OC_DelayElapsedCallback          0x08001191   Thumb Code     2  stm32f4xx_hal_tim.o(.text.HAL_TIM_OC_DelayElapsedCallback)
    HAL_TIM_PWM_ConfigChannel                0x08001195   Thumb Code   546  stm32f4xx_hal_tim.o(.text.HAL_TIM_PWM_ConfigChannel)
    HAL_TIM_PWM_Init                         0x080013b9   Thumb Code    90  stm32f4xx_hal_tim.o(.text.HAL_TIM_PWM_Init)
    HAL_TIM_PWM_MspInit                      0x08001415   Thumb Code     2  stm32f4xx_hal_tim.o(.text.HAL_TIM_PWM_MspInit)
    HAL_TIM_PWM_PulseFinishedCallback        0x08001419   Thumb Code     2  stm32f4xx_hal_tim.o(.text.HAL_TIM_PWM_PulseFinishedCallback)
    HAL_TIM_PWM_Start                        0x0800141d   Thumb Code   274  stm32f4xx_hal_tim.o(.text.HAL_TIM_PWM_Start)
    HAL_TIM_PeriodElapsedCallback            0x08001531   Thumb Code    96  main.o(.text.HAL_TIM_PeriodElapsedCallback)
    HAL_TIM_TriggerCallback                  0x08001591   Thumb Code     2  stm32f4xx_hal_tim.o(.text.HAL_TIM_TriggerCallback)
    HAL_UART_Init                            0x08001595   Thumb Code    96  stm32f4xx_hal_uart.o(.text.HAL_UART_Init)
    HAL_UART_MspInit                         0x080015f5   Thumb Code   108  usart.o(.text.HAL_UART_MspInit)
    HAL_UART_Receive_IT                      0x08001661   Thumb Code    82  stm32f4xx_hal_uart.o(.text.HAL_UART_Receive_IT)
    HAL_UART_Transmit                        0x080016b5   Thumb Code   388  stm32f4xx_hal_uart.o(.text.HAL_UART_Transmit)
    HardFault_Handler                        0x08001839   Thumb Code     2  stm32f4xx_it.o(.text.HardFault_Handler)
    MX_FSMC_Init                             0x0800183d   Thumb Code   134  fsmc.o(.text.MX_FSMC_Init)
    MX_GPIO_Init                             0x080018c5   Thumb Code   218  gpio.o(.text.MX_GPIO_Init)
    MX_TIM14_Init                            0x080019a1   Thumb Code   194  tim.o(.text.MX_TIM14_Init)
    MX_TIM6_Init                             0x08001a65   Thumb Code    82  tim.o(.text.MX_TIM6_Init)
    MX_TIM7_Init                             0x08001ab9   Thumb Code    80  tim.o(.text.MX_TIM7_Init)
    MX_USART1_UART_Init                      0x08001b09   Thumb Code    60  usart.o(.text.MX_USART1_UART_Init)
    MemManage_Handler                        0x08001b45   Thumb Code     2  stm32f4xx_it.o(.text.MemManage_Handler)
    NMI_Handler                              0x08001b49   Thumb Code     2  stm32f4xx_it.o(.text.NMI_Handler)
    PendSV_Handler                           0x08001b4d   Thumb Code     2  stm32f4xx_it.o(.text.PendSV_Handler)
    Process_Key_Debounce                     0x08001b51   Thumb Code   168  main.o(.text.Process_Key_Debounce)
    SVC_Handler                              0x08001bf9   Thumb Code     2  stm32f4xx_it.o(.text.SVC_Handler)
    SysTick_Handler                          0x08001bfd   Thumb Code     4  stm32f4xx_it.o(.text.SysTick_Handler)
    SystemClock_Config                       0x08001c01   Thumb Code   168  main.o(.text.SystemClock_Config)
    SystemInit                               0x08001ca9   Thumb Code    18  system_stm32f4xx.o(.text.SystemInit)
    TIM6_DAC_IRQHandler                      0x08001cbd   Thumb Code    12  stm32f4xx_it.o(.text.TIM6_DAC_IRQHandler)
    TIM7_IRQHandler                          0x08001cc9   Thumb Code    12  stm32f4xx_it.o(.text.TIM7_IRQHandler)
    TIM_Base_SetConfig                       0x08001cd5   Thumb Code   332  stm32f4xx_hal_tim.o(.text.TIM_Base_SetConfig)
    UsageFault_Handler                       0x08001f05   Thumb Code     2  stm32f4xx_it.o(.text.UsageFault_Handler)
    drv_lcd_init                             0x08001f09   Thumb Code   688  drv_lcd.o(.text.drv_lcd_init)
    fputc                                    0x080021c5   Thumb Code    32  main.o(.text.fputc)
    lcd_clear                                0x080021e5   Thumb Code   138  drv_lcd.o(.text.lcd_clear)
    lcd_set_color                            0x08002271   Thumb Code    22  drv_lcd.o(.text.lcd_set_color)
    lcd_show_string                          0x08002d2d   Thumb Code   276  drv_lcd.o(.text.lcd_show_string)
    main                                     0x08002e61   Thumb Code   304  main.o(.text.main)
    __0printf$8                              0x08002f91   Thumb Code    22  printf8.o(i.__0printf$8)
    __1printf$8                              0x08002f91   Thumb Code     0  printf8.o(i.__0printf$8)
    __2printf                                0x08002f91   Thumb Code     0  printf8.o(i.__0printf$8)
    __0sprintf$8                             0x08002fb1   Thumb Code    34  printf8.o(i.__0sprintf$8)
    __1sprintf$8                             0x08002fb1   Thumb Code     0  printf8.o(i.__0sprintf$8)
    __2sprintf                               0x08002fb1   Thumb Code     0  printf8.o(i.__0sprintf$8)
    __scatterload_copy                       0x08002fd9   Thumb Code    14  handlers.o(i.__scatterload_copy)
    __scatterload_null                       0x08002fe7   Thumb Code     2  handlers.o(i.__scatterload_null)
    __scatterload_zeroinit                   0x08002fe9   Thumb Code    14  handlers.o(i.__scatterload_zeroinit)
    free                                     0x08003465   Thumb Code    76  malloc.o(i.free)
    malloc                                   0x080034b5   Thumb Code    92  malloc.o(i.malloc)
    AHBPrescTable                            0x08003520   Data          16  system_stm32f4xx.o(.rodata.AHBPrescTable)
    APBPrescTable                            0x08003530   Data           8  system_stm32f4xx.o(.rodata.APBPrescTable)
    asc2_1608                                0x08003538   Data        1504  drv_lcd.o(.rodata.asc2_1608)
    asc2_2412                                0x08003b18   Data        4512  drv_lcd.o(.rodata.asc2_2412)
    asc2_3216                                0x08004cb8   Data        6016  drv_lcd.o(.rodata.asc2_3216)
    Region$$Table$$Base                      0x08006494   Number         0  anon$$obj.o(Region$$Table)
    Region$$Table$$Limit                     0x080064b4   Number         0  anon$$obj.o(Region$$Table)
    __stdout                                 0x20000000   Data           4  stdout.o(.data)
    __microlib_freelist                      0x20000004   Data           4  mvars.o(.data)
    __microlib_freelist_initialised          0x20000008   Data           4  mvars.o(.data)
    g_hour                                   0x2000000c   Data           1  main.o(.data..L_MergedGlobals)
    g_min                                    0x2000000d   Data           1  main.o(.data..L_MergedGlobals)
    uwTickFreq                               0x20000010   Data           1  stm32f4xx_hal.o(.data..L_MergedGlobals)
    uwTickPrio                               0x20000014   Data           4  stm32f4xx_hal.o(.data..L_MergedGlobals)
    BACK_COLOR                               0x20000018   Data           2  drv_lcd.o(.data.BACK_COLOR)
    SystemCoreClock                          0x2000001c   Data           4  system_stm32f4xx.o(.data.SystemCoreClock)
    FORE_COLOR                               0x20000020   Data           2  drv_lcd.o(.bss..L_MergedGlobals)
    lcddev                                   0x20000022   Data          14  drv_lcd.o(.bss..L_MergedGlobals)
    g_sec                                    0x20000030   Data           1  main.o(.bss..L_MergedGlobals.1)
    g_key_flag                               0x20000031   Data           1  main.o(.bss..L_MergedGlobals.1)
    keys                                     0x20000032   Data           9  main.o(.bss..L_MergedGlobals.1)
    hsram3                                   0x20000040   Data          80  fsmc.o(.bss.hsram3)
    htim14                                   0x20000090   Data          72  tim.o(.bss.htim14)
    htim6                                    0x200000d8   Data          72  tim.o(.bss.htim6)
    htim7                                    0x20000120   Data          72  tim.o(.bss.htim7)
    huart1                                   0x20000168   Data          72  usart.o(.bss.huart1)
    uwTick                                   0x200001b0   Data           4  stm32f4xx_hal.o(.bss.uwTick)
    __heap_base                              0x200001b8   Data           0  startup_stm32f407xx.o(HEAP)
    __heap_limit                             0x200003b8   Data           0  startup_stm32f407xx.o(HEAP)
    __initial_sp                             0x200007b8   Data           0  startup_stm32f407xx.o(STACK)



==============================================================================

Memory Map of the image

  Image Entry point : 0x08000189

  Load Region LR_IROM1 (Base: 0x08000000, Size: 0x000064d8, Max: 0x00100000, ABSOLUTE)

    Execution Region ER_IROM1 (Exec base: 0x08000000, Load base: 0x08000000, Size: 0x000064b4, Max: 0x00100000, ABSOLUTE)

    Exec Addr    Load Addr    Size         Type   Attr      Idx    E Section Name        Object

    0x08000000   0x08000000   0x00000188   Data   RO            3    RESET               startup_stm32f407xx.o
    0x08000188   0x08000188   0x00000000   Code   RO         1168  * .ARM.Collect$$$$00000000  mc_w.l(entry.o)
    0x08000188   0x08000188   0x00000004   Code   RO         1464    .ARM.Collect$$$$00000001  mc_w.l(entry2.o)
    0x0800018c   0x0800018c   0x00000004   Code   RO         1467    .ARM.Collect$$$$00000004  mc_w.l(entry5.o)
    0x08000190   0x08000190   0x00000000   Code   RO         1469    .ARM.Collect$$$$00000008  mc_w.l(entry7b.o)
    0x08000190   0x08000190   0x00000000   Code   RO         1471    .ARM.Collect$$$$0000000A  mc_w.l(entry8b.o)
    0x08000190   0x08000190   0x00000008   Code   RO         1472    .ARM.Collect$$$$0000000B  mc_w.l(entry9a.o)
    0x08000198   0x08000198   0x00000000   Code   RO         1474    .ARM.Collect$$$$0000000D  mc_w.l(entry10a.o)
    0x08000198   0x08000198   0x00000000   Code   RO         1476    .ARM.Collect$$$$0000000F  mc_w.l(entry11a.o)
    0x08000198   0x08000198   0x00000004   Code   RO         1465    .ARM.Collect$$$$00002712  mc_w.l(entry2.o)
    0x0800019c   0x0800019c   0x00000024   Code   RO            4    .text               startup_stm32f407xx.o
    0x080001c0   0x080001c0   0x00000062   Code   RO         1171    .text               mc_w.l(uldiv.o)
    0x08000222   0x08000222   0x0000001e   Code   RO         1490    .text               mc_w.l(llshl.o)
    0x08000240   0x08000240   0x00000020   Code   RO         1492    .text               mc_w.l(llushr.o)
    0x08000260   0x08000260   0x00000024   Code   RO         1511    .text               mc_w.l(init.o)
    0x08000284   0x08000284   0x00000002   Code   RO          118    .text.BusFault_Handler  stm32f4xx_it.o
    0x08000286   0x08000286   0x00000002   PAD
    0x08000288   0x08000288   0x00000002   Code   RO          124    .text.DebugMon_Handler  stm32f4xx_it.o
    0x0800028a   0x0800028a   0x00000002   PAD
    0x0800028c   0x0800028c   0x00000006   Code   RO           33    .text.Error_Handler  main.o
    0x08000292   0x08000292   0x00000002   PAD
    0x08000294   0x08000294   0x0000004c   Code   RO          155    .text.FSMC_NORSRAM_Extended_Timing_Init  stm32f4xx_ll_fsmc.o
    0x080002e0   0x080002e0   0x00000086   Code   RO          149    .text.FSMC_NORSRAM_Init  stm32f4xx_ll_fsmc.o
    0x08000366   0x08000366   0x00000002   PAD
    0x08000368   0x08000368   0x00000044   Code   RO          153    .text.FSMC_NORSRAM_Timing_Init  stm32f4xx_ll_fsmc.o
    0x080003ac   0x080003ac   0x00000028   Code   RO          559    .text.HAL_Delay     stm32f4xx_hal.o
    0x080003d4   0x080003d4   0x000001ba   Code   RO          354    .text.HAL_GPIO_Init  stm32f4xx_hal_gpio.o
    0x0800058e   0x0800058e   0x00000002   PAD
    0x08000590   0x08000590   0x0000000a   Code   RO          358    .text.HAL_GPIO_ReadPin  stm32f4xx_hal_gpio.o
    0x0800059a   0x0800059a   0x00000002   PAD
    0x0800059c   0x0800059c   0x0000000a   Code   RO          360    .text.HAL_GPIO_WritePin  stm32f4xx_hal_gpio.o
    0x080005a6   0x080005a6   0x00000002   PAD
    0x080005a8   0x080005a8   0x0000000c   Code   RO          551    .text.HAL_GetTick   stm32f4xx_hal.o
    0x080005b4   0x080005b4   0x0000001a   Code   RO          549    .text.HAL_IncTick   stm32f4xx_hal.o
    0x080005ce   0x080005ce   0x00000002   PAD
    0x080005d0   0x080005d0   0x00000036   Code   RO          539    .text.HAL_Init      stm32f4xx_hal.o
    0x08000606   0x08000606   0x00000002   PAD
    0x08000608   0x08000608   0x00000048   Code   RO          541    .text.HAL_InitTick  stm32f4xx_hal.o
    0x08000650   0x08000650   0x00000038   Code   RO          141    .text.HAL_MspInit   stm32f4xx_hal_msp.o
    0x08000688   0x08000688   0x00000020   Code   RO          491    .text.HAL_NVIC_EnableIRQ  stm32f4xx_hal_cortex.o
    0x080006a8   0x080006a8   0x00000056   Code   RO          489    .text.HAL_NVIC_SetPriority  stm32f4xx_hal_cortex.o
    0x080006fe   0x080006fe   0x00000002   PAD
    0x08000700   0x08000700   0x00000020   Code   RO          487    .text.HAL_NVIC_SetPriorityGrouping  stm32f4xx_hal_cortex.o
    0x08000720   0x08000720   0x00000160   Code   RO          248    .text.HAL_RCC_ClockConfig  stm32f4xx_hal_rcc.o
    0x08000880   0x08000880   0x00000026   Code   RO          260    .text.HAL_RCC_GetPCLK1Freq  stm32f4xx_hal_rcc.o
    0x080008a6   0x080008a6   0x00000002   PAD
    0x080008a8   0x080008a8   0x00000026   Code   RO          262    .text.HAL_RCC_GetPCLK2Freq  stm32f4xx_hal_rcc.o
    0x080008ce   0x080008ce   0x00000002   PAD
    0x080008d0   0x080008d0   0x0000006c   Code   RO          250    .text.HAL_RCC_GetSysClockFreq  stm32f4xx_hal_rcc.o
    0x0800093c   0x0800093c   0x00000378   Code   RO          246    .text.HAL_RCC_OscConfig  stm32f4xx_hal_rcc.o
    0x08000cb4   0x08000cb4   0x0000005c   Code   RO          194    .text.HAL_SRAM_Init  stm32f4xx_hal_sram.o
    0x08000d10   0x08000d10   0x00000092   Code   RO           59    .text.HAL_SRAM_MspInit  fsmc.o
    0x08000da2   0x08000da2   0x00000002   PAD
    0x08000da4   0x08000da4   0x0000002c   Code   RO          499    .text.HAL_SYSTICK_Config  stm32f4xx_hal_cortex.o
    0x08000dd0   0x08000dd0   0x00000002   Code   RO          934    .text.HAL_TIMEx_BreakCallback  stm32f4xx_hal_tim_ex.o
    0x08000dd2   0x08000dd2   0x00000002   PAD
    0x08000dd4   0x08000dd4   0x00000002   Code   RO          930    .text.HAL_TIMEx_CommutCallback  stm32f4xx_hal_tim_ex.o
    0x08000dd6   0x08000dd6   0x00000002   PAD
    0x08000dd8   0x08000dd8   0x000000b6   Code   RO          924    .text.HAL_TIMEx_MasterConfigSynchronization  stm32f4xx_hal_tim_ex.o
    0x08000e8e   0x08000e8e   0x00000002   PAD
    0x08000e90   0x08000e90   0x0000005a   Code   RO          629    .text.HAL_TIM_Base_Init  stm32f4xx_hal_tim.o
    0x08000eea   0x08000eea   0x00000002   PAD
    0x08000eec   0x08000eec   0x000000b8   Code   RO           82    .text.HAL_TIM_Base_MspInit  tim.o
    0x08000fa4   0x08000fa4   0x000000aa   Code   RO          643    .text.HAL_TIM_Base_Start_IT  stm32f4xx_hal_tim.o
    0x0800104e   0x0800104e   0x00000002   PAD
    0x08001050   0x08001050   0x00000002   Code   RO          765    .text.HAL_TIM_IC_CaptureCallback  stm32f4xx_hal_tim.o
    0x08001052   0x08001052   0x00000002   PAD
    0x08001054   0x08001054   0x0000013c   Code   RO          763    .text.HAL_TIM_IRQHandler  stm32f4xx_hal_tim.o
    0x08001190   0x08001190   0x00000002   Code   RO          767    .text.HAL_TIM_OC_DelayElapsedCallback  stm32f4xx_hal_tim.o
    0x08001192   0x08001192   0x00000002   PAD
    0x08001194   0x08001194   0x00000222   Code   RO          783    .text.HAL_TIM_PWM_ConfigChannel  stm32f4xx_hal_tim.o
    0x080013b6   0x080013b6   0x00000002   PAD
    0x080013b8   0x080013b8   0x0000005a   Code   RO          683    .text.HAL_TIM_PWM_Init  stm32f4xx_hal_tim.o
    0x08001412   0x08001412   0x00000002   PAD
    0x08001414   0x08001414   0x00000002   Code   RO          685    .text.HAL_TIM_PWM_MspInit  stm32f4xx_hal_tim.o
    0x08001416   0x08001416   0x00000002   PAD
    0x08001418   0x08001418   0x00000002   Code   RO          769    .text.HAL_TIM_PWM_PulseFinishedCallback  stm32f4xx_hal_tim.o
    0x0800141a   0x0800141a   0x00000002   PAD
    0x0800141c   0x0800141c   0x00000112   Code   RO          691    .text.HAL_TIM_PWM_Start  stm32f4xx_hal_tim.o
    0x0800152e   0x0800152e   0x00000002   PAD
    0x08001530   0x08001530   0x00000060   Code   RO           17    .text.HAL_TIM_PeriodElapsedCallback  main.o
    0x08001590   0x08001590   0x00000002   Code   RO          773    .text.HAL_TIM_TriggerCallback  stm32f4xx_hal_tim.o
    0x08001592   0x08001592   0x00000002   PAD
    0x08001594   0x08001594   0x00000060   Code   RO          948    .text.HAL_UART_Init  stm32f4xx_hal_uart.o
    0x080015f4   0x080015f4   0x0000006c   Code   RO           99    .text.HAL_UART_MspInit  usart.o
    0x08001660   0x08001660   0x00000052   Code   RO          970    .text.HAL_UART_Receive_IT  stm32f4xx_hal_uart.o
    0x080016b2   0x080016b2   0x00000002   PAD
    0x080016b4   0x080016b4   0x00000184   Code   RO          964    .text.HAL_UART_Transmit  stm32f4xx_hal_uart.o
    0x08001838   0x08001838   0x00000002   Code   RO          114    .text.HardFault_Handler  stm32f4xx_it.o
    0x0800183a   0x0800183a   0x00000002   PAD
    0x0800183c   0x0800183c   0x00000086   Code   RO           57    .text.MX_FSMC_Init  fsmc.o
    0x080018c2   0x080018c2   0x00000002   PAD
    0x080018c4   0x080018c4   0x000000da   Code   RO           48    .text.MX_GPIO_Init  gpio.o
    0x0800199e   0x0800199e   0x00000002   PAD
    0x080019a0   0x080019a0   0x000000c2   Code   RO           78    .text.MX_TIM14_Init  tim.o
    0x08001a62   0x08001a62   0x00000002   PAD
    0x08001a64   0x08001a64   0x00000052   Code   RO           74    .text.MX_TIM6_Init  tim.o
    0x08001ab6   0x08001ab6   0x00000002   PAD
    0x08001ab8   0x08001ab8   0x00000050   Code   RO           76    .text.MX_TIM7_Init  tim.o
    0x08001b08   0x08001b08   0x0000003c   Code   RO           97    .text.MX_USART1_UART_Init  usart.o
    0x08001b44   0x08001b44   0x00000002   Code   RO          116    .text.MemManage_Handler  stm32f4xx_it.o
    0x08001b46   0x08001b46   0x00000002   PAD
    0x08001b48   0x08001b48   0x00000002   Code   RO          112    .text.NMI_Handler   stm32f4xx_it.o
    0x08001b4a   0x08001b4a   0x00000002   PAD
    0x08001b4c   0x08001b4c   0x00000002   Code   RO          126    .text.PendSV_Handler  stm32f4xx_it.o
    0x08001b4e   0x08001b4e   0x00000002   PAD
    0x08001b50   0x08001b50   0x000000a8   Code   RO           15    .text.Process_Key_Debounce  main.o
    0x08001bf8   0x08001bf8   0x00000002   Code   RO          122    .text.SVC_Handler   stm32f4xx_it.o
    0x08001bfa   0x08001bfa   0x00000002   PAD
    0x08001bfc   0x08001bfc   0x00000004   Code   RO          128    .text.SysTick_Handler  stm32f4xx_it.o
    0x08001c00   0x08001c00   0x000000a8   Code   RO           31    .text.SystemClock_Config  main.o
    0x08001ca8   0x08001ca8   0x00000012   Code   RO         1070    .text.SystemInit    system_stm32f4xx.o
    0x08001cba   0x08001cba   0x00000002   PAD
    0x08001cbc   0x08001cbc   0x0000000c   Code   RO          130    .text.TIM6_DAC_IRQHandler  stm32f4xx_it.o
    0x08001cc8   0x08001cc8   0x0000000c   Code   RO          132    .text.TIM7_IRQHandler  stm32f4xx_it.o
    0x08001cd4   0x08001cd4   0x0000014c   Code   RO          633    .text.TIM_Base_SetConfig  stm32f4xx_hal_tim.o
    0x08001e20   0x08001e20   0x000000e2   Code   RO          952    .text.UART_SetConfig  stm32f4xx_hal_uart.o
    0x08001f02   0x08001f02   0x00000002   PAD
    0x08001f04   0x08001f04   0x00000002   Code   RO          120    .text.UsageFault_Handler  stm32f4xx_it.o
    0x08001f06   0x08001f06   0x00000002   PAD
    0x08001f08   0x08001f08   0x000002bc   Code   RO         1153    .text.drv_lcd_init  drv_lcd.o
    0x080021c4   0x080021c4   0x00000020   Code   RO           11    .text.fputc         main.o
    0x080021e4   0x080021e4   0x0000008a   Code   RO         1123    .text.lcd_clear     drv_lcd.o
    0x0800226e   0x0800226e   0x00000002   PAD
    0x08002270   0x08002270   0x00000016   Code   RO         1119    .text.lcd_set_color  drv_lcd.o
    0x08002286   0x08002286   0x00000002   PAD
    0x08002288   0x08002288   0x00000aa4   Code   RO         1137    .text.lcd_show_char  drv_lcd.o
    0x08002d2c   0x08002d2c   0x00000134   Code   RO         1139    .text.lcd_show_string  drv_lcd.o
    0x08002e60   0x08002e60   0x00000130   Code   RO           29    .text.main          main.o
    0x08002f90   0x08002f90   0x00000020   Code   RO         1382    i.__0printf$8       mc_w.l(printf8.o)
    0x08002fb0   0x08002fb0   0x00000028   Code   RO         1384    i.__0sprintf$8      mc_w.l(printf8.o)
    0x08002fd8   0x08002fd8   0x0000000e   Code   RO         1519    i.__scatterload_copy  mc_w.l(handlers.o)
    0x08002fe6   0x08002fe6   0x00000002   Code   RO         1520    i.__scatterload_null  mc_w.l(handlers.o)
    0x08002fe8   0x08002fe8   0x0000000e   Code   RO         1521    i.__scatterload_zeroinit  mc_w.l(handlers.o)
    0x08002ff6   0x08002ff6   0x00000002   PAD
    0x08002ff8   0x08002ff8   0x00000410   Code   RO         1389    i._printf_core      mc_w.l(printf8.o)
    0x08003408   0x08003408   0x00000024   Code   RO         1390    i._printf_post_padding  mc_w.l(printf8.o)
    0x0800342c   0x0800342c   0x0000002e   Code   RO         1391    i._printf_pre_padding  mc_w.l(printf8.o)
    0x0800345a   0x0800345a   0x0000000a   Code   RO         1393    i._sputc            mc_w.l(printf8.o)
    0x08003464   0x08003464   0x00000050   Code   RO         1436    i.free              mc_w.l(malloc.o)
    0x080034b4   0x080034b4   0x0000006c   Code   RO         1437    i.malloc            mc_w.l(malloc.o)
    0x08003520   0x08003520   0x00000010   Data   RO         1075    .rodata.AHBPrescTable  system_stm32f4xx.o
    0x08003530   0x08003530   0x00000008   Data   RO         1076    .rodata.APBPrescTable  system_stm32f4xx.o
    0x08003538   0x08003538   0x000005e0   Data   RO         1155    .rodata.asc2_1608   drv_lcd.o
    0x08003b18   0x08003b18   0x000011a0   Data   RO         1156    .rodata.asc2_2412   drv_lcd.o
    0x08004cb8   0x08004cb8   0x00001780   Data   RO         1157    .rodata.asc2_3216   drv_lcd.o
    0x08006438   0x08006438   0x0000000f   Data   RO           36    .rodata.str1.1      main.o
    0x08006447   0x08006447   0x0000004a   Data   RO         1159    .rodata.str1.1      drv_lcd.o
    0x08006491   0x08006491   0x00000003   PAD
    0x08006494   0x08006494   0x00000020   Data   RO         1518    Region$$Table       anon$$obj.o


    Execution Region RW_IRAM1 (Exec base: 0x20000000, Load base: 0x080064b8, Size: 0x000007b8, Max: 0x0001c000, ABSOLUTE)

    Exec Addr    Load Addr    Size         Type   Attr      Idx    E Section Name        Object

    0x20000000   0x080064b8   0x00000004   Data   RW         1478    .data               mc_w.l(stdout.o)
    0x20000004   0x080064bc   0x00000004   Data   RW         1498    .data               mc_w.l(mvars.o)
    0x20000008   0x080064c0   0x00000004   Data   RW         1499    .data               mc_w.l(mvars.o)
    0x2000000c   0x080064c4   0x00000002   Data   RW           38    .data..L_MergedGlobals  main.o
    0x2000000e   0x080064c6   0x00000002   PAD
    0x20000010   0x080064c8   0x00000008   Data   RW          594    .data..L_MergedGlobals  stm32f4xx_hal.o
    0x20000018   0x080064d0   0x00000002   Data   RW         1158    .data.BACK_COLOR    drv_lcd.o
    0x2000001a   0x080064d2   0x00000002   PAD
    0x2000001c   0x080064d4   0x00000004   Data   RW         1074    .data.SystemCoreClock  system_stm32f4xx.o
    0x20000020        -       0x00000010   Zero   RW         1160    .bss..L_MergedGlobals  drv_lcd.o
    0x20000030        -       0x0000000b   Zero   RW           39    .bss..L_MergedGlobals.1  main.o
    0x2000003b   0x080064d8   0x00000001   PAD
    0x2000003c        -       0x00000001   Zero   RW           64    .bss.FSMC_Initialized  fsmc.o
    0x2000003d   0x080064d8   0x00000003   PAD
    0x20000040        -       0x00000050   Zero   RW           63    .bss.hsram3         fsmc.o
    0x20000090        -       0x00000048   Zero   RW           88    .bss.htim14         tim.o
    0x200000d8        -       0x00000048   Zero   RW           86    .bss.htim6          tim.o
    0x20000120        -       0x00000048   Zero   RW           87    .bss.htim7          tim.o
    0x20000168        -       0x00000048   Zero   RW          103    .bss.huart1         usart.o
    0x200001b0        -       0x00000004   Zero   RW          593    .bss.uwTick         stm32f4xx_hal.o
    0x200001b4   0x080064d8   0x00000004   PAD
    0x200001b8        -       0x00000200   Zero   RW            2    HEAP                startup_stm32f407xx.o
    0x200003b8        -       0x00000400   Zero   RW            1    STACK               startup_stm32f407xx.o


    Execution Region RW_IRAM2 (Exec base: 0x2001c000, Load base: 0x080064d8, Size: 0x00000000, Max: 0x00004000, ABSOLUTE)

    **** No section assigned to this execution region ****


==============================================================================

Image component sizes


      Code (inc. data)   RO Data    RW Data    ZI Data      Debug   Object Name

      3892         44      12106          2         16      46045   drv_lcd.o
       280          0          0          0         81       5443   fsmc.o
       218          0          0          0          0       2231   gpio.o
       774          0         15          2         11       9270   main.o
        36          8        392          0       1536        832   startup_stm32f407xx.o
       204          0          0          8          4       7288   stm32f4xx_hal.o
       194          0          0          0          0      10864   stm32f4xx_hal_cortex.o
       462          0          0          0          0       5703   stm32f4xx_hal_gpio.o
        56          0          0          0          0       1448   stm32f4xx_hal_msp.o
      1424          0          0          0          0       7421   stm32f4xx_hal_rcc.o
        92          0          0          0          0      12342   stm32f4xx_hal_sram.o
      1828          4          0          0          0      55187   stm32f4xx_hal_tim.o
       186          0          0          0          0      21308   stm32f4xx_hal_tim_ex.o
       792          0          0          0          0      32274   stm32f4xx_hal_uart.o
        44          0          0          0          0       4401   stm32f4xx_it.o
       278          0          0          0          0       7653   stm32f4xx_ll_fsmc.o
        18          0         24          4          0       2634   system_stm32f4xx.o
       540          0          0          0        216       8742   tim.o
       168          0          0          0         72       5074   usart.o

    ----------------------------------------------------------------------
     11568         56      12572         20       1944     246160   Object Totals
         0          0         32          0          0          0   (incl. Generated)
        82          0          3          4          8          0   (incl. Padding)

    ----------------------------------------------------------------------

      Code (inc. data)   RO Data    RW Data    ZI Data      Debug   Library Member Name

         0          0          0          0          0          0   entry.o
         0          0          0          0          0          0   entry10a.o
         0          0          0          0          0          0   entry11a.o
         8          4          0          0          0          0   entry2.o
         4          0          0          0          0          0   entry5.o
         0          0          0          0          0          0   entry7b.o
         0          0          0          0          0          0   entry8b.o
         8          4          0          0          0          0   entry9a.o
        30          0          0          0          0          0   handlers.o
        36          8          0          0          0         68   init.o
        30          0          0          0          0         68   llshl.o
        32          0          0          0          0         68   llushr.o
       188         20          0          0          0        160   malloc.o
         0          0          0          8          0          0   mvars.o
      1204         60          0          0          0        504   printf8.o
         0          0          0          4          0          0   stdout.o
        98          0          0          0          0         92   uldiv.o

    ----------------------------------------------------------------------
      1640         96          0         12          0        960   Library Totals
         2          0          0          0          0          0   (incl. Padding)

    ----------------------------------------------------------------------

      Code (inc. data)   RO Data    RW Data    ZI Data      Debug   Library Name

      1638         96          0         12          0        960   mc_w.l

    ----------------------------------------------------------------------
      1640         96          0         12          0        960   Library Totals

    ----------------------------------------------------------------------

==============================================================================


      Code (inc. data)   RO Data    RW Data    ZI Data      Debug   

     13208        152      12572         32       1944     246516   Grand Totals
     13208        152      12572         32       1944     246516   ELF Image Totals
     13208        152      12572         32          0          0   ROM Totals

==============================================================================

    Total RO  Size (Code + RO Data)                25780 (  25.18kB)
    Total RW  Size (RW Data + ZI Data)              1976 (   1.93kB)
    Total ROM Size (Code + RO Data + RW Data)      25812 (  25.21kB)

==============================================================================

