Component: ARM Compiler 5.06 update 7 (build 960) Tool: armlink [4d3601]

==============================================================================

Section Cross References

    startup_stm32f407xx.o(STACK) refers (Special) to heapauxi.o(.text) for __use_two_region_memory
    startup_stm32f407xx.o(HEAP) refers (Special) to heapauxi.o(.text) for __use_two_region_memory
    startup_stm32f407xx.o(RESET) refers (Special) to heapauxi.o(.text) for __use_two_region_memory
    startup_stm32f407xx.o(RESET) refers to startup_stm32f407xx.o(STACK) for __initial_sp
    startup_stm32f407xx.o(RESET) refers to startup_stm32f407xx.o(.text) for Reset_Handler
    startup_stm32f407xx.o(RESET) refers to stm32f4xx_it.o(i.NMI_Handler) for NMI_Handler
    startup_stm32f407xx.o(RESET) refers to stm32f4xx_it.o(i.HardFault_Handler) for HardFault_Handler
    startup_stm32f407xx.o(RESET) refers to stm32f4xx_it.o(i.MemManage_Handler) for MemManage_Handler
    startup_stm32f407xx.o(RESET) refers to stm32f4xx_it.o(i.BusFault_Handler) for BusFault_Handler
    startup_stm32f407xx.o(RESET) refers to stm32f4xx_it.o(i.UsageFault_Handler) for UsageFault_Handler
    startup_stm32f407xx.o(RESET) refers to stm32f4xx_it.o(i.SVC_Handler) for SVC_Handler
    startup_stm32f407xx.o(RESET) refers to stm32f4xx_it.o(i.DebugMon_Handler) for DebugMon_Handler
    startup_stm32f407xx.o(RESET) refers to stm32f4xx_it.o(i.PendSV_Handler) for PendSV_Handler
    startup_stm32f407xx.o(RESET) refers to stm32f4xx_it.o(i.SysTick_Handler) for SysTick_Handler
    startup_stm32f407xx.o(.text) refers (Special) to heapauxi.o(.text) for __use_two_region_memory
    startup_stm32f407xx.o(.text) refers to system_stm32f4xx.o(i.SystemInit) for SystemInit
    startup_stm32f407xx.o(.text) refers to __main.o(!!!main) for __main
    startup_stm32f407xx.o(.text) refers to startup_stm32f407xx.o(HEAP) for Heap_Mem
    startup_stm32f407xx.o(.text) refers to startup_stm32f407xx.o(STACK) for Stack_Mem
    main.o(i.CalculateAngles) refers to sqrtf.o(i.__hardfp_sqrtf) for __hardfp_sqrtf
    main.o(i.CalculateAngles) refers to atan2f.o(i.__hardfp_atan2f) for __hardfp_atan2f
    main.o(i.ICM20608_EnableDataReadyInterrupt) refers to stm32f4xx_hal_i2c.o(i.HAL_I2C_Mem_Write) for HAL_I2C_Mem_Write
    main.o(i.ICM20608_EnableDataReadyInterrupt) refers to i2c.o(.bss) for hi2c2
    main.o(i.ICM20608_Init) refers to stm32f4xx_hal_i2c.o(i.HAL_I2C_Mem_Write) for HAL_I2C_Mem_Write
    main.o(i.ICM20608_Init) refers to i2c.o(.bss) for hi2c2
    main.o(i.ICM20608_ReadRawData) refers to _printf_percent.o(.ARM.Collect$$_printf_percent$$00000000) for _printf_percent
    main.o(i.ICM20608_ReadRawData) refers to _printf_d.o(.ARM.Collect$$_printf_percent$$00000009) for _printf_d
    main.o(i.ICM20608_ReadRawData) refers to _printf_dec.o(.text) for _printf_int_dec
    main.o(i.ICM20608_ReadRawData) refers to stm32f4xx_hal_i2c.o(i.HAL_I2C_Mem_Read) for HAL_I2C_Mem_Read
    main.o(i.ICM20608_ReadRawData) refers to noretval__2printf.o(.text) for __2printf
    main.o(i.ICM20608_ReadRawData) refers to i2c.o(.bss) for hi2c2
    main.o(i.LCD_Display) refers to _printf_percent.o(.ARM.Collect$$_printf_percent$$00000000) for _printf_percent
    main.o(i.LCD_Display) refers to _printf_f.o(.ARM.Collect$$_printf_percent$$00000003) for _printf_f
    main.o(i.LCD_Display) refers to printf1.o(x$fpl$printf1) for _printf_fp_dec
    main.o(i.LCD_Display) refers to f2d.o(x$fpl$f2d) for __aeabi_f2d
    main.o(i.LCD_Display) refers to noretval__2sprintf.o(.text) for __2sprintf
    main.o(i.LCD_Display) refers to drv_lcd.o(i.lcd_show_string) for lcd_show_string
    main.o(i.SystemClock_Config) refers to rt_memclr_w.o(.text) for __aeabi_memclr4
    main.o(i.SystemClock_Config) refers to stm32f4xx_hal_rcc.o(i.HAL_RCC_OscConfig) for HAL_RCC_OscConfig
    main.o(i.SystemClock_Config) refers to stm32f4xx_hal_rcc.o(i.HAL_RCC_ClockConfig) for HAL_RCC_ClockConfig
    main.o(i.fputc) refers to stm32f4xx_hal_uart.o(i.HAL_UART_Transmit) for HAL_UART_Transmit
    main.o(i.fputc) refers to usart.o(.bss) for huart1
    main.o(i.main) refers to _printf_percent.o(.ARM.Collect$$_printf_percent$$00000000) for _printf_percent
    main.o(i.main) refers to _printf_f.o(.ARM.Collect$$_printf_percent$$00000003) for _printf_f
    main.o(i.main) refers to printf1.o(x$fpl$printf1) for _printf_fp_dec
    main.o(i.main) refers to stm32f4xx_hal.o(i.HAL_Init) for HAL_Init
    main.o(i.main) refers to main.o(i.SystemClock_Config) for SystemClock_Config
    main.o(i.main) refers to gpio.o(i.MX_GPIO_Init) for MX_GPIO_Init
    main.o(i.main) refers to fsmc.o(i.MX_FSMC_Init) for MX_FSMC_Init
    main.o(i.main) refers to tim.o(i.MX_TIM14_Init) for MX_TIM14_Init
    main.o(i.main) refers to stm32f4xx_hal_tim.o(i.HAL_TIM_Base_Start_IT) for HAL_TIM_Base_Start_IT
    main.o(i.main) refers to stm32f4xx_hal_tim.o(i.HAL_TIM_PWM_Start) for HAL_TIM_PWM_Start
    main.o(i.main) refers to drv_lcd.o(i.drv_lcd_init) for drv_lcd_init
[...]
    i.I2C_WaitOnFlagUntilTimeout             0x080034d0   Section        0  stm32f4xx_hal_i2c.o(i.I2C_WaitOnFlagUntilTimeout)
    I2C_WaitOnFlagUntilTimeout               0x080034d1   Thumb Code   144  stm32f4xx_hal_i2c.o(i.I2C_WaitOnFlagUntilTimeout)
    i.I2C_WaitOnMasterAddressFlagUntilTimeout 0x08003560   Section        0  stm32f4xx_hal_i2c.o(i.I2C_WaitOnMasterAddressFlagUntilTimeout)
    I2C_WaitOnMasterAddressFlagUntilTimeout  0x08003561   Thumb Code   188  stm32f4xx_hal_i2c.o(i.I2C_WaitOnMasterAddressFlagUntilTimeout)
    i.I2C_WaitOnRXNEFlagUntilTimeout         0x0800361c   Section        0  stm32f4xx_hal_i2c.o(i.I2C_WaitOnRXNEFlagUntilTimeout)
    I2C_WaitOnRXNEFlagUntilTimeout           0x0800361d   Thumb Code   112  stm32f4xx_hal_i2c.o(i.I2C_WaitOnRXNEFlagUntilTimeout)
    i.I2C_WaitOnTXEFlagUntilTimeout          0x0800368c   Section        0  stm32f4xx_hal_i2c.o(i.I2C_WaitOnTXEFlagUntilTimeout)
    I2C_WaitOnTXEFlagUntilTimeout            0x0800368d   Thumb Code    86  stm32f4xx_hal_i2c.o(i.I2C_WaitOnTXEFlagUntilTimeout)
    i.ICM20608_Init                          0x080036e4   Section        0  main.o(i.ICM20608_Init)
    i.ICM20608_ReadRawData                   0x0800376c   Section        0  main.o(i.ICM20608_ReadRawData)
    i.LCD_Display                            0x08003804   Section        0  main.o(i.LCD_Display)
    i.LCD_Display_Dir                        0x08003a04   Section        0  drv_lcd.o(i.LCD_Display_Dir)
    i.LCD_WriteRAM_Prepare                   0x08003a24   Section        0  drv_lcd.o(i.LCD_WriteRAM_Prepare)
    i.LPF_Update                             0x08003a38   Section        0  main.o(i.LPF_Update)
    i.MX_FSMC_Init                           0x08003a5c   Section        0  fsmc.o(i.MX_FSMC_Init)
    i.MX_GPIO_Init                           0x08003ae8   Section        0  gpio.o(i.MX_GPIO_Init)
    i.MX_I2C2_Init                           0x08003bdc   Section        0  i2c.o(i.MX_I2C2_Init)
    i.MX_TIM14_Init                          0x08003c1c   Section        0  tim.o(i.MX_TIM14_Init)
    i.MX_USART1_UART_Init                    0x08003c88   Section        0  usart.o(i.MX_USART1_UART_Init)
    i.MeanFilter_Update                      0x08003cc0   Section        0  main.o(i.MeanFilter_Update)
    i.MemManage_Handler                      0x08003d00   Section        0  stm32f4xx_it.o(i.MemManage_Handler)
    i.NMI_Handler                            0x08003d02   Section        0  stm32f4xx_it.o(i.NMI_Handler)
    i.PendSV_Handler                         0x08003d04   Section        0  stm32f4xx_it.o(i.PendSV_Handler)
    i.SVC_Handler                            0x08003d06   Section        0  stm32f4xx_it.o(i.SVC_Handler)
    i.SysTick_Handler                        0x08003d08   Section        0  stm32f4xx_it.o(i.SysTick_Handler)
    i.SystemClock_Config                     0x08003d0c   Section        0  main.o(i.SystemClock_Config)
    i.SystemInit                             0x08003da0   Section        0  system_stm32f4xx.o(i.SystemInit)
    i.TIM_Base_SetConfig                     0x08003db0   Section        0  stm32f4xx_hal_tim.o(i.TIM_Base_SetConfig)
    i.TIM_CCxChannelCmd                      0x08003e88   Section        0  stm32f4xx_hal_tim.o(i.TIM_CCxChannelCmd)
    i.TIM_OC1_SetConfig                      0x08003ea4   Section        0  stm32f4xx_hal_tim.o(i.TIM_OC1_SetConfig)
    TIM_OC1_SetConfig                        0x08003ea5   Thumb Code    88  stm32f4xx_hal_tim.o(i.TIM_OC1_SetConfig)
    i.TIM_OC2_SetConfig                      0x08003f04   Section        0  stm32f4xx_hal_tim.o(i.TIM_OC2_SetConfig)
    i.TIM_OC3_SetConfig                      0x08003f70   Section        0  stm32f4xx_hal_tim.o(i.TIM_OC3_SetConfig)
    TIM_OC3_SetConfig                        0x08003f71   Thumb Code    96  stm32f4xx_hal_tim.o(i.TIM_OC3_SetConfig)
    i.TIM_OC4_SetConfig                      0x08003fd8   Section        0  stm32f4xx_hal_tim.o(i.TIM_OC4_SetConfig)
    TIM_OC4_SetConfig                        0x08003fd9   Thumb Code    70  stm32f4xx_hal_tim.o(i.TIM_OC4_SetConfig)
    i.UART_EndRxTransfer                     0x08004028   Section        0  stm32f4xx_hal_uart.o(i.UART_EndRxTransfer)
    UART_EndRxTransfer                       0x08004029   Thumb Code    78  stm32f4xx_hal_uart.o(i.UART_EndRxTransfer)
    i.UART_SetConfig                         0x08004078   Section        0  stm32f4xx_hal_uart.o(i.UART_SetConfig)
    UART_SetConfig                           0x08004079   Thumb Code   258  stm32f4xx_hal_uart.o(i.UART_SetConfig)
    i.UART_WaitOnFlagUntilTimeout            0x08004184   Section        0  stm32f4xx_hal_uart.o(i.UART_WaitOnFlagUntilTimeout)
    UART_WaitOnFlagUntilTimeout              0x08004185   Thumb Code   114  stm32f4xx_hal_uart.o(i.UART_WaitOnFlagUntilTimeout)
    i.UsageFault_Handler                     0x080041f6   Section        0  stm32f4xx_it.o(i.UsageFault_Handler)
    i.__ARM_fpclassify                       0x080041f8   Section        0  fpclassify.o(i.__ARM_fpclassify)
    i.__ARM_fpclassifyf                      0x08004228   Section        0  fpclassifyf.o(i.__ARM_fpclassifyf)
    i.__NVIC_SetPriority                     0x0800424e   Section        0  stm32f4xx_hal_cortex.o(i.__NVIC_SetPriority)
    __NVIC_SetPriority                       0x0800424f   Thumb Code    32  stm32f4xx_hal_cortex.o(i.__NVIC_SetPriority)
    i.__hardfp_atan2f                        0x08004270   Section        0  atan2f.o(i.__hardfp_atan2f)
    i.__hardfp_sqrtf                         0x0800451c   Section        0  sqrtf.o(i.__hardfp_sqrtf)
    i.__mathlib_flt_infnan2                  0x08004556   Section        0  funder.o(i.__mathlib_flt_infnan2)
    i.__mathlib_flt_underflow                0x0800455c   Section        0  funder.o(i.__mathlib_flt_underflow)
    i._is_digit                              0x0800456c   Section        0  __printf_wp.o(i._is_digit)
    i.drv_lcd_init                           0x0800457c   Section        0  drv_lcd.o(i.drv_lcd_init)
    i.fputc                                  0x080046dc   Section        0  main.o(i.fputc)
    i.lcd_address_set                        0x080046f4   Section        0  drv_lcd.o(i.lcd_address_set)
    i.lcd_clear                              0x0800472c   Section        0  drv_lcd.o(i.lcd_clear)
    i.lcd_show_char                          0x08004760   Section        0  drv_lcd.o(i.lcd_show_char)
    lcd_show_char                            0x08004761   Thumb Code   692  drv_lcd.o(i.lcd_show_char)
    i.lcd_show_string                        0x08004a28   Section        0  drv_lcd.o(i.lcd_show_string)
    i.lcd_write_data_buffer                  0x08004ab0   Section        0  drv_lcd.o(i.lcd_write_data_buffer)
    lcd_write_data_buffer                    0x08004ab1   Thumb Code    20  drv_lcd.o(i.lcd_write_data_buffer)
    i.lcd_write_half_word                    0x08004ac8   Section        0  drv_lcd.o(i.lcd_write_half_word)
    lcd_write_half_word                      0x08004ac9   Thumb Code    12  drv_lcd.o(i.lcd_write_half_word)
    i.main                                   0x08004ad8   Section        0  main.o(i.main)
    locale$$code                             0x08004cd8   Section       44  lc_numeric_c.o(locale$$code)
    x$fpl$dretinf                            0x08004d04   Section       12  dretinf.o(x$fpl$dretinf)
    $v0                                      0x08004d04   Number         0  dretinf.o(x$fpl$dretinf)
    x$fpl$f2d                                0x08004d10   Section       86  f2d.o(x$fpl$f2d)
    $v0                                      0x08004d10   Number         0  f2d.o(x$fpl$f2d)
    x$fpl$fnaninf                            0x08004d66   Section      140  fnaninf.o(x$fpl$fnaninf)
    $v0                                      0x08004d66   Number         0  fnaninf.o(x$fpl$fnaninf)
    x$fpl$fpinit                             0x08004df2   Section       10  fpinit.o(x$fpl$fpinit)
    $v0                                      0x08004df2   Number         0  fpinit.o(x$fpl$fpinit)
    x$fpl$printf1                            0x08004dfc   Section        4  printf1.o(x$fpl$printf1)
    $v0                                      0x08004dfc   Number         0  printf1.o(x$fpl$printf1)
    .constdata                               0x08004e00   Section       16  system_stm32f4xx.o(.constdata)
    x$fpl$usenofp                            0x08004e00   Section        0  usenofp.o(x$fpl$usenofp)
    .constdata                               0x08004e10   Section        8  system_stm32f4xx.o(.constdata)
    .constdata                               0x08004e18   Section    12032  drv_lcd.o(.constdata)
    .constdata                               0x08007d18   Section       40  _printf_hex_int.o(.constdata)
    uc_hextab                                0x08007d18   Data          20  _printf_hex_int.o(.constdata)
    lc_hextab                                0x08007d2c   Data          20  _printf_hex_int.o(.constdata)
    .constdata                               0x08007d40   Section      148  bigflt0.o(.constdata)
    tenpwrs_x                                0x08007d40   Data          60  bigflt0.o(.constdata)
    tenpwrs_i                                0x08007d7c   Data          64  bigflt0.o(.constdata)
    .constdata                               0x08007dd4   Section        4  sys_io.o(.constdata)
    .constdata                               0x08007dd8   Section        4  sys_io.o(.constdata)
    .constdata                               0x08007ddc   Section        4  sys_io.o(.constdata)
    .conststring                             0x08007de0   Section       74  drv_lcd.o(.conststring)
    locale$$data                             0x08007e4c   Section       28  lc_numeric_c.o(locale$$data)
    __lcnum_c_name                           0x08007e50   Data           2  lc_numeric_c.o(locale$$data)
    __lcnum_c_start                          0x08007e58   Data           0  lc_numeric_c.o(locale$$data)
    __lcnum_c_point                          0x08007e64   Data           0  lc_numeric_c.o(locale$$data)
    __lcnum_c_thousands                      0x08007e66   Data           0  lc_numeric_c.o(locale$$data)
    __lcnum_c_grouping                       0x08007e67   Data           0  lc_numeric_c.o(locale$$data)
    __lcnum_c_end                            0x08007e68   Data           0  lc_numeric_c.o(locale$$data)
    .data                                    0x20000000   Section       72  main.o(.data)
    .data                                    0x20000048   Section        8  fsmc.o(.data)
    FSMC_Initialized                         0x20000048   Data           4  fsmc.o(.data)
    FSMC_DeInitialized                       0x2000004c   Data           4  fsmc.o(.data)
    .data                                    0x20000050   Section       12  stm32f4xx_hal.o(.data)
    .data                                    0x2000005c   Section        4  system_stm32f4xx.o(.data)
    .data                                    0x20000060   Section        4  drv_lcd.o(.data)
    .data                                    0x20000064   Section        4  stdio_streams.o(.data)
    .data                                    0x20000068   Section        4  stdio_streams.o(.data)
    .data                                    0x2000006c   Section        4  stdio_streams.o(.data)
    .bss                                     0x20000070   Section       72  main.o(.bss)
    .bss                                     0x200000b8   Section       80  fsmc.o(.bss)
    .bss                                     0x20000108   Section       84  i2c.o(.bss)
    .bss                                     0x2000015c   Section       72  tim.o(.bss)
    .bss                                     0x200001a4   Section       72  usart.o(.bss)
    .bss                                     0x200001ec   Section       14  drv_lcd.o(.bss)
    .bss                                     0x200001fc   Section       84  stdio_streams.o(.bss)
    .bss                                     0x20000250   Section       84  stdio_streams.o(.bss)
    .bss                                     0x200002a4   Section       84  stdio_streams.o(.bss)
    .bss                                     0x200002f8   Section       96  libspace.o(.bss)
    HEAP                                     0x20000358   Section      512  startup_stm32f407xx.o(HEAP)
    Heap_Mem                                 0x20000358   Data         512  startup_stm32f407xx.o(HEAP)
    STACK                                    0x20000558   Section     1024  startup_stm32f407xx.o(STACK)
    Stack_Mem                                0x20000558   Data        1024  startup_stm32f407xx.o(STACK)
    __initial_sp                             0x20000958   Data           0  startup_stm32f407xx.o(STACK)

    Global Symbols

    Symbol Name                              Value     Ov Type        Size  Object(Section)

    BuildAttributes$$THM_ISAv4$E$P$D$K$B$S$7EM$VFPi3$EXTD16$VFPS$VFMA$PE$A:L22UL41UL21$X:L11$S22US41US21$IEEE1$IW$USESV6$~STKCKD$USESV7$~SHL$OTIME$ROPI$IEEEX$EBA8$UX$STANDARDLIB$REQ8$PRES8$EABIv2 0x00000000   Number         0  anon$$obj.o ABSOLUTE
    __ARM_use_no_argv                        0x00000000   Number         0  main.o ABSOLUTE
    _printf_flags                            0x00000000   Number         0  printf_stubs.o ABSOLUTE
    _printf_return_value                     0x00000000   Number         0  printf_stubs.o ABSOLUTE
    _printf_sizespec                         0x00000000   Number         0  printf_stubs.o ABSOLUTE
    _printf_widthprec                        0x00000000   Number         0  printf_stubs.o ABSOLUTE
    __ARM_exceptions_init                     - Undefined Weak Reference
    __alloca_initialize                       - Undefined Weak Reference
    __arm_fini_                               - Undefined Weak Reference
    __arm_preinit_                            - Undefined Weak Reference
    __cpp_initialize__aeabi_                  - Undefined Weak Reference
    __cxa_finalize                            - Undefined Weak Reference
    __sigvec_lookup                           - Undefined Weak Reference
    __user_heap_extent                        - Undefined Weak Reference
    _atexit_init                              - Undefined Weak Reference
    _call_atexit_fns                          - Undefined Weak Reference
    _clock_init                               - Undefined Weak Reference
    _fp_trap_init                             - Undefined Weak Reference
    _fp_trap_shutdown                         - Undefined Weak Reference
    _get_lc_collate                           - Undefined Weak Reference
    _get_lc_ctype                             - Undefined Weak Reference
    _get_lc_monetary                          - Undefined Weak Reference
    _get_lc_time                              - Undefined Weak Reference
    _getenv_init                              - Undefined Weak Reference
    _handle_redirection                       - Undefined Weak Reference
    _mutex_acquire                            - Undefined Weak Reference
    _mutex_free                               - Undefined Weak Reference
    _mutex_release                            - Undefined Weak Reference
    _printf_post_padding                      - Undefined Weak Reference
    _printf_pre_padding                       - Undefined Weak Reference
    _printf_truncate_signed                   - Undefined Weak Reference
    _printf_truncate_unsigned                 - Undefined Weak Reference
    _rand_init                                - Undefined Weak Reference
    _signal_finish                            - Undefined Weak Reference
    _signal_init                              - Undefined Weak Reference
    __Vectors_Size                           0x00000188   Number         0  startup_stm32f407xx.o ABSOLUTE
    __Vectors                                0x08000000   Data           4  startup_stm32f407xx.o(RESET)
    __Vectors_End                            0x08000188   Data           0  startup_stm32f407xx.o(RESET)
    __main                                   0x08000189   Thumb Code     8  __main.o(!!!main)
    __scatterload                            0x08000191   Thumb Code     0  __scatter.o(!!!scatter)
    __scatterload_rt2                        0x08000191   Thumb Code    44  __scatter.o(!!!scatter)
    __scatterload_rt2_thumb_only             0x08000191   Thumb Code     0  __scatter.o(!!!scatter)
    __scatterload_null                       0x0800019f   Thumb Code     0  __scatter.o(!!!scatter)
    __scatterload_copy                       0x080001c5   Thumb Code    26  __scatter_copy.o(!!handler_copy)
    __scatterload_zeroinit                   0x080001e1   Thumb Code    28  __scatter_zi.o(!!handler_zi)
    _printf_f                                0x080001fd   Thumb Code     0  _printf_f.o(.ARM.Collect$$_printf_percent$$00000003)
    _printf_percent                          0x080001fd   Thumb Code     0  _printf_percent.o(.ARM.Collect$$_printf_percent$$00000000)
    _printf_d                                0x08000203   Thumb Code     0  _printf_d.o(.ARM.Collect$$_printf_percent$$00000009)
    _printf_x                                0x08000209   Thumb Code     0  _printf_x.o(.ARM.Collect$$_printf_percent$$0000000C)
    _printf_percent_end                      0x0800020f   Thumb Code     0  _printf_percent_end.o(.ARM.Collect$$_printf_percent$$00000017)
    __rt_lib_init                            0x08000213   Thumb Code     0  libinit.o(.ARM.Collect$$libinit$$00000000)
    __rt_lib_init_fp_1                       0x08000215   Thumb Code     0  libinit2.o(.ARM.Collect$$libinit$$00000001)
    __rt_lib_init_heap_2                     0x08000219   Thumb Code     0  libinit2.o(.ARM.Collect$$libinit$$00000005)
    __rt_lib_init_preinit_1                  0x08000219   Thumb Code     0  libinit2.o(.ARM.Collect$$libinit$$00000004)
    __rt_lib_init_heap_1                     0x08000221   Thumb Code     0  libinit2.o(.ARM.Collect$$libinit$$0000000A)
    __rt_lib_init_lc_common                  0x08000221   Thumb Code     0  libinit2.o(.ARM.Collect$$libinit$$0000000F)
    __rt_lib_init_rand_1                     0x08000221   Thumb Code     0  libinit2.o(.ARM.Collect$$libinit$$0000000E)
    __rt_lib_init_user_alloc_1               0x08000221   Thumb Code     0  libinit2.o(.ARM.Collect$$libinit$$0000000C)
    __rt_lib_init_lc_collate_1               0x08000227   Thumb Code     0  libinit2.o(.ARM.Collect$$libinit$$00000011)
    __rt_lib_init_lc_ctype_1                 0x08000227   Thumb Code     0  libinit2.o(.ARM.Collect$$libinit$$00000013)
    __rt_lib_init_lc_monetary_1              0x08000227   Thumb Code     0  libinit2.o(.ARM.Collect$$libinit$$00000015)
    __rt_lib_init_lc_numeric_2               0x08000227   Thumb Code     0  libinit2.o(.ARM.Collect$$libinit$$00000016)
    __rt_lib_init_atexit_1                   0x08000231   Thumb Code     0  libinit2.o(.ARM.Collect$$libinit$$0000001B)
    __rt_lib_init_clock_1                    0x08000231   Thumb Code     0  libinit2.o(.ARM.Collect$$libinit$$00000021)
    __rt_lib_init_fp_trap_1                  0x08000231   Thumb Code     0  libinit2.o(.ARM.Collect$$libinit$$0000001F)
    __rt_lib_init_getenv_1                   0x08000231   Thumb Code     0  libinit2.o(.ARM.Collect$$libinit$$00000023)
    __rt_lib_init_lc_numeric_1               0x08000231   Thumb Code     0  libinit2.o(.ARM.Collect$$libinit$$00000017)
    __rt_lib_init_lc_time_1                  0x08000231   Thumb Code     0  libinit2.o(.ARM.Collect$$libinit$$00000019)
    __rt_lib_init_signal_1                   0x08000231   Thumb Code     0  libinit2.o(.ARM.Collect$$libinit$$0000001D)
    __rt_lib_init_stdio_2                    0x08000231   Thumb Code     0  libinit2.o(.ARM.Collect$$libinit$$00000024)
    __rt_lib_init_alloca_1                   0x08000235   Thumb Code     0  libinit2.o(.ARM.Collect$$libinit$$0000002E)
    __rt_lib_init_argv_1                     0x08000235   Thumb Code     0  libinit2.o(.ARM.Collect$$libinit$$0000002C)
    __rt_lib_init_cpp_1                      0x08000235   Thumb Code     0  libinit2.o(.ARM.Collect$$libinit$$00000032)
    __rt_lib_init_exceptions_1               0x08000235   Thumb Code     0  libinit2.o(.ARM.Collect$$libinit$$00000030)
    __rt_lib_init_return                     0x08000235   Thumb Code     0  libinit2.o(.ARM.Collect$$libinit$$00000033)
    __rt_lib_init_stdio_1                    0x08000235   Thumb Code     0  libinit2.o(.ARM.Collect$$libinit$$00000025)
    __rt_lib_shutdown                        0x08000237   Thumb Code     0  libshutdown.o(.ARM.Collect$$libshutdown$$00000000)
    __rt_lib_shutdown_cpp_1                  0x08000239   Thumb Code     0  libshutdown2.o(.ARM.Collect$$libshutdown$$00000004)
    __rt_lib_shutdown_fini_1                 0x08000239   Thumb Code     0  libshutdown2.o(.ARM.Collect$$libshutdown$$00000002)
    __rt_lib_shutdown_stdio_2                0x08000239   Thumb Code     0  libshutdown2.o(.ARM.Collect$$libshutdown$$00000005)
    __rt_lib_shutdown_fp_trap_1              0x0800023d   Thumb Code     0  libshutdown2.o(.ARM.Collect$$libshutdown$$00000009)
    __rt_lib_shutdown_heap_1                 0x0800023d   Thumb Code     0  libshutdown2.o(.ARM.Collect$$libshutdown$$00000011)
    __rt_lib_shutdown_return                 0x0800023d   Thumb Code     0  libshutdown2.o(.ARM.Collect$$libshutdown$$00000012)
    __rt_lib_shutdown_signal_1               0x0800023d   Thumb Code     0  libshutdown2.o(.ARM.Collect$$libshutdown$$0000000C)
    __rt_lib_shutdown_stdio_1                0x0800023d   Thumb Code     0  libshutdown2.o(.ARM.Collect$$libshutdown$$00000006)
    __rt_lib_shutdown_user_alloc_1           0x0800023d   Thumb Code     0  libshutdown2.o(.ARM.Collect$$libshutdown$$0000000E)
    __rt_entry                               0x0800023f   Thumb Code     0  __rtentry.o(.ARM.Collect$$rtentry$$00000000)
    __rt_entry_presh_1                       0x0800023f   Thumb Code     0  __rtentry2.o(.ARM.Collect$$rtentry$$00000002)
    __rt_entry_sh                            0x0800023f   Thumb Code     0  __rtentry4.o(.ARM.Collect$$rtentry$$00000004)
    __rt_entry_li                            0x08000245   Thumb Code     0  __rtentry2.o(.ARM.Collect$$rtentry$$0000000A)
    __rt_entry_postsh_1                      0x08000245   Thumb Code     0  __rtentry2.o(.ARM.Collect$$rtentry$$00000009)
    __rt_entry_main                          0x08000249   Thumb Code     0  __rtentry2.o(.ARM.Collect$$rtentry$$0000000D)
    __rt_entry_postli_1                      0x08000249   Thumb Code     0  __rtentry2.o(.ARM.Collect$$rtentry$$0000000C)
    __rt_exit                                0x08000251   Thumb Code     0  rtexit.o(.ARM.Collect$$rtexit$$00000000)
    __rt_exit_ls                             0x08000253   Thumb Code     0  rtexit2.o(.ARM.Collect$$rtexit$$00000003)
    __rt_exit_prels_1                        0x08000253   Thumb Code     0  rtexit2.o(.ARM.Collect$$rtexit$$00000002)
    __rt_exit_exit                           0x08000257   Thumb Code     0  rtexit2.o(.ARM.Collect$$rtexit$$00000004)
    Reset_Handler                            0x0800025d   Thumb Code     8  startup_stm32f407xx.o(.text)
    _maybe_terminate_alloc                   0x0800025d   Thumb Code     0  maybetermalloc1.o(.emb_text)
    ADC_IRQHandler                           0x08000277   Thumb Code     0  startup_stm32f407xx.o(.text)
    CAN1_RX0_IRQHandler                      0x08000277   Thumb Code     0  startup_stm32f407xx.o(.text)
    CAN1_RX1_IRQHandler                      0x08000277   Thumb Code     0  startup_stm32f407xx.o(.text)
    CAN1_SCE_IRQHandler                      0x08000277   Thumb Code     0  startup_stm32f407xx.o(.text)
    CAN1_TX_IRQHandler                       0x08000277   Thumb Code     0  startup_stm32f407xx.o(.text)
    CAN2_RX0_IRQHandler                      0x08000277   Thumb Code     0  startup_stm32f407xx.o(.text)
    CAN2_RX1_IRQHandler                      0x08000277   Thumb Code     0  startup_stm32f407xx.o(.text)
    CAN2_SCE_IRQHandler                      0x08000277   Thumb Code     0  startup_stm32f407xx.o(.text)
    CAN2_TX_IRQHandler                       0x08000277   Thumb Code     0  startup_stm32f407xx.o(.text)
    DCMI_IRQHandler                          0x08000277   Thumb Code     0  startup_stm32f407xx.o(.text)
    DMA1_Stream0_IRQHandler                  0x08000277   Thumb Code     0  startup_stm32f407xx.o(.text)
    DMA1_Stream1_IRQHandler                  0x08000277   Thumb Code     0  startup_stm32f407xx.o(.text)
    DMA1_Stream2_IRQHandler                  0x08000277   Thumb Code     0  startup_stm32f407xx.o(.text)
    DMA1_Stream3_IRQHandler                  0x08000277   Thumb Code     0  startup_stm32f407xx.o(.text)
    DMA1_Stream4_IRQHandler                  0x08000277   Thumb Code     0  startup_stm32f407xx.o(.text)
    DMA1_Stream5_IRQHandler                  0x08000277   Thumb Code     0  startup_stm32f407xx.o(.text)
    DMA1_Stream6_IRQHandler                  0x08000277   Thumb Code     0  startup_stm32f407xx.o(.text)
    DMA1_Stream7_IRQHandler                  0x08000277   Thumb Code     0  startup_stm32f407xx.o(.text)
    DMA2_Stream0_IRQHandler                  0x08000277   Thumb Code     0  startup_stm32f407xx.o(.text)
    DMA2_Stream1_IRQHandler                  0x08000277   Thumb Code     0  startup_stm32f407xx.o(.text)
    DMA2_Stream2_IRQHandler                  0x08000277   Thumb Code     0  startup_stm32f407xx.o(.text)
    DMA2_Stream3_IRQHandler                  0x08000277   Thumb Code     0  startup_stm32f407xx.o(.text)
    DMA2_Stream4_IRQHandler                  0x08000277   Thumb Code     0  startup_stm32f407xx.o(.text)
    DMA2_Stream5_IRQHandler                  0x08000277   Thumb Code     0  startup_stm32f407xx.o(.text)
    DMA2_Stream6_IRQHandler                  0x08000277   Thumb Code     0  startup_stm32f407xx.o(.text)
    DMA2_Stream7_IRQHandler                  0x08000277   Thumb Code     0  startup_stm32f407xx.o(.text)
    ETH_IRQHandler                           0x08000277   Thumb Code     0  startup_stm32f407xx.o(.text)
    ETH_WKUP_IRQHandler                      0x08000277   Thumb Code     0  startup_stm32f407xx.o(.text)
    EXTI0_IRQHandler                         0x08000277   Thumb Code     0  startup_stm32f407xx.o(.text)
    EXTI15_10_IRQHandler                     0x08000277   Thumb Code     0  startup_stm32f407xx.o(.text)
    EXTI1_IRQHandler                         0x08000277   Thumb Code     0  startup_stm32f407xx.o(.text)
    EXTI2_IRQHandler                         0x08000277   Thumb Code     0  startup_stm32f407xx.o(.text)
    EXTI3_IRQHandler                         0x08000277   Thumb Code     0  startup_stm32f407xx.o(.text)
    EXTI4_IRQHandler                         0x08000277   Thumb Code     0  startup_stm32f407xx.o(.text)
    EXTI9_5_IRQHandler                       0x08000277   Thumb Code     0  startup_stm32f407xx.o(.text)
    FLASH_IRQHandler                         0x08000277   Thumb Code     0  startup_stm32f407xx.o(.text)
    FMC_IRQHandler                           0x08000277   Thumb Code     0  startup_stm32f407xx.o(.text)
    FPU_IRQHandler                           0x08000277   Thumb Code     0  startup_stm32f407xx.o(.text)
    HASH_RNG_IRQHandler                      0x08000277   Thumb Code     0  startup_stm32f407xx.o(.text)
    I2C1_ER_IRQHandler                       0x08000277   Thumb Code     0  startup_stm32f407xx.o(.text)
    I2C1_EV_IRQHandler                       0x08000277   Thumb Code     0  startup_stm32f407xx.o(.text)
    I2C2_ER_IRQHandler                       0x08000277   Thumb Code     0  startup_stm32f407xx.o(.text)
    I2C2_EV_IRQHandler                       0x08000277   Thumb Code     0  startup_stm32f407xx.o(.text)
    I2C3_ER_IRQHandler                       0x08000277   Thumb Code     0  startup_stm32f407xx.o(.text)
    I2C3_EV_IRQHandler                       0x08000277   Thumb Code     0  startup_stm32f407xx.o(.text)
    OTG_FS_IRQHandler                        0x08000277   Thumb Code     0  startup_stm32f407xx.o(.text)
    OTG_FS_WKUP_IRQHandler                   0x08000277   Thumb Code     0  startup_stm32f407xx.o(.text)
    OTG_HS_EP1_IN_IRQHandler                 0x08000277   Thumb Code     0  startup_stm32f407xx.o(.text)
    OTG_HS_EP1_OUT_IRQHandler                0x08000277   Thumb Code     0  startup_stm32f407xx.o(.text)
    OTG_HS_IRQHandler                        0x08000277   Thumb Code     0  startup_stm32f407xx.o(.text)
    OTG_HS_WKUP_IRQHandler                   0x08000277   Thumb Code     0  startup_stm32f407xx.o(.text)
    PVD_IRQHandler                           0x08000277   Thumb Code     0  startup_stm32f407xx.o(.text)
    RCC_IRQHandler                           0x08000277   Thumb Code     0  startup_stm32f407xx.o(.text)
    RTC_Alarm_IRQHandler                     0x08000277   Thumb Code     0  startup_stm32f407xx.o(.text)
    RTC_WKUP_IRQHandler                      0x08000277   Thumb Code     0  startup_stm32f407xx.o(.text)
    SDIO_IRQHandler                          0x08000277   Thumb Code     0  startup_stm32f407xx.o(.text)
    SPI1_IRQHandler                          0x08000277   Thumb Code     0  startup_stm32f407xx.o(.text)
    SPI2_IRQHandler                          0x08000277   Thumb Code     0  startup_stm32f407xx.o(.text)
    SPI3_IRQHandler                          0x08000277   Thumb Code     0  startup_stm32f407xx.o(.text)
    TAMP_STAMP_IRQHandler                    0x08000277   Thumb Code     0  startup_stm32f407xx.o(.text)
    TIM1_BRK_TIM9_IRQHandler                 0x08000277   Thumb Code     0  startup_stm32f407xx.o(.text)
    TIM1_CC_IRQHandler                       0x08000277   Thumb Code     0  startup_stm32f407xx.o(.text)
    TIM1_TRG_COM_TIM11_IRQHandler            0x08000277   Thumb Code     0  startup_stm32f407xx.o(.text)
    TIM1_UP_TIM10_IRQHandler                 0x08000277   Thumb Code     0  startup_stm32f407xx.o(.text)
    TIM2_IRQHandler                          0x08000277   Thumb Code     0  startup_stm32f407xx.o(.text)
    TIM3_IRQHandler                          0x08000277   Thumb Code     0  startup_stm32f407xx.o(.text)
    TIM4_IRQHandler                          0x08000277   Thumb Code     0  startup_stm32f407xx.o(.text)
    TIM5_IRQHandler                          0x08000277   Thumb Code     0  startup_stm32f407xx.o(.text)
    TIM6_DAC_IRQHandler                      0x08000277   Thumb Code     0  startup_stm32f407xx.o(.text)
    TIM7_IRQHandler                          0x08000277   Thumb Code     0  startup_stm32f407xx.o(.text)
    TIM8_BRK_TIM12_IRQHandler                0x08000277   Thumb Code     0  startup_stm32f407xx.o(.text)
    TIM8_CC_IRQHandler                       0x08000277   Thumb Code     0  startup_stm32f407xx.o(.text)
    TIM8_TRG_COM_TIM14_IRQHandler            0x08000277   Thumb Code     0  startup_stm32f407xx.o(.text)
    TIM8_UP_TIM13_IRQHandler                 0x08000277   Thumb Code     0  startup_stm32f407xx.o(.text)
    UART4_IRQHandler                         0x08000277   Thumb Code     0  startup_stm32f407xx.o(.text)
    UART5_IRQHandler                         0x08000277   Thumb Code     0  startup_stm32f407xx.o(.text)
    USART1_IRQHandler                        0x08000277   Thumb Code     0  startup_stm32f407xx.o(.text)
    USART2_IRQHandler                        0x08000277   Thumb Code     0  startup_stm32f407xx.o(.text)
    USART3_IRQHandler                        0x08000277   Thumb Code     0  startup_stm32f407xx.o(.text)
    USART6_IRQHandler                        0x08000277   Thumb Code     0  startup_stm32f407xx.o(.text)
    WWDG_IRQHandler                          0x08000277   Thumb Code     0  startup_stm32f407xx.o(.text)
    __user_initial_stackheap                 0x08000279   Thumb Code     0  startup_stm32f407xx.o(.text)
    malloc                                   0x0800029d   Thumb Code    94  h1_alloc.o(.text)
    free                                     0x080002fb   Thumb Code    78  h1_free.o(.text)
    __aeabi_uldivmod                         0x08000349   Thumb Code     0  lludivv7m.o(.text)
    _ll_udiv                                 0x08000349   Thumb Code   238  lludivv7m.o(.text)
    __2printf                                0x08000439   Thumb Code    20  noretval__2printf.o(.text)
    __2sprintf                               0x08000451   Thumb Code    34  noretval__2sprintf.o(.text)
    _printf_int_dec                          0x08000479   Thumb Code   104  _printf_dec.o(.text)
    _printf_int_hex                          0x080004f1   Thumb Code    84  _printf_hex_int.o(.text)
    _printf_longlong_hex                     0x080004f1   Thumb Code     0  _printf_hex_int.o(.text)
    __printf                                 0x08000549   Thumb Code   270  __printf_wp.o(.text)
    __aeabi_memclr4                          0x08000657   Thumb Code     0  rt_memclr_w.o(.text)
    __aeabi_memclr8                          0x08000657   Thumb Code     0  rt_memclr_w.o(.text)
    __rt_memclr_w                            0x08000657   Thumb Code    78  rt_memclr_w.o(.text)
    _memset_w                                0x0800065b   Thumb Code     0  rt_memclr_w.o(.text)
    __use_two_region_memory                  0x080006a5   Thumb Code     2  heapauxi.o(.text)
    __rt_heap_escrow                         0x080006a7   Thumb Code     2  heapauxi.o(.text)
    __rt_heap_expand                         0x080006a9   Thumb Code     2  heapauxi.o(.text)
    __rt_heap_descriptor                     0x080006ad   Thumb Code     8  rt_heap_descriptor_intlibspace.o(.text)
    __use_no_heap                            0x080006b5   Thumb Code     2  hguard.o(.text)
    __heap$guard                             0x080006b7   Thumb Code     2  hguard.o(.text)
    _terminate_user_alloc                    0x080006b9   Thumb Code     2  init_alloc.o(.text)
    _init_user_alloc                         0x080006bb   Thumb Code     2  init_alloc.o(.text)
    __Heap_Full                              0x080006bd   Thumb Code    34  init_alloc.o(.text)
    __Heap_Broken                            0x080006df   Thumb Code     6  init_alloc.o(.text)
    _init_alloc                              0x080006e5   Thumb Code    94  init_alloc.o(.text)
    __Heap_Initialize                        0x08000743   Thumb Code    10  h1_init.o(.text)
    __Heap_DescSize                          0x0800074d   Thumb Code     4  h1_init.o(.text)
    __read_errno                             0x08000751   Thumb Code    10  _rserrno.o(.text)
    __set_errno                              0x0800075b   Thumb Code    12  _rserrno.o(.text)
    _printf_int_common                       0x08000767   Thumb Code   178  _printf_intcommon.o(.text)
    __lib_sel_fp_printf                      0x08000819   Thumb Code     2  _printf_fp_dec.o(.text)
    _printf_fp_dec_real                      0x080009cb   Thumb Code   620  _printf_fp_dec.o(.text)
    _printf_char_common                      0x08000c43   Thumb Code    32  _printf_char_common.o(.text)
    _sputc                                   0x08000c69   Thumb Code    10  _sputc.o(.text)
    _printf_char_file                        0x08000c75   Thumb Code    32  _printf_char_file.o(.text)
    __user_libspace                          0x08000c99   Thumb Code     8  libspace.o(.text)
    __user_perproc_libspace                  0x08000c99   Thumb Code     0  libspace.o(.text)
    __user_perthread_libspace                0x08000c99   Thumb Code     0  libspace.o(.text)
    __rt_locale                              0x08000ca1   Thumb Code     8  rt_locale_intlibspace.o(.text)
    __aeabi_errno_addr                       0x08000ca9   Thumb Code     8  rt_errno_addr_intlibspace.o(.text)
    __errno$intlibspace                      0x08000ca9   Thumb Code     0  rt_errno_addr_intlibspace.o(.text)
    __rt_errno_addr$intlibspace              0x08000ca9   Thumb Code     0  rt_errno_addr_intlibspace.o(.text)
    __Heap_ProvideMemory                     0x08000cb1   Thumb Code    52  h1_extend.o(.text)
    _ll_udiv10                               0x08000ce5   Thumb Code   138  lludiv10.o(.text)
    _printf_fp_infnan                        0x08000d71   Thumb Code   112  _printf_fp_infnan.o(.text)
    _btod_etento                             0x08000df1   Thumb Code   224  bigflt0.o(.text)
    ferror                                   0x08000ed5   Thumb Code     8  ferror.o(.text)
    _initio                                  0x08000edd   Thumb Code   210  initio.o(.text)
    _terminateio                             0x08000faf   Thumb Code    56  initio.o(.text)
    __rt_SIGRTMEM                            0x08001015   Thumb Code    14  defsig_rtmem_outer.o(.text)
    _sys_open                                0x08001023   Thumb Code    20  sys_io.o(.text)
    _sys_close                               0x08001037   Thumb Code    12  sys_io.o(.text)
    _sys_write                               0x08001043   Thumb Code    16  sys_io.o(.text)
    _sys_read                                0x08001053   Thumb Code    14  sys_io.o(.text)
    _sys_istty                               0x08001061   Thumb Code    12  sys_io.o(.text)
    _sys_seek                                0x0800106d   Thumb Code    14  sys_io.o(.text)
    _sys_ensure                              0x0800107b   Thumb Code     2  sys_io.o(.text)
    _sys_flen                                0x0800107d   Thumb Code    12  sys_io.o(.text)
    __I$use$semihosting                      0x08001089   Thumb Code     0  use_no_semi.o(.text)
    __use_no_semihosting_swi                 0x08001089   Thumb Code     2  use_no_semi.o(.text)
    __semihosting_library_function           0x0800108b   Thumb Code     0  indicate_semi.o(.text)
    __user_setup_stackheap                   0x0800108b   Thumb Code    74  sys_stackheap_outer.o(.text)
    setvbuf                                  0x080010d5   Thumb Code    70  setvbuf.o(.text)
    freopen                                  0x0800111d   Thumb Code   158  fopen.o(.text)
    fopen                                    0x080011bb   Thumb Code    74  fopen.o(.text)
    _fclose_internal                         0x08001209   Thumb Code    76  fclose.o(.text)
    fclose                                   0x08001209   Thumb Code     0  fclose.o(.text)
    exit                                     0x08001255   Thumb Code    18  exit.o(.text)
    __sig_exit                               0x08001267   Thumb Code    10  defsig_exit.o(.text)
    __rt_SIGRTRED                            0x08001271   Thumb Code    14  defsig_rtred_outer.o(.text)
    __rt_SIGRTMEM_inner                      0x08001281   Thumb Code    22  defsig_rtmem_inner.o(.text)
    strcmp                                   0x080012d1   Thumb Code   128  strcmpv7m.o(.text)
    _sys_exit                                0x08001351   Thumb Code     8  sys_exit.o(.text)
    _fseek                                   0x0800135d   Thumb Code   242  fseek.o(.text)
    fseek                                    0x0800135d   Thumb Code     0  fseek.o(.text)
    _seterr                                  0x08001455   Thumb Code    20  stdio.o(.text)
    _writebuf                                0x08001469   Thumb Code    84  stdio.o(.text)
    _fflush                                  0x080014bd   Thumb Code    70  stdio.o(.text)
    _deferredlazyseek                        0x08001503   Thumb Code    60  stdio.o(.text)
    __default_signal_display                 0x08001545   Thumb Code    50  defsig_general.o(.text)
    __rt_SIGRTRED_inner                      0x08001579   Thumb Code    14  defsig_rtred_inner.o(.text)
    strlen                                   0x080015ad   Thumb Code    62  strlen.o(.text)
    _ttywrch                                 0x080015eb   Thumb Code    14  sys_wrch.o(.text)
    _ftell_internal                          0x080015f9   Thumb Code    66  ftell.o(.text)
    ftell                                    0x080015f9   Thumb Code     0  ftell.o(.text)
    _btod_d2e                                0x0800163b   Thumb Code    62  btod.o(CL$$btod_d2e)
    _d2e_denorm_low                          0x08001679   Thumb Code    70  btod.o(CL$$btod_d2e_denorm_low)
    _d2e_norm_op1                            0x080016bf   Thumb Code    96  btod.o(CL$$btod_d2e_norm_op1)
    __btod_div_common                        0x0800171f   Thumb Code   696  btod.o(CL$$btod_div_common)
    _e2e                                     0x08001a57   Thumb Code   220  btod.o(CL$$btod_e2e)
    _btod_ediv                               0x08001b33   Thumb Code    42  btod.o(CL$$btod_ediv)
    _btod_emul                               0x08001b5d   Thumb Code    42  btod.o(CL$$btod_emul)
    __btod_mult_common                       0x08001b87   Thumb Code   580  btod.o(CL$$btod_mult_common)
    BusFault_Handler                         0x08001dcb   Thumb Code     2  stm32f4xx_it.o(i.BusFault_Handler)
    CalculateAngles                          0x08001dcd   Thumb Code   108  main.o(i.CalculateAngles)
    DebugMon_Handler                         0x08001e41   Thumb Code     2  stm32f4xx_it.o(i.DebugMon_Handler)
    Error_Handler                            0x08001e43   Thumb Code     4  main.o(i.Error_Handler)
    FSMC_NORSRAM_Extended_Timing_Init        0x08001e49   Thumb Code    56  stm32f4xx_ll_fsmc.o(i.FSMC_NORSRAM_Extended_Timing_Init)
    FSMC_NORSRAM_Init                        0x08001e85   Thumb Code    98  stm32f4xx_ll_fsmc.o(i.FSMC_NORSRAM_Init)
    FSMC_NORSRAM_Timing_Init                 0x08001eed   Thumb Code    64  stm32f4xx_ll_fsmc.o(i.FSMC_NORSRAM_Timing_Init)
    HAL_Delay                                0x08001f31   Thumb Code    32  stm32f4xx_hal.o(i.HAL_Delay)
    HAL_GPIO_Init                            0x08001fe1   Thumb Code   450  stm32f4xx_hal_gpio.o(i.HAL_GPIO_Init)
    HAL_GPIO_WritePin                        0x080021d1   Thumb Code    10  stm32f4xx_hal_gpio.o(i.HAL_GPIO_WritePin)
    HAL_GetTick                              0x080021dd   Thumb Code     6  stm32f4xx_hal.o(i.HAL_GetTick)
    HAL_I2C_Init                             0x080021e9   Thumb Code   376  stm32f4xx_hal_i2c.o(i.HAL_I2C_Init)
    HAL_I2C_Mem_Read                         0x08002371   Thumb Code   502  stm32f4xx_hal_i2c.o(i.HAL_I2C_Mem_Read)
    HAL_I2C_Mem_Write                        0x08002575   Thumb Code   294  stm32f4xx_hal_i2c.o(i.HAL_I2C_Mem_Write)
    HAL_I2C_MspInit                          0x080026a5   Thumb Code    90  i2c.o(i.HAL_I2C_MspInit)
    HAL_IncTick                              0x0800270d   Thumb Code    12  stm32f4xx_hal.o(i.HAL_IncTick)
    HAL_Init                                 0x0800271d   Thumb Code    48  stm32f4xx_hal.o(i.HAL_Init)
    HAL_InitTick                             0x08002751   Thumb Code    54  stm32f4xx_hal.o(i.HAL_InitTick)
    HAL_MspInit                              0x08002791   Thumb Code    42  stm32f4xx_hal_msp.o(i.HAL_MspInit)
    HAL_NVIC_SetPriority                     0x080027c1   Thumb Code    60  stm32f4xx_hal_cortex.o(i.HAL_NVIC_SetPriority)
    HAL_NVIC_SetPriorityGrouping             0x08002801   Thumb Code    26  stm32f4xx_hal_cortex.o(i.HAL_NVIC_SetPriorityGrouping)
    HAL_RCC_ClockConfig                      0x08002825   Thumb Code   288  stm32f4xx_hal_rcc.o(i.HAL_RCC_ClockConfig)
    HAL_RCC_GetPCLK1Freq                     0x08002959   Thumb Code    20  stm32f4xx_hal_rcc.o(i.HAL_RCC_GetPCLK1Freq)
    HAL_RCC_GetPCLK2Freq                     0x08002979   Thumb Code    20  stm32f4xx_hal_rcc.o(i.HAL_RCC_GetPCLK2Freq)
    HAL_RCC_GetSysClockFreq                  0x08002999   Thumb Code    88  stm32f4xx_hal_rcc.o(i.HAL_RCC_GetSysClockFreq)
    HAL_RCC_OscConfig                        0x080029f9   Thumb Code   856  stm32f4xx_hal_rcc.o(i.HAL_RCC_OscConfig)
    HAL_SRAM_Init                            0x08002d65   Thumb Code    92  stm32f4xx_hal_sram.o(i.HAL_SRAM_Init)
    HAL_SRAM_MspInit                         0x08002dc1   Thumb Code     4  fsmc.o(i.HAL_SRAM_MspInit)
    HAL_SYSTICK_Config                       0x08002dc5   Thumb Code    40  stm32f4xx_hal_cortex.o(i.HAL_SYSTICK_Config)
    HAL_TIM_Base_Init                        0x08002ded   Thumb Code    90  stm32f4xx_hal_tim.o(i.HAL_TIM_Base_Init)
    HAL_TIM_Base_MspInit                     0x08002e49   Thumb Code    30  tim.o(i.HAL_TIM_Base_MspInit)
    HAL_TIM_Base_Start_IT                    0x08002e71   Thumb Code   100  stm32f4xx_hal_tim.o(i.HAL_TIM_Base_Start_IT)
    HAL_TIM_MspPostInit                      0x08002ef1   Thumb Code    72  tim.o(i.HAL_TIM_MspPostInit)
    HAL_TIM_PWM_ConfigChannel                0x08002f45   Thumb Code   204  stm32f4xx_hal_tim.o(i.HAL_TIM_PWM_ConfigChannel)
    HAL_TIM_PWM_Init                         0x08003011   Thumb Code    90  stm32f4xx_hal_tim.o(i.HAL_TIM_PWM_Init)
    HAL_TIM_PWM_MspInit                      0x0800306b   Thumb Code     2  stm32f4xx_hal_tim.o(i.HAL_TIM_PWM_MspInit)
    HAL_TIM_PWM_Start                        0x0800306d   Thumb Code   172  stm32f4xx_hal_tim.o(i.HAL_TIM_PWM_Start)
    HAL_UART_Init                            0x08003135   Thumb Code   100  stm32f4xx_hal_uart.o(i.HAL_UART_Init)
    HAL_UART_MspInit                         0x08003199   Thumb Code    94  usart.o(i.HAL_UART_MspInit)
    HAL_UART_Transmit                        0x08003205   Thumb Code   160  stm32f4xx_hal_uart.o(i.HAL_UART_Transmit)
    HardFault_Handler                        0x080032a5   Thumb Code     2  stm32f4xx_it.o(i.HardFault_Handler)
    ICM20608_Init                            0x080036e5   Thumb Code   130  main.o(i.ICM20608_Init)
    ICM20608_ReadRawData                     0x0800376d   Thumb Code   122  main.o(i.ICM20608_ReadRawData)
    LCD_Display                              0x08003805   Thumb Code   384  main.o(i.LCD_Display)
    LCD_Display_Dir                          0x08003a05   Thumb Code    26  drv_lcd.o(i.LCD_Display_Dir)
    LCD_WriteRAM_Prepare                     0x08003a25   Thumb Code    10  drv_lcd.o(i.LCD_WriteRAM_Prepare)
    LPF_Update                               0x08003a39   Thumb Code    34  main.o(i.LPF_Update)
    MX_FSMC_Init                             0x08003a5d   Thumb Code   130  fsmc.o(i.MX_FSMC_Init)
    MX_GPIO_Init                             0x08003ae9   Thumb Code   228  gpio.o(i.MX_GPIO_Init)
    MX_I2C2_Init                             0x08003bdd   Thumb Code    50  i2c.o(i.MX_I2C2_Init)
    MX_TIM14_Init                            0x08003c1d   Thumb Code    98  tim.o(i.MX_TIM14_Init)
    MX_USART1_UART_Init                      0x08003c89   Thumb Code    48  usart.o(i.MX_USART1_UART_Init)
    MeanFilter_Update                        0x08003cc1   Thumb Code    60  main.o(i.MeanFilter_Update)
    MemManage_Handler                        0x08003d01   Thumb Code     2  stm32f4xx_it.o(i.MemManage_Handler)
    NMI_Handler                              0x08003d03   Thumb Code     2  stm32f4xx_it.o(i.NMI_Handler)
    PendSV_Handler                           0x08003d05   Thumb Code     2  stm32f4xx_it.o(i.PendSV_Handler)
    SVC_Handler                              0x08003d07   Thumb Code     2  stm32f4xx_it.o(i.SVC_Handler)
    SysTick_Handler                          0x08003d09   Thumb Code     4  stm32f4xx_it.o(i.SysTick_Handler)
    SystemClock_Config                       0x08003d0d   Thumb Code   138  main.o(i.SystemClock_Config)
    SystemInit                               0x08003da1   Thumb Code    12  system_stm32f4xx.o(i.SystemInit)
    TIM_Base_SetConfig                       0x08003db1   Thumb Code   170  stm32f4xx_hal_tim.o(i.TIM_Base_SetConfig)
    TIM_CCxChannelCmd                        0x08003e89   Thumb Code    26  stm32f4xx_hal_tim.o(i.TIM_CCxChannelCmd)
    TIM_OC2_SetConfig                        0x08003f05   Thumb Code    98  stm32f4xx_hal_tim.o(i.TIM_OC2_SetConfig)
    UsageFault_Handler                       0x080041f7   Thumb Code     2  stm32f4xx_it.o(i.UsageFault_Handler)
    __ARM_fpclassify                         0x080041f9   Thumb Code    48  fpclassify.o(i.__ARM_fpclassify)
    __ARM_fpclassifyf                        0x08004229   Thumb Code    38  fpclassifyf.o(i.__ARM_fpclassifyf)
    __hardfp_atan2f                          0x08004271   Thumb Code   594  atan2f.o(i.__hardfp_atan2f)
    __hardfp_sqrtf                           0x0800451d   Thumb Code    58  sqrtf.o(i.__hardfp_sqrtf)
    __mathlib_flt_infnan2                    0x08004557   Thumb Code     6  funder.o(i.__mathlib_flt_infnan2)
    __mathlib_flt_underflow                  0x0800455d   Thumb Code    10  funder.o(i.__mathlib_flt_underflow)
    _is_digit                                0x0800456d   Thumb Code    14  __printf_wp.o(i._is_digit)
    drv_lcd_init                             0x0800457d   Thumb Code   328  drv_lcd.o(i.drv_lcd_init)
    fputc                                    0x080046dd   Thumb Code    20  main.o(i.fputc)
    lcd_address_set                          0x080046f5   Thumb Code    46  drv_lcd.o(i.lcd_address_set)
    lcd_clear                                0x0800472d   Thumb Code    48  drv_lcd.o(i.lcd_clear)
    lcd_show_string                          0x08004a29   Thumb Code   102  drv_lcd.o(i.lcd_show_string)
    main                                     0x08004ad9   Thumb Code   466  main.o(i.main)
    _get_lc_numeric                          0x08004cd9   Thumb Code    44  lc_numeric_c.o(locale$$code)
    __fpl_dretinf                            0x08004d05   Thumb Code    12  dretinf.o(x$fpl$dretinf)
    __aeabi_f2d                              0x08004d11   Thumb Code     0  f2d.o(x$fpl$f2d)
    _f2d                                     0x08004d11   Thumb Code    86  f2d.o(x$fpl$f2d)
    __fpl_fnaninf                            0x08004d67   Thumb Code   140  fnaninf.o(x$fpl$fnaninf)
    _fp_init                                 0x08004df3   Thumb Code    10  fpinit.o(x$fpl$fpinit)
    __fplib_config_fpu_vfp                   0x08004dfb   Thumb Code     0  fpinit.o(x$fpl$fpinit)
    __fplib_config_pureend_doubles           0x08004dfb   Thumb Code     0  fpinit.o(x$fpl$fpinit)
    _printf_fp_dec                           0x08004dfd   Thumb Code     4  printf1.o(x$fpl$printf1)
    AHBPrescTable                            0x08004e00   Data          16  system_stm32f4xx.o(.constdata)
    __I$use$fp                               0x08004e00   Number         0  usenofp.o(x$fpl$usenofp)
    APBPrescTable                            0x08004e10   Data           8  system_stm32f4xx.o(.constdata)
    asc2_1608                                0x08004e18   Data        1504  drv_lcd.o(.constdata)
    asc2_2412                                0x080053f8   Data        4512  drv_lcd.o(.constdata)
    asc2_3216                                0x08006598   Data        6016  drv_lcd.o(.constdata)
    __stdin_name                             0x08007dd4   Data           4  sys_io.o(.constdata)
    __stdout_name                            0x08007dd8   Data           4  sys_io.o(.constdata)
    __stderr_name                            0x08007ddc   Data           4  sys_io.o(.constdata)
    Region$$Table$$Base                      0x08007e2c   Number         0  anon$$obj.o(Region$$Table)
    Region$$Table$$Limit                     0x08007e4c   Number         0  anon$$obj.o(Region$$Table)
    ax_filtered                              0x20000000   Data           4  main.o(.data)
    ay_filtered                              0x20000004   Data           4  main.o(.data)
    az_filtered                              0x20000008   Data           4  main.o(.data)
    accel                                    0x2000000c   Data           6  main.o(.data)
    gyro                                     0x20000012   Data           6  main.o(.data)
    lpf_gyro_z                               0x20000018   Data           8  main.o(.data)
    lpf_gyro_x                               0x20000020   Data           8  main.o(.data)
    lpf_gyro_y                               0x20000028   Data           8  main.o(.data)
    lpf_ax                                   0x20000030   Data           8  main.o(.data)
    lpf_ay                                   0x20000038   Data           8  main.o(.data)
    lpf_az                                   0x20000040   Data           8  main.o(.data)
    uwTickFreq                               0x20000050   Data           1  stm32f4xx_hal.o(.data)
    uwTickPrio                               0x20000054   Data           4  stm32f4xx_hal.o(.data)
    uwTick                                   0x20000058   Data           4  stm32f4xx_hal.o(.data)
    SystemCoreClock                          0x2000005c   Data           4  system_stm32f4xx.o(.data)
    BACK_COLOR                               0x20000060   Data           2  drv_lcd.o(.data)
    FORE_COLOR                               0x20000062   Data           2  drv_lcd.o(.data)
    __aeabi_stdin                            0x20000064   Data           4  stdio_streams.o(.data)
    __aeabi_stdout                           0x20000068   Data           4  stdio_streams.o(.data)
    __aeabi_stderr                           0x2000006c   Data           4  stdio_streams.o(.data)
    accel_filter_x                           0x20000070   Data          24  main.o(.bss)
    accel_filter_y                           0x20000088   Data          24  main.o(.bss)
    accel_filter_z                           0x200000a0   Data          24  main.o(.bss)
    hsram3                                   0x200000b8   Data          80  fsmc.o(.bss)
    hi2c2                                    0x20000108   Data          84  i2c.o(.bss)
    htim14                                   0x2000015c   Data          72  tim.o(.bss)
    huart1                                   0x200001a4   Data          72  usart.o(.bss)
    lcddev                                   0x200001ec   Data          14  drv_lcd.o(.bss)
    __stdin                                  0x200001fc   Data          84  stdio_streams.o(.bss)
    __stdout                                 0x20000250   Data          84  stdio_streams.o(.bss)
    __stderr                                 0x200002a4   Data          84  stdio_streams.o(.bss)
    __libspace_start                         0x200002f8   Data          96  libspace.o(.bss)
    __temporary_stack_top$libspace           0x20000358   Data           0  libspace.o(.bss)



==============================================================================

Memory Map of the image

  Image Entry point : 0x08000189

  Load Region LR_IROM1 (Base: 0x08000000, Size: 0x00007ed8, Max: 0x00100000, ABSOLUTE)

    Execution Region ER_IROM1 (Exec base: 0x08000000, Load base: 0x08000000, Size: 0x00007e68, Max: 0x00100000, ABSOLUTE)

    Exec Addr    Load Addr    Size         Type   Attr      Idx    E Section Name        Object

    0x08000000   0x08000000   0x00000188   Data   RO            3    RESET               startup_stm32f407xx.o
    0x08000188   0x08000188   0x00000008   Code   RO         4217  * !!!main             c_w.l(__main.o)
    0x08000190   0x08000190   0x00000034   Code   RO         4586    !!!scatter          c_w.l(__scatter.o)
    0x080001c4   0x080001c4   0x0000001a   Code   RO         4588    !!handler_copy      c_w.l(__scatter_copy.o)
    0x080001de   0x080001de   0x00000002   PAD
    0x080001e0   0x080001e0   0x0000001c   Code   RO         4590    !!handler_zi        c_w.l(__scatter_zi.o)
    0x080001fc   0x080001fc   0x00000000   Code   RO         4212    .ARM.Collect$$_printf_percent$$00000000  c_w.l(_printf_percent.o)
    0x080001fc   0x080001fc   0x00000006   Code   RO         4211    .ARM.Collect$$_printf_percent$$00000003  c_w.l(_printf_f.o)
    0x08000202   0x08000202   0x00000006   Code   RO         4210    .ARM.Collect$$_printf_percent$$00000009  c_w.l(_printf_d.o)
    0x08000208   0x08000208   0x00000006   Code   RO         4209    .ARM.Collect$$_printf_percent$$0000000C  c_w.l(_printf_x.o)
    0x0800020e   0x0800020e   0x00000004   Code   RO         4291    .ARM.Collect$$_printf_percent$$00000017  c_w.l(_printf_percent_end.o)
    0x08000212   0x08000212   0x00000002   Code   RO         4515    .ARM.Collect$$libinit$$00000000  c_w.l(libinit.o)
    0x08000214   0x08000214   0x00000004   Code   RO         4302    .ARM.Collect$$libinit$$00000001  c_w.l(libinit2.o)
    0x08000218   0x08000218   0x00000000   Code   RO         4305    .ARM.Collect$$libinit$$00000004  c_w.l(libinit2.o)
    0x08000218   0x08000218   0x00000008   Code   RO         4306    .ARM.Collect$$libinit$$00000005  c_w.l(libinit2.o)
    0x08000220   0x08000220   0x00000000   Code   RO         4308    .ARM.Collect$$libinit$$0000000A  c_w.l(libinit2.o)
    0x08000220   0x08000220   0x00000000   Code   RO         4310    .ARM.Collect$$libinit$$0000000C  c_w.l(libinit2.o)
    0x08000220   0x08000220   0x00000000   Code   RO         4312    .ARM.Collect$$libinit$$0000000E  c_w.l(libinit2.o)
    0x08000220   0x08000220   0x00000006   Code   RO         4313    .ARM.Collect$$libinit$$0000000F  c_w.l(libinit2.o)
    0x08000226   0x08000226   0x00000000   Code   RO         4315    .ARM.Collect$$libinit$$00000011  c_w.l(libinit2.o)
    0x08000226   0x08000226   0x00000000   Code   RO         4317    .ARM.Collect$$libinit$$00000013  c_w.l(libinit2.o)
    0x08000226   0x08000226   0x00000000   Code   RO         4319    .ARM.Collect$$libinit$$00000015  c_w.l(libinit2.o)
    0x08000226   0x08000226   0x0000000a   Code   RO         4320    .ARM.Collect$$libinit$$00000016  c_w.l(libinit2.o)
    0x08000230   0x08000230   0x00000000   Code   RO         4321    .ARM.Collect$$libinit$$00000017  c_w.l(libinit2.o)
    0x08000230   0x08000230   0x00000000   Code   RO         4323    .ARM.Collect$$libinit$$00000019  c_w.l(libinit2.o)
    0x08000230   0x08000230   0x00000000   Code   RO         4325    .ARM.Collect$$libinit$$0000001B  c_w.l(libinit2.o)
    0x08000230   0x08000230   0x00000000   Code   RO         4327    .ARM.Collect$$libinit$$0000001D  c_w.l(libinit2.o)
    0x08000230   0x08000230   0x00000000   Code   RO         4329    .ARM.Collect$$libinit$$0000001F  c_w.l(libinit2.o)
    0x08000230   0x08000230   0x00000000   Code   RO         4331    .ARM.Collect$$libinit$$00000021  c_w.l(libinit2.o)
    0x08000230   0x08000230   0x00000000   Code   RO         4333    .ARM.Collect$$libinit$$00000023  c_w.l(libinit2.o)
    0x08000230   0x08000230   0x00000004   Code   RO         4334    .ARM.Collect$$libinit$$00000024  c_w.l(libinit2.o)
    0x08000234   0x08000234   0x00000000   Code   RO         4335    .ARM.Collect$$libinit$$00000025  c_w.l(libinit2.o)
    0x08000234   0x08000234   0x00000000   Code   RO         4339    .ARM.Collect$$libinit$$0000002C  c_w.l(libinit2.o)
    0x08000234   0x08000234   0x00000000   Code   RO         4341    .ARM.Collect$$libinit$$0000002E  c_w.l(libinit2.o)
    0x08000234   0x08000234   0x00000000   Code   RO         4343    .ARM.Collect$$libinit$$00000030  c_w.l(libinit2.o)
    0x08000234   0x08000234   0x00000000   Code   RO         4345    .ARM.Collect$$libinit$$00000032  c_w.l(libinit2.o)
    0x08000234   0x08000234   0x00000002   Code   RO         4346    .ARM.Collect$$libinit$$00000033  c_w.l(libinit2.o)
    0x08000236   0x08000236   0x00000002   Code   RO         4583    .ARM.Collect$$libshutdown$$00000000  c_w.l(libshutdown.o)
    0x08000238   0x08000238   0x00000000   Code   RO         4517    .ARM.Collect$$libshutdown$$00000002  c_w.l(libshutdown2.o)
    0x08000238   0x08000238   0x00000000   Code   RO         4519    .ARM.Collect$$libshutdown$$00000004  c_w.l(libshutdown2.o)
    0x08000238   0x08000238   0x00000004   Code   RO         4520    .ARM.Collect$$libshutdown$$00000005  c_w.l(libshutdown2.o)
    0x0800023c   0x0800023c   0x00000000   Code   RO         4521    .ARM.Collect$$libshutdown$$00000006  c_w.l(libshutdown2.o)
    0x0800023c   0x0800023c   0x00000000   Code   RO         4524    .ARM.Collect$$libshutdown$$00000009  c_w.l(libshutdown2.o)
    0x0800023c   0x0800023c   0x00000000   Code   RO         4527    .ARM.Collect$$libshutdown$$0000000C  c_w.l(libshutdown2.o)
    0x0800023c   0x0800023c   0x00000000   Code   RO         4529    .ARM.Collect$$libshutdown$$0000000E  c_w.l(libshutdown2.o)
    0x0800023c   0x0800023c   0x00000000   Code   RO         4532    .ARM.Collect$$libshutdown$$00000011  c_w.l(libshutdown2.o)
    0x0800023c   0x0800023c   0x00000002   Code   RO         4533    .ARM.Collect$$libshutdown$$00000012  c_w.l(libshutdown2.o)
    0x0800023e   0x0800023e   0x00000000   Code   RO         4249    .ARM.Collect$$rtentry$$00000000  c_w.l(__rtentry.o)
    0x0800023e   0x0800023e   0x00000000   Code   RO         4374    .ARM.Collect$$rtentry$$00000002  c_w.l(__rtentry2.o)
    0x0800023e   0x0800023e   0x00000006   Code   RO         4386    .ARM.Collect$$rtentry$$00000004  c_w.l(__rtentry4.o)
    0x08000244   0x08000244   0x00000000   Code   RO         4376    .ARM.Collect$$rtentry$$00000009  c_w.l(__rtentry2.o)
    0x08000244   0x08000244   0x00000004   Code   RO         4377    .ARM.Collect$$rtentry$$0000000A  c_w.l(__rtentry2.o)
    0x08000248   0x08000248   0x00000000   Code   RO         4379    .ARM.Collect$$rtentry$$0000000C  c_w.l(__rtentry2.o)
    0x08000248   0x08000248   0x00000008   Code   RO         4380    .ARM.Collect$$rtentry$$0000000D  c_w.l(__rtentry2.o)
    0x08000250   0x08000250   0x00000002   Code   RO         4536    .ARM.Collect$$rtexit$$00000000  c_w.l(rtexit.o)
    0x08000252   0x08000252   0x00000000   Code   RO         4559    .ARM.Collect$$rtexit$$00000002  c_w.l(rtexit2.o)
    0x08000252   0x08000252   0x00000004   Code   RO         4560    .ARM.Collect$$rtexit$$00000003  c_w.l(rtexit2.o)
    0x08000256   0x08000256   0x00000006   Code   RO         4561    .ARM.Collect$$rtexit$$00000004  c_w.l(rtexit2.o)
    0x0800025c   0x0800025c   0x00000000   Code   RO         4402    .emb_text           c_w.l(maybetermalloc1.o)
    0x0800025c   0x0800025c   0x00000040   Code   RO            4    .text               startup_stm32f407xx.o
    0x0800029c   0x0800029c   0x0000005e   Code   RO         4096    .text               c_w.l(h1_alloc.o)
    0x080002fa   0x080002fa   0x0000004e   Code   RO         4098    .text               c_w.l(h1_free.o)
    0x08000348   0x08000348   0x000000ee   Code   RO         4154    .text               c_w.l(lludivv7m.o)
    0x08000436   0x08000436   0x00000002   PAD
    0x08000438   0x08000438   0x00000018   Code   RO         4160    .text               c_w.l(noretval__2printf.o)
    0x08000450   0x08000450   0x00000028   Code   RO         4162    .text               c_w.l(noretval__2sprintf.o)
    0x08000478   0x08000478   0x00000078   Code   RO         4166    .text               c_w.l(_printf_dec.o)
    0x080004f0   0x080004f0   0x00000058   Code   RO         4171    .text               c_w.l(_printf_hex_int.o)
    0x08000548   0x08000548   0x0000010e   Code   RO         4197    .text               c_w.l(__printf_wp.o)
    0x08000656   0x08000656   0x0000004e   Code   RO         4213    .text               c_w.l(rt_memclr_w.o)
    0x080006a4   0x080006a4   0x00000006   Code   RO         4215    .text               c_w.l(heapauxi.o)
    0x080006aa   0x080006aa   0x00000002   PAD
    0x080006ac   0x080006ac   0x00000008   Code   RO         4257    .text               c_w.l(rt_heap_descriptor_intlibspace.o)
    0x080006b4   0x080006b4   0x00000004   Code   RO         4259    .text               c_w.l(hguard.o)
    0x080006b8   0x080006b8   0x0000008a   Code   RO         4261    .text               c_w.l(init_alloc.o)
    0x08000742   0x08000742   0x0000000e   Code   RO         4265    .text               c_w.l(h1_init.o)
    0x08000750   0x08000750   0x00000016   Code   RO         4279    .text               c_w.l(_rserrno.o)
    0x08000766   0x08000766   0x000000b2   Code   RO         4281    .text               c_w.l(_printf_intcommon.o)
    0x08000818   0x08000818   0x0000041e   Code   RO         4283    .text               c_w.l(_printf_fp_dec.o)
    0x08000c36   0x08000c36   0x00000002   PAD
    0x08000c38   0x08000c38   0x00000030   Code   RO         4285    .text               c_w.l(_printf_char_common.o)
    0x08000c68   0x08000c68   0x0000000a   Code   RO         4287    .text               c_w.l(_sputc.o)
    0x08000c72   0x08000c72   0x00000002   PAD
    0x08000c74   0x08000c74   0x00000024   Code   RO         4289    .text               c_w.l(_printf_char_file.o)
    0x08000c98   0x08000c98   0x00000008   Code   RO         4370    .text               c_w.l(libspace.o)
    0x08000ca0   0x08000ca0   0x00000008   Code   RO         4393    .text               c_w.l(rt_locale_intlibspace.o)
    0x08000ca8   0x08000ca8   0x00000008   Code   RO         4398    .text               c_w.l(rt_errno_addr_intlibspace.o)
    0x08000cb0   0x08000cb0   0x00000034   Code   RO         4404    .text               c_w.l(h1_extend.o)
    0x08000ce4   0x08000ce4   0x0000008a   Code   RO         4408    .text               c_w.l(lludiv10.o)
    0x08000d6e   0x08000d6e   0x00000002   PAD
    0x08000d70   0x08000d70   0x00000080   Code   RO         4410    .text               c_w.l(_printf_fp_infnan.o)
    0x08000df0   0x08000df0   0x000000e4   Code   RO         4414    .text               c_w.l(bigflt0.o)
    0x08000ed4   0x08000ed4   0x00000008   Code   RO         4439    .text               c_w.l(ferror.o)
    0x08000edc   0x08000edc   0x00000138   Code   RO         4441    .text               c_w.l(initio.o)
    0x08001014   0x08001014   0x0000000e   Code   RO         4450    .text               c_w.l(defsig_rtmem_outer.o)
    0x08001022   0x08001022   0x00000066   Code   RO         4465    .text               c_w.l(sys_io.o)
    0x08001088   0x08001088   0x00000002   Code   RO         4470    .text               c_w.l(use_no_semi.o)
    0x0800108a   0x0800108a   0x00000000   Code   RO         4472    .text               c_w.l(indicate_semi.o)
    0x0800108a   0x0800108a   0x0000004a   Code   RO         4473    .text               c_w.l(sys_stackheap_outer.o)
    0x080010d4   0x080010d4   0x00000046   Code   RO         4479    .text               c_w.l(setvbuf.o)
    0x0800111a   0x0800111a   0x00000002   PAD
    0x0800111c   0x0800111c   0x000000ec   Code   RO         4482    .text               c_w.l(fopen.o)
    0x08001208   0x08001208   0x0000004c   Code   RO         4484    .text               c_w.l(fclose.o)
    0x08001254   0x08001254   0x00000012   Code   RO         4490    .text               c_w.l(exit.o)
    0x08001266   0x08001266   0x0000000a   Code   RO         4492    .text               c_w.l(defsig_exit.o)
    0x08001270   0x08001270   0x0000000e   Code   RO         4498    .text               c_w.l(defsig_rtred_outer.o)
    0x0800127e   0x0800127e   0x00000002   PAD
    0x08001280   0x08001280   0x00000050   Code   RO         4502    .text               c_w.l(defsig_rtmem_inner.o)
    0x080012d0   0x080012d0   0x00000080   Code   RO         4504    .text               c_w.l(strcmpv7m.o)
    0x08001350   0x08001350   0x0000000c   Code   RO         4534    .text               c_w.l(sys_exit.o)
    0x0800135c   0x0800135c   0x000000f8   Code   RO         4542    .text               c_w.l(fseek.o)
    0x08001454   0x08001454   0x000000f0   Code   RO         4544    .text               c_w.l(stdio.o)
    0x08001544   0x08001544   0x00000032   Code   RO         4548    .text               c_w.l(defsig_general.o)
    0x08001576   0x08001576   0x00000002   PAD
    0x08001578   0x08001578   0x00000034   Code   RO         4552    .text               c_w.l(defsig_rtred_inner.o)
    0x080015ac   0x080015ac   0x0000003e   Code   RO         4554    .text               c_w.l(strlen.o)
    0x080015ea   0x080015ea   0x0000000e   Code   RO         4556    .text               c_w.l(sys_wrch.o)
    0x080015f8   0x080015f8   0x00000042   Code   RO         4565    .text               c_w.l(ftell.o)
    0x0800163a   0x0800163a   0x0000003e   Code   RO         4417    CL$$btod_d2e        c_w.l(btod.o)
    0x08001678   0x08001678   0x00000046   Code   RO         4419    CL$$btod_d2e_denorm_low  c_w.l(btod.o)
    0x080016be   0x080016be   0x00000060   Code   RO         4418    CL$$btod_d2e_norm_op1  c_w.l(btod.o)
    0x0800171e   0x0800171e   0x00000338   Code   RO         4427    CL$$btod_div_common  c_w.l(btod.o)
    0x08001a56   0x08001a56   0x000000dc   Code   RO         4424    CL$$btod_e2e        c_w.l(btod.o)
    0x08001b32   0x08001b32   0x0000002a   Code   RO         4421    CL$$btod_ediv       c_w.l(btod.o)
    0x08001b5c   0x08001b5c   0x0000002a   Code   RO         4420    CL$$btod_emul       c_w.l(btod.o)
    0x08001b86   0x08001b86   0x00000244   Code   RO         4426    CL$$btod_mult_common  c_w.l(btod.o)
    0x08001dca   0x08001dca   0x00000002   Code   RO          446    i.BusFault_Handler  stm32f4xx_it.o
    0x08001dcc   0x08001dcc   0x00000074   Code   RO           13    i.CalculateAngles   main.o
    0x08001e40   0x08001e40   0x00000002   Code   RO          447    i.DebugMon_Handler  stm32f4xx_it.o
    0x08001e42   0x08001e42   0x00000004   Code   RO           14    i.Error_Handler     main.o
    0x08001e46   0x08001e46   0x00000002   PAD
    0x08001e48   0x08001e48   0x0000003c   Code   RO          553    i.FSMC_NORSRAM_Extended_Timing_Init  stm32f4xx_ll_fsmc.o
    0x08001e84   0x08001e84   0x00000068   Code   RO          554    i.FSMC_NORSRAM_Init  stm32f4xx_ll_fsmc.o
    0x08001eec   0x08001eec   0x00000044   Code   RO          555    i.FSMC_NORSRAM_Timing_Init  stm32f4xx_ll_fsmc.o
    0x08001f30   0x08001f30   0x00000024   Code   RO         1759    i.HAL_Delay         stm32f4xx_hal.o
    0x08001f54   0x08001f54   0x0000008c   Code   RO          266    i.HAL_FSMC_MspInit  fsmc.o
    0x08001fe0   0x08001fe0   0x000001f0   Code   RO         1215    i.HAL_GPIO_Init     stm32f4xx_hal_gpio.o
    0x080021d0   0x080021d0   0x0000000a   Code   RO         1219    i.HAL_GPIO_WritePin  stm32f4xx_hal_gpio.o
    0x080021da   0x080021da   0x00000002   PAD
    0x080021dc   0x080021dc   0x0000000c   Code   RO         1765    i.HAL_GetTick       stm32f4xx_hal.o
    0x080021e8   0x080021e8   0x00000188   Code   RO         2021    i.HAL_I2C_Init      stm32f4xx_hal_i2c.o
    0x08002370   0x08002370   0x00000204   Code   RO         2039    i.HAL_I2C_Mem_Read  stm32f4xx_hal_i2c.o
    0x08002574   0x08002574   0x00000130   Code   RO         2042    i.HAL_I2C_Mem_Write  stm32f4xx_hal_i2c.o
    0x080026a4   0x080026a4   0x00000068   Code   RO          315    i.HAL_I2C_MspInit   i2c.o
    0x0800270c   0x0800270c   0x00000010   Code   RO         1771    i.HAL_IncTick       stm32f4xx_hal.o
    0x0800271c   0x0800271c   0x00000034   Code   RO         1772    i.HAL_Init          stm32f4xx_hal.o
    0x08002750   0x08002750   0x00000040   Code   RO         1773    i.HAL_InitTick      stm32f4xx_hal.o
    0x08002790   0x08002790   0x00000030   Code   RO          521    i.HAL_MspInit       stm32f4xx_hal_msp.o
    0x080027c0   0x080027c0   0x00000040   Code   RO         1613    i.HAL_NVIC_SetPriority  stm32f4xx_hal_cortex.o
    0x08002800   0x08002800   0x00000024   Code   RO         1614    i.HAL_NVIC_SetPriorityGrouping  stm32f4xx_hal_cortex.o
    0x08002824   0x08002824   0x00000134   Code   RO          861    i.HAL_RCC_ClockConfig  stm32f4xx_hal_rcc.o
    0x08002958   0x08002958   0x00000020   Code   RO          868    i.HAL_RCC_GetPCLK1Freq  stm32f4xx_hal_rcc.o
    0x08002978   0x08002978   0x00000020   Code   RO          869    i.HAL_RCC_GetPCLK2Freq  stm32f4xx_hal_rcc.o
    0x08002998   0x08002998   0x00000060   Code   RO          870    i.HAL_RCC_GetSysClockFreq  stm32f4xx_hal_rcc.o
    0x080029f8   0x080029f8   0x0000036c   Code   RO          873    i.HAL_RCC_OscConfig  stm32f4xx_hal_rcc.o
    0x08002d64   0x08002d64   0x0000005c   Code   RO          693    i.HAL_SRAM_Init     stm32f4xx_hal_sram.o
    0x08002dc0   0x08002dc0   0x00000004   Code   RO          268    i.HAL_SRAM_MspInit  fsmc.o
    0x08002dc4   0x08002dc4   0x00000028   Code   RO         1618    i.HAL_SYSTICK_Config  stm32f4xx_hal_cortex.o
    0x08002dec   0x08002dec   0x0000005a   Code   RO         2467    i.HAL_TIM_Base_Init  stm32f4xx_hal_tim.o
    0x08002e46   0x08002e46   0x00000002   PAD
    0x08002e48   0x08002e48   0x00000028   Code   RO          357    i.HAL_TIM_Base_MspInit  tim.o
    0x08002e70   0x08002e70   0x00000080   Code   RO         2472    i.HAL_TIM_Base_Start_IT  stm32f4xx_hal_tim.o
    0x08002ef0   0x08002ef0   0x00000054   Code   RO          358    i.HAL_TIM_MspPostInit  tim.o
    0x08002f44   0x08002f44   0x000000cc   Code   RO         2539    i.HAL_TIM_PWM_ConfigChannel  stm32f4xx_hal_tim.o
    0x08003010   0x08003010   0x0000005a   Code   RO         2542    i.HAL_TIM_PWM_Init  stm32f4xx_hal_tim.o
    0x0800306a   0x0800306a   0x00000002   Code   RO         2544    i.HAL_TIM_PWM_MspInit  stm32f4xx_hal_tim.o
    0x0800306c   0x0800306c   0x000000c8   Code   RO         2547    i.HAL_TIM_PWM_Start  stm32f4xx_hal_tim.o
    0x08003134   0x08003134   0x00000064   Code   RO         3468    i.HAL_UART_Init     stm32f4xx_hal_uart.o
    0x08003198   0x08003198   0x0000006c   Code   RO          405    i.HAL_UART_MspInit  usart.o
    0x08003204   0x08003204   0x000000a0   Code   RO         3476    i.HAL_UART_Transmit  stm32f4xx_hal_uart.o
    0x080032a4   0x080032a4   0x00000002   Code   RO          448    i.HardFault_Handler  stm32f4xx_it.o
    0x080032a6   0x080032a6   0x0000002e   Code   RO         2064    i.I2C_IsAcknowledgeFailed  stm32f4xx_hal_i2c.o
    0x080032d4   0x080032d4   0x000000fc   Code   RO         2074    i.I2C_RequestMemoryRead  stm32f4xx_hal_i2c.o
    0x080033d0   0x080033d0   0x000000a8   Code   RO         2075    i.I2C_RequestMemoryWrite  stm32f4xx_hal_i2c.o
    0x08003478   0x08003478   0x00000056   Code   RO         2079    i.I2C_WaitOnBTFFlagUntilTimeout  stm32f4xx_hal_i2c.o
    0x080034ce   0x080034ce   0x00000002   PAD
    0x080034d0   0x080034d0   0x00000090   Code   RO         2080    i.I2C_WaitOnFlagUntilTimeout  stm32f4xx_hal_i2c.o
    0x08003560   0x08003560   0x000000bc   Code   RO         2081    i.I2C_WaitOnMasterAddressFlagUntilTimeout  stm32f4xx_hal_i2c.o
    0x0800361c   0x0800361c   0x00000070   Code   RO         2082    i.I2C_WaitOnRXNEFlagUntilTimeout  stm32f4xx_hal_i2c.o
    0x0800368c   0x0800368c   0x00000056   Code   RO         2083    i.I2C_WaitOnTXEFlagUntilTimeout  stm32f4xx_hal_i2c.o
    0x080036e2   0x080036e2   0x00000002   PAD
    0x080036e4   0x080036e4   0x00000088   Code   RO           16    i.ICM20608_Init     main.o
    0x0800376c   0x0800376c   0x00000098   Code   RO           17    i.ICM20608_ReadRawData  main.o
    0x08003804   0x08003804   0x00000200   Code   RO           18    i.LCD_Display       main.o
    0x08003a04   0x08003a04   0x00000020   Code   RO         3844    i.LCD_Display_Dir   drv_lcd.o
    0x08003a24   0x08003a24   0x00000014   Code   RO         3858    i.LCD_WriteRAM_Prepare  drv_lcd.o
    0x08003a38   0x08003a38   0x00000022   Code   RO           19    i.LPF_Update        main.o
    0x08003a5a   0x08003a5a   0x00000002   PAD
    0x08003a5c   0x08003a5c   0x0000008c   Code   RO          269    i.MX_FSMC_Init      fsmc.o
    0x08003ae8   0x08003ae8   0x000000f4   Code   RO          242    i.MX_GPIO_Init      gpio.o
    0x08003bdc   0x08003bdc   0x00000040   Code   RO          316    i.MX_I2C2_Init      i2c.o
    0x08003c1c   0x08003c1c   0x0000006c   Code   RO          359    i.MX_TIM14_Init     tim.o
    0x08003c88   0x08003c88   0x00000038   Code   RO          406    i.MX_USART1_UART_Init  usart.o
    0x08003cc0   0x08003cc0   0x00000040   Code   RO           20    i.MeanFilter_Update  main.o
    0x08003d00   0x08003d00   0x00000002   Code   RO          449    i.MemManage_Handler  stm32f4xx_it.o
    0x08003d02   0x08003d02   0x00000002   Code   RO          450    i.NMI_Handler       stm32f4xx_it.o
    0x08003d04   0x08003d04   0x00000002   Code   RO          451    i.PendSV_Handler    stm32f4xx_it.o
    0x08003d06   0x08003d06   0x00000002   Code   RO          452    i.SVC_Handler       stm32f4xx_it.o
    0x08003d08   0x08003d08   0x00000004   Code   RO          453    i.SysTick_Handler   stm32f4xx_it.o
    0x08003d0c   0x08003d0c   0x00000094   Code   RO           21    i.SystemClock_Config  main.o
    0x08003da0   0x08003da0   0x00000010   Code   RO         3802    i.SystemInit        system_stm32f4xx.o
    0x08003db0   0x08003db0   0x000000d8   Code   RO         2560    i.TIM_Base_SetConfig  stm32f4xx_hal_tim.o
    0x08003e88   0x08003e88   0x0000001a   Code   RO         2561    i.TIM_CCxChannelCmd  stm32f4xx_hal_tim.o
    0x08003ea2   0x08003ea2   0x00000002   PAD
    0x08003ea4   0x08003ea4   0x00000060   Code   RO         2573    i.TIM_OC1_SetConfig  stm32f4xx_hal_tim.o
    0x08003f04   0x08003f04   0x0000006c   Code   RO         2574    i.TIM_OC2_SetConfig  stm32f4xx_hal_tim.o
    0x08003f70   0x08003f70   0x00000068   Code   RO         2575    i.TIM_OC3_SetConfig  stm32f4xx_hal_tim.o
    0x08003fd8   0x08003fd8   0x00000050   Code   RO         2576    i.TIM_OC4_SetConfig  stm32f4xx_hal_tim.o
    0x08004028   0x08004028   0x0000004e   Code   RO         3491    i.UART_EndRxTransfer  stm32f4xx_hal_uart.o
    0x08004076   0x08004076   0x00000002   PAD
    0x08004078   0x08004078   0x0000010c   Code   RO         3494    i.UART_SetConfig    stm32f4xx_hal_uart.o
    0x08004184   0x08004184   0x00000072   Code   RO         3497    i.UART_WaitOnFlagUntilTimeout  stm32f4xx_hal_uart.o
    0x080041f6   0x080041f6   0x00000002   Code   RO          454    i.UsageFault_Handler  stm32f4xx_it.o
    0x080041f8   0x080041f8   0x00000030   Code   RO         4463    i.__ARM_fpclassify  m_wm.l(fpclassify.o)
    0x08004228   0x08004228   0x00000026   Code   RO         4352    i.__ARM_fpclassifyf  m_wm.l(fpclassifyf.o)
    0x0800424e   0x0800424e   0x00000020   Code   RO         1620    i.__NVIC_SetPriority  stm32f4xx_hal_cortex.o
    0x0800426e   0x0800426e   0x00000002   PAD
    0x08004270   0x08004270   0x000002ac   Code   RO         4223    i.__hardfp_atan2f   m_wm.l(atan2f.o)
    0x0800451c   0x0800451c   0x0000003a   Code   RO         4235    i.__hardfp_sqrtf    m_wm.l(sqrtf.o)
    0x08004556   0x08004556   0x00000006   Code   RO         4356    i.__mathlib_flt_infnan2  m_wm.l(funder.o)
    0x0800455c   0x0800455c   0x00000010   Code   RO         4360    i.__mathlib_flt_underflow  m_wm.l(funder.o)
    0x0800456c   0x0800456c   0x0000000e   Code   RO         4199    i._is_digit         c_w.l(__printf_wp.o)
    0x0800457a   0x0800457a   0x00000002   PAD
    0x0800457c   0x0800457c   0x00000160   Code   RO         3860    i.drv_lcd_init      drv_lcd.o
    0x080046dc   0x080046dc   0x00000018   Code   RO           22    i.fputc             main.o
    0x080046f4   0x080046f4   0x00000038   Code   RO         3861    i.lcd_address_set   drv_lcd.o
    0x0800472c   0x0800472c   0x00000034   Code   RO         3862    i.lcd_clear         drv_lcd.o
    0x08004760   0x08004760   0x000002c8   Code   RO         3870    i.lcd_show_char     drv_lcd.o
    0x08004a28   0x08004a28   0x00000088   Code   RO         3873    i.lcd_show_string   drv_lcd.o
    0x08004ab0   0x08004ab0   0x00000018   Code   RO         3874    i.lcd_write_data_buffer  drv_lcd.o
    0x08004ac8   0x08004ac8   0x00000010   Code   RO         3875    i.lcd_write_half_word  drv_lcd.o
    0x08004ad8   0x08004ad8   0x00000200   Code   RO           23    i.main              main.o
    0x08004cd8   0x08004cd8   0x0000002c   Code   RO         4448    locale$$code        c_w.l(lc_numeric_c.o)
    0x08004d04   0x08004d04   0x0000000c   Code   RO         4347    x$fpl$dretinf       fz_wm.l(dretinf.o)
    0x08004d10   0x08004d10   0x00000056   Code   RO         4219    x$fpl$f2d           fz_wm.l(f2d.o)
    0x08004d66   0x08004d66   0x0000008c   Code   RO         4349    x$fpl$fnaninf       fz_wm.l(fnaninf.o)
    0x08004df2   0x08004df2   0x0000000a   Code   RO         4459    x$fpl$fpinit        fz_wm.l(fpinit.o)
    0x08004dfc   0x08004dfc   0x00000004   Code   RO         4221    x$fpl$printf1       fz_wm.l(printf1.o)
    0x08004e00   0x08004e00   0x00000000   Code   RO         4351    x$fpl$usenofp       fz_wm.l(usenofp.o)
    0x08004e00   0x08004e00   0x00000010   Data   RO         3803    .constdata          system_stm32f4xx.o
    0x08004e10   0x08004e10   0x00000008   Data   RO         3804    .constdata          system_stm32f4xx.o
    0x08004e18   0x08004e18   0x00002f00   Data   RO         3877    .constdata          drv_lcd.o
    0x08007d18   0x08007d18   0x00000028   Data   RO         4172    .constdata          c_w.l(_printf_hex_int.o)
    0x08007d40   0x08007d40   0x00000094   Data   RO         4415    .constdata          c_w.l(bigflt0.o)
    0x08007dd4   0x08007dd4   0x00000004   Data   RO         4466    .constdata          c_w.l(sys_io.o)
    0x08007dd8   0x08007dd8   0x00000004   Data   RO         4467    .constdata          c_w.l(sys_io.o)
    0x08007ddc   0x08007ddc   0x00000004   Data   RO         4468    .constdata          c_w.l(sys_io.o)
    0x08007de0   0x08007de0   0x0000004a   Data   RO         3878    .conststring        drv_lcd.o
    0x08007e2a   0x08007e2a   0x00000002   PAD
    0x08007e2c   0x08007e2c   0x00000020   Data   RO         4584    Region$$Table       anon$$obj.o
    0x08007e4c   0x08007e4c   0x0000001c   Data   RO         4447    locale$$data        c_w.l(lc_numeric_c.o)


    Execution Region RW_IRAM1 (Exec base: 0x20000000, Load base: 0x08007e68, Size: 0x00000958, Max: 0x0001c000, ABSOLUTE)

    Exec Addr    Load Addr    Size         Type   Attr      Idx    E Section Name        Object

    0x20000000   0x08007e68   0x00000048   Data   RW           26    .data               main.o
    0x20000048   0x08007eb0   0x00000008   Data   RW          271    .data               fsmc.o
    0x20000050   0x08007eb8   0x0000000c   Data   RW         1779    .data               stm32f4xx_hal.o
    0x2000005c   0x08007ec4   0x00000004   Data   RW         3805    .data               system_stm32f4xx.o
    0x20000060   0x08007ec8   0x00000004   Data   RW         3879    .data               drv_lcd.o
    0x20000064   0x08007ecc   0x00000004   Data   RW         4295    .data               c_w.l(stdio_streams.o)
    0x20000068   0x08007ed0   0x00000004   Data   RW         4296    .data               c_w.l(stdio_streams.o)
    0x2000006c   0x08007ed4   0x00000004   Data   RW         4297    .data               c_w.l(stdio_streams.o)
    0x20000070        -       0x00000048   Zero   RW           24    .bss                main.o
    0x200000b8        -       0x00000050   Zero   RW          270    .bss                fsmc.o
    0x20000108        -       0x00000054   Zero   RW          317    .bss                i2c.o
    0x2000015c        -       0x00000048   Zero   RW          360    .bss                tim.o
    0x200001a4        -       0x00000048   Zero   RW          407    .bss                usart.o
    0x200001ec        -       0x0000000e   Zero   RW         3876    .bss                drv_lcd.o
    0x200001fa   0x08007ed8   0x00000002   PAD
    0x200001fc        -       0x00000054   Zero   RW         4292    .bss                c_w.l(stdio_streams.o)
    0x20000250        -       0x00000054   Zero   RW         4293    .bss                c_w.l(stdio_streams.o)
    0x200002a4        -       0x00000054   Zero   RW         4294    .bss                c_w.l(stdio_streams.o)
    0x200002f8        -       0x00000060   Zero   RW         4371    .bss                c_w.l(libspace.o)
    0x20000358        -       0x00000200   Zero   RW            2    HEAP                startup_stm32f407xx.o
    0x20000558        -       0x00000400   Zero   RW            1    STACK               startup_stm32f407xx.o


    Execution Region RW_IRAM2 (Exec base: 0x2001c000, Load base: 0x08007ed8, Size: 0x00000000, Max: 0x00004000, ABSOLUTE)

    **** No section assigned to this execution region ****


==============================================================================

Image component sizes


      Code (inc. data)   RO Data    RW Data    ZI Data      Debug   Object Name

      1400        116      12106          4         14      12999   drv_lcd.o
       284         32          0          8         80       2279   fsmc.o
       244         16          0          0          0       1135   gpio.o
       168         28          0          0         84       1677   i2c.o
      1702        236          0         72         72     722308   main.o
        64         26        392          0       1536        844   startup_stm32f407xx.o
       180         28          0         12          0       9421   stm32f4xx_hal.o
       172         14          0          0          0      33134   stm32f4xx_hal_cortex.o
       506         46          0          0          0       2192   stm32f4xx_hal_gpio.o
      2294         52          0          0          0      13214   stm32f4xx_hal_i2c.o
        48          6          0          0          0        862   stm32f4xx_hal_msp.o
      1344         72          0          0          0       5240   stm32f4xx_hal_rcc.o
        92          0          0          0          0       1228   stm32f4xx_hal_sram.o
      1344        138          0          0          0      10452   stm32f4xx_hal_tim.o
       720         10          0          0          0       4856   stm32f4xx_hal_uart.o
        20          0          0          0          0       4178   stm32f4xx_it.o
       232         14          0          0          0       3955   stm32f4xx_ll_fsmc.o
        16          4         24          4          0       1127   system_stm32f4xx.o
       232         32          0          0         72       2282   tim.o
       164         22          0          0         72       1722   usart.o

    ----------------------------------------------------------------------
     11244        892      12556        100       1932     835105   Object Totals
         0          0         32          0          0          0   (incl. Generated)
        18          0          2          0          2          0   (incl. Padding)

    ----------------------------------------------------------------------

      Code (inc. data)   RO Data    RW Data    ZI Data      Debug   Library Member Name

         8          0          0          0          0         68   __main.o
       284          0          0          0          0        156   __printf_wp.o
         0          0          0          0          0          0   __rtentry.o
        12          0          0          0          0          0   __rtentry2.o
         6          0          0          0          0          0   __rtentry4.o
        52          8          0          0          0          0   __scatter.o
        26          0          0          0          0          0   __scatter_copy.o
        28          0          0          0          0          0   __scatter_zi.o
        48          6          0          0          0         96   _printf_char_common.o
        36          4          0          0          0         80   _printf_char_file.o
         6          0          0          0          0          0   _printf_d.o
       120         16          0          0          0         92   _printf_dec.o
         6          0          0          0          0          0   _printf_f.o
      1054          0          0          0          0        216   _printf_fp_dec.o
       128         16          0          0          0         84   _printf_fp_infnan.o
        88          4         40          0          0         88   _printf_hex_int.o
       178          0          0          0          0         88   _printf_intcommon.o
         0          0          0          0          0          0   _printf_percent.o
         4          0          0          0          0          0   _printf_percent_end.o
         6          0          0          0          0          0   _printf_x.o
        22          0          0          0          0        100   _rserrno.o
        10          0          0          0          0         68   _sputc.o
       228          4        148          0          0         96   bigflt0.o
      1936        128          0          0          0        672   btod.o
        10          0          0          0          0         68   defsig_exit.o
        50          0          0          0          0         88   defsig_general.o
        80         58          0          0          0         76   defsig_rtmem_inner.o
        14          0          0          0          0         80   defsig_rtmem_outer.o
        52         38          0          0          0         76   defsig_rtred_inner.o
        14          0          0          0          0         80   defsig_rtred_outer.o
        18          0          0          0          0         80   exit.o
        76          0          0          0          0         88   fclose.o
         8          0          0          0          0         68   ferror.o
       236          4          0          0          0        128   fopen.o
       248          6          0          0          0         84   fseek.o
        66          0          0          0          0         76   ftell.o
        94          0          0          0          0         80   h1_alloc.o
        52          0          0          0          0         68   h1_extend.o
        78          0          0          0          0         80   h1_free.o
        14          0          0          0          0         84   h1_init.o
         6          0          0          0          0        152   heapauxi.o
         4          0          0          0          0        136   hguard.o
         0          0          0          0          0          0   indicate_semi.o
       138          0          0          0          0        168   init_alloc.o
       312         46          0          0          0        112   initio.o
        44         10         28          0          0         76   lc_numeric_c.o
         2          0          0          0          0          0   libinit.o
        34          0          0          0          0          0   libinit2.o
         2          0          0          0          0          0   libshutdown.o
         6          0          0          0          0          0   libshutdown2.o
         8          4          0          0         96         68   libspace.o
       138          0          0          0          0         80   lludiv10.o
       238          0          0          0          0        100   lludivv7m.o
         0          0          0          0          0          0   maybetermalloc1.o
        24          4          0          0          0         84   noretval__2printf.o
        40          6          0          0          0         84   noretval__2sprintf.o
         8          4          0          0          0         68   rt_errno_addr_intlibspace.o
         8          4          0          0          0         68   rt_heap_descriptor_intlibspace.o
         8          4          0          0          0         68   rt_locale_intlibspace.o
        78          0          0          0          0         80   rt_memclr_w.o
         2          0          0          0          0          0   rtexit.o
        10          0          0          0          0          0   rtexit2.o
        70          0          0          0          0         80   setvbuf.o
       240          6          0          0          0        156   stdio.o
         0          0          0         12        252          0   stdio_streams.o
       128          0          0          0          0         68   strcmpv7m.o
        62          0          0          0          0         76   strlen.o
        12          4          0          0          0         68   sys_exit.o
       102          0         12          0          0        240   sys_io.o
        74          0          0          0          0         80   sys_stackheap_outer.o
        14          0          0          0          0         76   sys_wrch.o
         2          0          0          0          0         68   use_no_semi.o
        12          0          0          0          0        116   dretinf.o
        86          4          0          0          0        132   f2d.o
       140          4          0          0          0        132   fnaninf.o
        10          0          0          0          0        116   fpinit.o
         4          0          0          0          0        116   printf1.o
         0          0          0          0          0          0   usenofp.o
       684         90          0          0          0        208   atan2f.o
        48          0          0          0          0        124   fpclassify.o
        38          0          0          0          0        116   fpclassifyf.o
        22          6          0          0          0        232   funder.o
        58          0          0          0          0        136   sqrtf.o

    ----------------------------------------------------------------------
      8332        488        228         12        348       6892   Library Totals
        20          0          0          0          0          0   (incl. Padding)

    ----------------------------------------------------------------------

      Code (inc. data)   RO Data    RW Data    ZI Data      Debug   Library Name

      7210        384        228         12        348       5464   c_w.l
       252          8          0          0          0        612   fz_wm.l
       850         96          0          0          0        816   m_wm.l

    ----------------------------------------------------------------------
      8332        488        228         12        348       6892   Library Totals

    ----------------------------------------------------------------------

==============================================================================


      Code (inc. data)   RO Data    RW Data    ZI Data      Debug   

     19576       1380      12784        112       2280     829981   Grand Totals
     19576       1380      12784        112       2280     829981   ELF Image Totals
     19576       1380      12784        112          0          0   ROM Totals

==============================================================================

    Total RO  Size (Code + RO Data)                32360 (  31.60kB)
    Total RW  Size (RW Data + ZI Data)              2392 (   2.34kB)
    Total ROM Size (Code + RO Data + RW Data)      32472 (  31.71kB)

==============================================================================

