Component: ARM Compiler 5.06 update 7 (build 960) Tool: armlink [4d3601]

==============================================================================

Section Cross References

    startup_stm32f407xx.o(STACK) refers (Special) to heapauxi.o(.text) for __use_two_region_memory
    startup_stm32f407xx.o(HEAP) refers (Special) to heapauxi.o(.text) for __use_two_region_memory
    startup_stm32f407xx.o(RESET) refers (Special) to heapauxi.o(.text) for __use_two_region_memory
    startup_stm32f407xx.o(RESET) refers to startup_stm32f407xx.o(STACK) for __initial_sp
    startup_stm32f407xx.o(RESET) refers to startup_stm32f407xx.o(.text) for Reset_Handler
    startup_stm32f407xx.o(RESET) refers to stm32f4xx_it.o(i.NMI_Handler) for NMI_Handler
    startup_stm32f407xx.o(RESET) refers to stm32f4xx_it.o(i.HardFault_Handler) for HardFault_Handler
    startup_stm32f407xx.o(RESET) refers to stm32f4xx_it.o(i.MemManage_Handler) for MemManage_Handler
    startup_stm32f407xx.o(RESET) refers to stm32f4xx_it.o(i.BusFault_Handler) for BusFault_Handler
    startup_stm32f407xx.o(RESET) refers to stm32f4xx_it.o(i.UsageFault_Handler) for UsageFault_Handler
    startup_stm32f407xx.o(RESET) refers to stm32f4xx_it.o(i.SVC_Handler) for SVC_Handler
    startup_stm32f407xx.o(RESET) refers to stm32f4xx_it.o(i.DebugMon_Handler) for DebugMon_Handler
    startup_stm32f407xx.o(RESET) refers to stm32f4xx_it.o(i.PendSV_Handler) for PendSV_Handler
    startup_stm32f407xx.o(RESET) refers to stm32f4xx_it.o(i.SysTick_Handler) for SysTick_Handler
    startup_stm32f407xx.o(.text) refers (Special) to heapauxi.o(.text) for __use_two_region_memory
    startup_stm32f407xx.o(.text) refers to system_stm32f4xx.o(i.SystemInit) for SystemInit
    startup_stm32f407xx.o(.text) refers to __main.o(!!!main) for __main
    startup_stm32f407xx.o(.text) refers to startup_stm32f407xx.o(HEAP) for Heap_Mem
    startup_stm32f407xx.o(.text) refers to startup_stm32f407xx.o(STACK) for Stack_Mem
    main.o(i.HD_SPI_Mode_Task) refers to _printf_percent.o(.ARM.Collect$$_printf_percent$$00000000) for _printf_percent
    main.o(i.HD_SPI_Mode_Task) refers to _printf_u.o(.ARM.Collect$$_printf_percent$$0000000A) for _printf_u
    main.o(i.HD_SPI_Mode_Task) refers to _printf_dec.o(.text) for _printf_int_dec
    main.o(i.HD_SPI_Mode_Task) refers to _printf_f.o(.ARM.Collect$$_printf_percent$$00000003) for _printf_f
    main.o(i.HD_SPI_Mode_Task) refers to printf1.o(x$fpl$printf1) for _printf_fp_dec
    main.o(i.HD_SPI_Mode_Task) refers to drv_lcd.o(i.lcd_clear) for lcd_clear
    main.o(i.HD_SPI_Mode_Task) refers to drv_lcd.o(i.lcd_show_string) for lcd_show_string
    main.o(i.HD_SPI_Mode_Task) refers to main.o(i.calculate_checksum) for calculate_checksum
    main.o(i.HD_SPI_Mode_Task) refers to main.o(i.getCurrentMicros) for getCurrentMicros
    main.o(i.HD_SPI_Mode_Task) refers to flash.o(i.W25QXX_Write) for W25QXX_Write
    main.o(i.HD_SPI_Mode_Task) refers to noretval__2printf.o(.text) for __2printf
    main.o(i.HD_SPI_Mode_Task) refers to stm32f4xx_hal.o(i.HAL_Delay) for HAL_Delay
    main.o(i.HD_SPI_Mode_Task) refers to flash.o(i.W25QXX_Read) for W25QXX_Read
    main.o(i.HD_SPI_Mode_Task) refers to f2d.o(x$fpl$f2d) for __aeabi_f2d
    main.o(i.HD_SPI_Mode_Task) refers to noretval__2sprintf.o(.text) for __2sprintf
    main.o(i.HD_SPI_Mode_Task) refers to main.o(.bss) for .bss
    main.o(i.HD_SPI_Mode_Task) refers to main.o(.data) for .data
    main.o(i.Key_Read) refers to stm32f4xx_hal_gpio.o(i.HAL_GPIO_ReadPin) for HAL_GPIO_ReadPin
    main.o(i.Key_Read) refers to stm32f4xx_hal.o(i.HAL_Delay) for HAL_Delay
    main.o(i.Key_Read) refers to main.o(.data) for .data
    main.o(i.Soft_SPI_Init) refers to rt_memclr_w.o(.text) for __aeabi_memclr4
    main.o(i.Soft_SPI_Init) refers to stm32f4xx_hal_gpio.o(i.HAL_GPIO_Init) for HAL_GPIO_Init
    main.o(i.Soft_SPI_Init) refers to stm32f4xx_hal_gpio.o(i.HAL_GPIO_WritePin) for HAL_GPIO_WritePin
    main.o(i.Soft_SPI_Mode_Task) refers to _printf_percent.o(.ARM.Collect$$_printf_percent$$00000000) for _printf_percent
    main.o(i.Soft_SPI_Mode_Task) refers to _printf_u.o(.ARM.Collect$$_printf_percent$$0000000A) for _printf_u
    main.o(i.Soft_SPI_Mode_Task) refers to _printf_dec.o(.text) for _printf_int_dec
    main.o(i.Soft_SPI_Mode_Task) refers to _printf_f.o(.ARM.Collect$$_printf_percent$$00000003) for _printf_f
    main.o(i.Soft_SPI_Mode_Task) refers to printf1.o(x$fpl$printf1) for _printf_fp_dec
    main.o(i.Soft_SPI_Mode_Task) refers to drv_lcd.o(i.lcd_clear) for lcd_clear
    main.o(i.Soft_SPI_Mode_Task) refers to drv_lcd.o(i.lcd_show_string) for lcd_show_string
    main.o(i.Soft_SPI_Mode_Task) refers to main.o(i.calculate_checksum) for calculate_checksum
    main.o(i.Soft_SPI_Mode_Task) refers to main.o(i.getCurrentMicros) for getCurrentMicros
    main.o(i.Soft_SPI_Mode_Task) refers to main.o(i.Soft_W25QXX_Write) for Soft_W25QXX_Write
    main.o(i.Soft_SPI_Mode_Task) refers to noretval__2printf.o(.text) for __2printf
[...]
    i.Soft_SPI_Transfer                      0x08003948   Section        0  main.o(i.Soft_SPI_Transfer)
    i.Soft_W25Q64_PageProgram                0x080039b8   Section        0  main.o(i.Soft_W25Q64_PageProgram)
    i.Soft_W25Q64_ReadData                   0x08003a28   Section        0  main.o(i.Soft_W25Q64_ReadData)
    i.Soft_W25Q64_ReadStatus                 0x08003a88   Section        0  main.o(i.Soft_W25Q64_ReadStatus)
    i.Soft_W25Q64_WriteEnable                0x08003abc   Section        0  main.o(i.Soft_W25Q64_WriteEnable)
    i.Soft_W25QXX_Read                       0x08003ae8   Section        0  main.o(i.Soft_W25QXX_Read)
    i.Soft_W25QXX_Write                      0x08003af2   Section        0  main.o(i.Soft_W25QXX_Write)
    i.SysTick_Handler                        0x08003afc   Section        0  stm32f4xx_it.o(i.SysTick_Handler)
    i.SystemClock_Config                     0x08003b00   Section        0  main.o(i.SystemClock_Config)
    i.SystemInit                             0x08003b94   Section        0  system_stm32f4xx.o(i.SystemInit)
    i.TIM_Base_SetConfig                     0x08003ba4   Section        0  stm32f4xx_hal_tim.o(i.TIM_Base_SetConfig)
    i.TIM_CCxChannelCmd                      0x08003c7c   Section        0  stm32f4xx_hal_tim.o(i.TIM_CCxChannelCmd)
    i.TIM_OC1_SetConfig                      0x08003c98   Section        0  stm32f4xx_hal_tim.o(i.TIM_OC1_SetConfig)
    TIM_OC1_SetConfig                        0x08003c99   Thumb Code    88  stm32f4xx_hal_tim.o(i.TIM_OC1_SetConfig)
    i.TIM_OC2_SetConfig                      0x08003cf8   Section        0  stm32f4xx_hal_tim.o(i.TIM_OC2_SetConfig)
    i.TIM_OC3_SetConfig                      0x08003d64   Section        0  stm32f4xx_hal_tim.o(i.TIM_OC3_SetConfig)
    TIM_OC3_SetConfig                        0x08003d65   Thumb Code    96  stm32f4xx_hal_tim.o(i.TIM_OC3_SetConfig)
    i.TIM_OC4_SetConfig                      0x08003dcc   Section        0  stm32f4xx_hal_tim.o(i.TIM_OC4_SetConfig)
    TIM_OC4_SetConfig                        0x08003dcd   Thumb Code    70  stm32f4xx_hal_tim.o(i.TIM_OC4_SetConfig)
    i.UART_EndRxTransfer                     0x08003e1c   Section        0  stm32f4xx_hal_uart.o(i.UART_EndRxTransfer)
    UART_EndRxTransfer                       0x08003e1d   Thumb Code    78  stm32f4xx_hal_uart.o(i.UART_EndRxTransfer)
    i.UART_SetConfig                         0x08003e6c   Section        0  stm32f4xx_hal_uart.o(i.UART_SetConfig)
    UART_SetConfig                           0x08003e6d   Thumb Code   258  stm32f4xx_hal_uart.o(i.UART_SetConfig)
    i.UART_WaitOnFlagUntilTimeout            0x08003f78   Section        0  stm32f4xx_hal_uart.o(i.UART_WaitOnFlagUntilTimeout)
    UART_WaitOnFlagUntilTimeout              0x08003f79   Thumb Code   114  stm32f4xx_hal_uart.o(i.UART_WaitOnFlagUntilTimeout)
    i.UsageFault_Handler                     0x08003fea   Section        0  stm32f4xx_it.o(i.UsageFault_Handler)
    i.W25QXX_Erase_Sector                    0x08003fec   Section        0  flash.o(i.W25QXX_Erase_Sector)
    i.W25QXX_Read                            0x08004050   Section        0  flash.o(i.W25QXX_Read)
    i.W25QXX_ReadID                          0x080040c4   Section        0  flash.o(i.W25QXX_ReadID)
    i.W25QXX_ReadSR                          0x08004114   Section        0  flash.o(i.W25QXX_ReadSR)
    i.W25QXX_Wait_Busy                       0x0800415c   Section        0  flash.o(i.W25QXX_Wait_Busy)
    i.W25QXX_Write                           0x0800416c   Section        0  flash.o(i.W25QXX_Write)
    i.W25QXX_Write_Enable                    0x08004208   Section        0  flash.o(i.W25QXX_Write_Enable)
    i.W25QXX_Write_NoCheck                   0x08004234   Section        0  flash.o(i.W25QXX_Write_NoCheck)
    i.W25QXX_Write_Page                      0x08004274   Section        0  flash.o(i.W25QXX_Write_Page)
    i.__ARM_fpclassify                       0x080042f0   Section        0  fpclassify.o(i.__ARM_fpclassify)
    i.__NVIC_SetPriority                     0x08004320   Section        0  stm32f4xx_hal_cortex.o(i.__NVIC_SetPriority)
    __NVIC_SetPriority                       0x08004321   Thumb Code    32  stm32f4xx_hal_cortex.o(i.__NVIC_SetPriority)
    i._is_digit                              0x08004340   Section        0  __printf_wp.o(i._is_digit)
    i.calculate_checksum                     0x0800434e   Section        0  main.o(i.calculate_checksum)
    i.drv_lcd_init                           0x08004368   Section        0  drv_lcd.o(i.drv_lcd_init)
    i.fputc                                  0x080044c8   Section        0  main.o(i.fputc)
    i.getCurrentMicros                       0x080044e0   Section        0  main.o(i.getCurrentMicros)
    i.lcd_address_set                        0x08004538   Section        0  drv_lcd.o(i.lcd_address_set)
    i.lcd_clear                              0x08004570   Section        0  drv_lcd.o(i.lcd_clear)
    i.lcd_set_color                          0x080045a4   Section        0  drv_lcd.o(i.lcd_set_color)
    i.lcd_show_char                          0x080045b0   Section        0  drv_lcd.o(i.lcd_show_char)
    lcd_show_char                            0x080045b1   Thumb Code   692  drv_lcd.o(i.lcd_show_char)
    i.lcd_show_string                        0x08004878   Section        0  drv_lcd.o(i.lcd_show_string)
    i.lcd_write_data_buffer                  0x08004900   Section        0  drv_lcd.o(i.lcd_write_data_buffer)
    lcd_write_data_buffer                    0x08004901   Thumb Code    20  drv_lcd.o(i.lcd_write_data_buffer)
    i.lcd_write_half_word                    0x08004918   Section        0  drv_lcd.o(i.lcd_write_half_word)
    lcd_write_half_word                      0x08004919   Thumb Code    12  drv_lcd.o(i.lcd_write_half_word)
    i.main                                   0x08004928   Section        0  main.o(i.main)
    locale$$code                             0x08004a10   Section       44  lc_numeric_c.o(locale$$code)
    x$fpl$dretinf                            0x08004a3c   Section       12  dretinf.o(x$fpl$dretinf)
    $v0                                      0x08004a3c   Number         0  dretinf.o(x$fpl$dretinf)
    x$fpl$f2d                                0x08004a48   Section       86  f2d.o(x$fpl$f2d)
    $v0                                      0x08004a48   Number         0  f2d.o(x$fpl$f2d)
    x$fpl$fnaninf                            0x08004a9e   Section      140  fnaninf.o(x$fpl$fnaninf)
    $v0                                      0x08004a9e   Number         0  fnaninf.o(x$fpl$fnaninf)
    x$fpl$fpinit                             0x08004b2a   Section       10  fpinit.o(x$fpl$fpinit)
    $v0                                      0x08004b2a   Number         0  fpinit.o(x$fpl$fpinit)
    x$fpl$printf1                            0x08004b34   Section        4  printf1.o(x$fpl$printf1)
    $v0                                      0x08004b34   Number         0  printf1.o(x$fpl$printf1)
    .constdata                               0x08004b38   Section       16  system_stm32f4xx.o(.constdata)
    x$fpl$usenofp                            0x08004b38   Section        0  usenofp.o(x$fpl$usenofp)
    .constdata                               0x08004b48   Section        8  system_stm32f4xx.o(.constdata)
    .constdata                               0x08004b50   Section    12032  drv_lcd.o(.constdata)
    .constdata                               0x08007a50   Section       40  _printf_hex_int.o(.constdata)
    uc_hextab                                0x08007a50   Data          20  _printf_hex_int.o(.constdata)
    lc_hextab                                0x08007a64   Data          20  _printf_hex_int.o(.constdata)
    .constdata                               0x08007a78   Section      148  bigflt0.o(.constdata)
    tenpwrs_x                                0x08007a78   Data          60  bigflt0.o(.constdata)
    tenpwrs_i                                0x08007ab4   Data          64  bigflt0.o(.constdata)
    .constdata                               0x08007b0c   Section        4  sys_io.o(.constdata)
    .constdata                               0x08007b10   Section        4  sys_io.o(.constdata)
    .constdata                               0x08007b14   Section        4  sys_io.o(.constdata)
    .conststring                             0x08007b18   Section       74  drv_lcd.o(.conststring)
    locale$$data                             0x08007b84   Section       28  lc_numeric_c.o(locale$$data)
    __lcnum_c_name                           0x08007b88   Data           2  lc_numeric_c.o(locale$$data)
    __lcnum_c_start                          0x08007b90   Data           0  lc_numeric_c.o(locale$$data)
    __lcnum_c_point                          0x08007b9c   Data           0  lc_numeric_c.o(locale$$data)
    __lcnum_c_thousands                      0x08007b9e   Data           0  lc_numeric_c.o(locale$$data)
    __lcnum_c_grouping                       0x08007b9f   Data           0  lc_numeric_c.o(locale$$data)
    __lcnum_c_end                            0x08007ba0   Data           0  lc_numeric_c.o(locale$$data)
    .data                                    0x20000000   Section        6  main.o(.data)
    .data                                    0x20000008   Section        8  fsmc.o(.data)
    FSMC_Initialized                         0x20000008   Data           4  fsmc.o(.data)
    FSMC_DeInitialized                       0x2000000c   Data           4  fsmc.o(.data)
    .data                                    0x20000010   Section        2  flash.o(.data)
    .data                                    0x20000014   Section       12  stm32f4xx_hal.o(.data)
    .data                                    0x20000020   Section        4  system_stm32f4xx.o(.data)
    .data                                    0x20000024   Section        4  drv_lcd.o(.data)
    .data                                    0x20000028   Section        4  stdio_streams.o(.data)
    .data                                    0x2000002c   Section        4  stdio_streams.o(.data)
    .data                                    0x20000030   Section        4  stdio_streams.o(.data)
    .bss                                     0x20000034   Section       54  main.o(.bss)
    .bss                                     0x2000006c   Section       80  fsmc.o(.bss)
    .bss                                     0x200000bc   Section       88  spi.o(.bss)
    .bss                                     0x20000114   Section       72  tim.o(.bss)
    .bss                                     0x2000015c   Section       72  usart.o(.bss)
    .bss                                     0x200001a4   Section     4096  flash.o(.bss)
    .bss                                     0x200011a4   Section       14  drv_lcd.o(.bss)
    .bss                                     0x200011b4   Section       84  stdio_streams.o(.bss)
    .bss                                     0x20001208   Section       84  stdio_streams.o(.bss)
    .bss                                     0x2000125c   Section       84  stdio_streams.o(.bss)
    .bss                                     0x200012b0   Section       96  libspace.o(.bss)
    HEAP                                     0x20001310   Section      512  startup_stm32f407xx.o(HEAP)
    Heap_Mem                                 0x20001310   Data         512  startup_stm32f407xx.o(HEAP)
    STACK                                    0x20001510   Section     1024  startup_stm32f407xx.o(STACK)
    Stack_Mem                                0x20001510   Data        1024  startup_stm32f407xx.o(STACK)
    __initial_sp                             0x20001910   Data           0  startup_stm32f407xx.o(STACK)

    Global Symbols

    Symbol Name                              Value     Ov Type        Size  Object(Section)

    BuildAttributes$$THM_ISAv4$E$P$D$K$B$S$7EM$VFPi3$EXTD16$VFPS$VFMA$PE$A:L22UL41UL21$X:L11$S22US41US21$IEEE1$IW$USESV6$~STKCKD$USESV7$~SHL$OTIME$ROPI$IEEEJ$EBA8$UX$STANDARDLIB$REQ8$PRES8$EABIv2 0x00000000   Number         0  anon$$obj.o ABSOLUTE
    __ARM_use_no_argv                        0x00000000   Number         0  main.o ABSOLUTE
    _printf_flags                            0x00000000   Number         0  printf_stubs.o ABSOLUTE
    _printf_return_value                     0x00000000   Number         0  printf_stubs.o ABSOLUTE
    _printf_sizespec                         0x00000000   Number         0  printf_stubs.o ABSOLUTE
    _printf_widthprec                        0x00000000   Number         0  printf_stubs.o ABSOLUTE
    __ARM_exceptions_init                     - Undefined Weak Reference
    __alloca_initialize                       - Undefined Weak Reference
    __arm_fini_                               - Undefined Weak Reference
    __arm_preinit_                            - Undefined Weak Reference
    __cpp_initialize__aeabi_                  - Undefined Weak Reference
    __cxa_finalize                            - Undefined Weak Reference
    __sigvec_lookup                           - Undefined Weak Reference
    __user_heap_extent                        - Undefined Weak Reference
    _atexit_init                              - Undefined Weak Reference
    _call_atexit_fns                          - Undefined Weak Reference
    _clock_init                               - Undefined Weak Reference
    _fp_trap_init                             - Undefined Weak Reference
    _fp_trap_shutdown                         - Undefined Weak Reference
    _get_lc_collate                           - Undefined Weak Reference
    _get_lc_ctype                             - Undefined Weak Reference
    _get_lc_monetary                          - Undefined Weak Reference
    _get_lc_time                              - Undefined Weak Reference
    _getenv_init                              - Undefined Weak Reference
    _handle_redirection                       - Undefined Weak Reference
    _mutex_acquire                            - Undefined Weak Reference
    _mutex_free                               - Undefined Weak Reference
    _mutex_release                            - Undefined Weak Reference
    _printf_post_padding                      - Undefined Weak Reference
    _printf_pre_padding                       - Undefined Weak Reference
    _printf_truncate_signed                   - Undefined Weak Reference
    _printf_truncate_unsigned                 - Undefined Weak Reference
    _rand_init                                - Undefined Weak Reference
    _signal_finish                            - Undefined Weak Reference
    _signal_init                              - Undefined Weak Reference
    __Vectors_Size                           0x00000188   Number         0  startup_stm32f407xx.o ABSOLUTE
    __Vectors                                0x08000000   Data           4  startup_stm32f407xx.o(RESET)
    __Vectors_End                            0x08000188   Data           0  startup_stm32f407xx.o(RESET)
    __main                                   0x08000189   Thumb Code     8  __main.o(!!!main)
    __scatterload                            0x08000191   Thumb Code     0  __scatter.o(!!!scatter)
    __scatterload_rt2                        0x08000191   Thumb Code    44  __scatter.o(!!!scatter)
    __scatterload_rt2_thumb_only             0x08000191   Thumb Code     0  __scatter.o(!!!scatter)
    __scatterload_null                       0x0800019f   Thumb Code     0  __scatter.o(!!!scatter)
    __scatterload_copy                       0x080001c5   Thumb Code    26  __scatter_copy.o(!!handler_copy)
    __scatterload_zeroinit                   0x080001e1   Thumb Code    28  __scatter_zi.o(!!handler_zi)
    _printf_f                                0x080001fd   Thumb Code     0  _printf_f.o(.ARM.Collect$$_printf_percent$$00000003)
    _printf_percent                          0x080001fd   Thumb Code     0  _printf_percent.o(.ARM.Collect$$_printf_percent$$00000000)
    _printf_d                                0x08000203   Thumb Code     0  _printf_d.o(.ARM.Collect$$_printf_percent$$00000009)
    _printf_u                                0x08000209   Thumb Code     0  _printf_u.o(.ARM.Collect$$_printf_percent$$0000000A)
    _printf_x                                0x0800020f   Thumb Code     0  _printf_x.o(.ARM.Collect$$_printf_percent$$0000000C)
    _printf_percent_end                      0x08000215   Thumb Code     0  _printf_percent_end.o(.ARM.Collect$$_printf_percent$$00000017)
    __rt_lib_init                            0x08000219   Thumb Code     0  libinit.o(.ARM.Collect$$libinit$$00000000)
    __rt_lib_init_fp_1                       0x0800021b   Thumb Code     0  libinit2.o(.ARM.Collect$$libinit$$00000001)
    __rt_lib_init_heap_2                     0x0800021f   Thumb Code     0  libinit2.o(.ARM.Collect$$libinit$$00000005)
    __rt_lib_init_preinit_1                  0x0800021f   Thumb Code     0  libinit2.o(.ARM.Collect$$libinit$$00000004)
    __rt_lib_init_heap_1                     0x08000227   Thumb Code     0  libinit2.o(.ARM.Collect$$libinit$$0000000A)
    __rt_lib_init_lc_common                  0x08000227   Thumb Code     0  libinit2.o(.ARM.Collect$$libinit$$0000000F)
    __rt_lib_init_rand_1                     0x08000227   Thumb Code     0  libinit2.o(.ARM.Collect$$libinit$$0000000E)
    __rt_lib_init_user_alloc_1               0x08000227   Thumb Code     0  libinit2.o(.ARM.Collect$$libinit$$0000000C)
    __rt_lib_init_lc_collate_1               0x0800022d   Thumb Code     0  libinit2.o(.ARM.Collect$$libinit$$00000011)
    __rt_lib_init_lc_ctype_1                 0x0800022d   Thumb Code     0  libinit2.o(.ARM.Collect$$libinit$$00000013)
    __rt_lib_init_lc_monetary_1              0x0800022d   Thumb Code     0  libinit2.o(.ARM.Collect$$libinit$$00000015)
    __rt_lib_init_lc_numeric_2               0x0800022d   Thumb Code     0  libinit2.o(.ARM.Collect$$libinit$$00000016)
    __rt_lib_init_atexit_1                   0x08000237   Thumb Code     0  libinit2.o(.ARM.Collect$$libinit$$0000001B)
    __rt_lib_init_clock_1                    0x08000237   Thumb Code     0  libinit2.o(.ARM.Collect$$libinit$$00000021)
    __rt_lib_init_fp_trap_1                  0x08000237   Thumb Code     0  libinit2.o(.ARM.Collect$$libinit$$0000001F)
    __rt_lib_init_getenv_1                   0x08000237   Thumb Code     0  libinit2.o(.ARM.Collect$$libinit$$00000023)
    __rt_lib_init_lc_numeric_1               0x08000237   Thumb Code     0  libinit2.o(.ARM.Collect$$libinit$$00000017)
    __rt_lib_init_lc_time_1                  0x08000237   Thumb Code     0  libinit2.o(.ARM.Collect$$libinit$$00000019)
    __rt_lib_init_signal_1                   0x08000237   Thumb Code     0  libinit2.o(.ARM.Collect$$libinit$$0000001D)
    __rt_lib_init_stdio_2                    0x08000237   Thumb Code     0  libinit2.o(.ARM.Collect$$libinit$$00000024)
    __rt_lib_init_alloca_1                   0x0800023b   Thumb Code     0  libinit2.o(.ARM.Collect$$libinit$$0000002E)
    __rt_lib_init_argv_1                     0x0800023b   Thumb Code     0  libinit2.o(.ARM.Collect$$libinit$$0000002C)
    __rt_lib_init_cpp_1                      0x0800023b   Thumb Code     0  libinit2.o(.ARM.Collect$$libinit$$00000032)
    __rt_lib_init_exceptions_1               0x0800023b   Thumb Code     0  libinit2.o(.ARM.Collect$$libinit$$00000030)
    __rt_lib_init_return                     0x0800023b   Thumb Code     0  libinit2.o(.ARM.Collect$$libinit$$00000033)
    __rt_lib_init_stdio_1                    0x0800023b   Thumb Code     0  libinit2.o(.ARM.Collect$$libinit$$00000025)
    __rt_lib_shutdown                        0x0800023d   Thumb Code     0  libshutdown.o(.ARM.Collect$$libshutdown$$00000000)
    __rt_lib_shutdown_cpp_1                  0x0800023f   Thumb Code     0  libshutdown2.o(.ARM.Collect$$libshutdown$$00000004)
    __rt_lib_shutdown_fini_1                 0x0800023f   Thumb Code     0  libshutdown2.o(.ARM.Collect$$libshutdown$$00000002)
    __rt_lib_shutdown_stdio_2                0x0800023f   Thumb Code     0  libshutdown2.o(.ARM.Collect$$libshutdown$$00000005)
    __rt_lib_shutdown_fp_trap_1              0x08000243   Thumb Code     0  libshutdown2.o(.ARM.Collect$$libshutdown$$00000009)
    __rt_lib_shutdown_heap_1                 0x08000243   Thumb Code     0  libshutdown2.o(.ARM.Collect$$libshutdown$$00000011)
    __rt_lib_shutdown_return                 0x08000243   Thumb Code     0  libshutdown2.o(.ARM.Collect$$libshutdown$$00000012)
    __rt_lib_shutdown_signal_1               0x08000243   Thumb Code     0  libshutdown2.o(.ARM.Collect$$libshutdown$$0000000C)
    __rt_lib_shutdown_stdio_1                0x08000243   Thumb Code     0  libshutdown2.o(.ARM.Collect$$libshutdown$$00000006)
    __rt_lib_shutdown_user_alloc_1           0x08000243   Thumb Code     0  libshutdown2.o(.ARM.Collect$$libshutdown$$0000000E)
    __rt_entry                               0x08000245   Thumb Code     0  __rtentry.o(.ARM.Collect$$rtentry$$00000000)
    __rt_entry_presh_1                       0x08000245   Thumb Code     0  __rtentry2.o(.ARM.Collect$$rtentry$$00000002)
    __rt_entry_sh                            0x08000245   Thumb Code     0  __rtentry4.o(.ARM.Collect$$rtentry$$00000004)
    __rt_entry_li                            0x0800024b   Thumb Code     0  __rtentry2.o(.ARM.Collect$$rtentry$$0000000A)
    __rt_entry_postsh_1                      0x0800024b   Thumb Code     0  __rtentry2.o(.ARM.Collect$$rtentry$$00000009)
    __rt_entry_main                          0x0800024f   Thumb Code     0  __rtentry2.o(.ARM.Collect$$rtentry$$0000000D)
    __rt_entry_postli_1                      0x0800024f   Thumb Code     0  __rtentry2.o(.ARM.Collect$$rtentry$$0000000C)
    __rt_exit                                0x08000257   Thumb Code     0  rtexit.o(.ARM.Collect$$rtexit$$00000000)
    __rt_exit_ls                             0x08000259   Thumb Code     0  rtexit2.o(.ARM.Collect$$rtexit$$00000003)
    __rt_exit_prels_1                        0x08000259   Thumb Code     0  rtexit2.o(.ARM.Collect$$rtexit$$00000002)
    __rt_exit_exit                           0x0800025d   Thumb Code     0  rtexit2.o(.ARM.Collect$$rtexit$$00000004)
    Reset_Handler                            0x08000265   Thumb Code     8  startup_stm32f407xx.o(.text)
    _maybe_terminate_alloc                   0x08000265   Thumb Code     0  maybetermalloc1.o(.emb_text)
    ADC_IRQHandler                           0x0800027f   Thumb Code     0  startup_stm32f407xx.o(.text)
    CAN1_RX0_IRQHandler                      0x0800027f   Thumb Code     0  startup_stm32f407xx.o(.text)
    CAN1_RX1_IRQHandler                      0x0800027f   Thumb Code     0  startup_stm32f407xx.o(.text)
    CAN1_SCE_IRQHandler                      0x0800027f   Thumb Code     0  startup_stm32f407xx.o(.text)
    CAN1_TX_IRQHandler                       0x0800027f   Thumb Code     0  startup_stm32f407xx.o(.text)
    CAN2_RX0_IRQHandler                      0x0800027f   Thumb Code     0  startup_stm32f407xx.o(.text)
    CAN2_RX1_IRQHandler                      0x0800027f   Thumb Code     0  startup_stm32f407xx.o(.text)
    CAN2_SCE_IRQHandler                      0x0800027f   Thumb Code     0  startup_stm32f407xx.o(.text)
    CAN2_TX_IRQHandler                       0x0800027f   Thumb Code     0  startup_stm32f407xx.o(.text)
    DCMI_IRQHandler                          0x0800027f   Thumb Code     0  startup_stm32f407xx.o(.text)
    DMA1_Stream0_IRQHandler                  0x0800027f   Thumb Code     0  startup_stm32f407xx.o(.text)
    DMA1_Stream1_IRQHandler                  0x0800027f   Thumb Code     0  startup_stm32f407xx.o(.text)
    DMA1_Stream2_IRQHandler                  0x0800027f   Thumb Code     0  startup_stm32f407xx.o(.text)
    DMA1_Stream3_IRQHandler                  0x0800027f   Thumb Code     0  startup_stm32f407xx.o(.text)
    DMA1_Stream4_IRQHandler                  0x0800027f   Thumb Code     0  startup_stm32f407xx.o(.text)
    DMA1_Stream5_IRQHandler                  0x0800027f   Thumb Code     0  startup_stm32f407xx.o(.text)
    DMA1_Stream6_IRQHandler                  0x0800027f   Thumb Code     0  startup_stm32f407xx.o(.text)
    DMA1_Stream7_IRQHandler                  0x0800027f   Thumb Code     0  startup_stm32f407xx.o(.text)
    DMA2_Stream0_IRQHandler                  0x0800027f   Thumb Code     0  startup_stm32f407xx.o(.text)
    DMA2_Stream1_IRQHandler                  0x0800027f   Thumb Code     0  startup_stm32f407xx.o(.text)
    DMA2_Stream2_IRQHandler                  0x0800027f   Thumb Code     0  startup_stm32f407xx.o(.text)
    DMA2_Stream3_IRQHandler                  0x0800027f   Thumb Code     0  startup_stm32f407xx.o(.text)
    DMA2_Stream4_IRQHandler                  0x0800027f   Thumb Code     0  startup_stm32f407xx.o(.text)
    DMA2_Stream5_IRQHandler                  0x0800027f   Thumb Code     0  startup_stm32f407xx.o(.text)
    DMA2_Stream6_IRQHandler                  0x0800027f   Thumb Code     0  startup_stm32f407xx.o(.text)
    DMA2_Stream7_IRQHandler                  0x0800027f   Thumb Code     0  startup_stm32f407xx.o(.text)
    ETH_IRQHandler                           0x0800027f   Thumb Code     0  startup_stm32f407xx.o(.text)
    ETH_WKUP_IRQHandler                      0x0800027f   Thumb Code     0  startup_stm32f407xx.o(.text)
    EXTI0_IRQHandler                         0x0800027f   Thumb Code     0  startup_stm32f407xx.o(.text)
    EXTI15_10_IRQHandler                     0x0800027f   Thumb Code     0  startup_stm32f407xx.o(.text)
    EXTI1_IRQHandler                         0x0800027f   Thumb Code     0  startup_stm32f407xx.o(.text)
    EXTI2_IRQHandler                         0x0800027f   Thumb Code     0  startup_stm32f407xx.o(.text)
    EXTI3_IRQHandler                         0x0800027f   Thumb Code     0  startup_stm32f407xx.o(.text)
    EXTI4_IRQHandler                         0x0800027f   Thumb Code     0  startup_stm32f407xx.o(.text)
    EXTI9_5_IRQHandler                       0x0800027f   Thumb Code     0  startup_stm32f407xx.o(.text)
    FLASH_IRQHandler                         0x0800027f   Thumb Code     0  startup_stm32f407xx.o(.text)
    FMC_IRQHandler                           0x0800027f   Thumb Code     0  startup_stm32f407xx.o(.text)
    FPU_IRQHandler                           0x0800027f   Thumb Code     0  startup_stm32f407xx.o(.text)
    HASH_RNG_IRQHandler                      0x0800027f   Thumb Code     0  startup_stm32f407xx.o(.text)
    I2C1_ER_IRQHandler                       0x0800027f   Thumb Code     0  startup_stm32f407xx.o(.text)
    I2C1_EV_IRQHandler                       0x0800027f   Thumb Code     0  startup_stm32f407xx.o(.text)
    I2C2_ER_IRQHandler                       0x0800027f   Thumb Code     0  startup_stm32f407xx.o(.text)
    I2C2_EV_IRQHandler                       0x0800027f   Thumb Code     0  startup_stm32f407xx.o(.text)
    I2C3_ER_IRQHandler                       0x0800027f   Thumb Code     0  startup_stm32f407xx.o(.text)
    I2C3_EV_IRQHandler                       0x0800027f   Thumb Code     0  startup_stm32f407xx.o(.text)
    OTG_FS_IRQHandler                        0x0800027f   Thumb Code     0  startup_stm32f407xx.o(.text)
    OTG_FS_WKUP_IRQHandler                   0x0800027f   Thumb Code     0  startup_stm32f407xx.o(.text)
    OTG_HS_EP1_IN_IRQHandler                 0x0800027f   Thumb Code     0  startup_stm32f407xx.o(.text)
    OTG_HS_EP1_OUT_IRQHandler                0x0800027f   Thumb Code     0  startup_stm32f407xx.o(.text)
    OTG_HS_IRQHandler                        0x0800027f   Thumb Code     0  startup_stm32f407xx.o(.text)
    OTG_HS_WKUP_IRQHandler                   0x0800027f   Thumb Code     0  startup_stm32f407xx.o(.text)
    PVD_IRQHandler                           0x0800027f   Thumb Code     0  startup_stm32f407xx.o(.text)
    RCC_IRQHandler                           0x0800027f   Thumb Code     0  startup_stm32f407xx.o(.text)
    RTC_Alarm_IRQHandler                     0x0800027f   Thumb Code     0  startup_stm32f407xx.o(.text)
    RTC_WKUP_IRQHandler                      0x0800027f   Thumb Code     0  startup_stm32f407xx.o(.text)
    SDIO_IRQHandler                          0x0800027f   Thumb Code     0  startup_stm32f407xx.o(.text)
    SPI1_IRQHandler                          0x0800027f   Thumb Code     0  startup_stm32f407xx.o(.text)
    SPI2_IRQHandler                          0x0800027f   Thumb Code     0  startup_stm32f407xx.o(.text)
    SPI3_IRQHandler                          0x0800027f   Thumb Code     0  startup_stm32f407xx.o(.text)
    TAMP_STAMP_IRQHandler                    0x0800027f   Thumb Code     0  startup_stm32f407xx.o(.text)
    TIM1_BRK_TIM9_IRQHandler                 0x0800027f   Thumb Code     0  startup_stm32f407xx.o(.text)
    TIM1_CC_IRQHandler                       0x0800027f   Thumb Code     0  startup_stm32f407xx.o(.text)
    TIM1_TRG_COM_TIM11_IRQHandler            0x0800027f   Thumb Code     0  startup_stm32f407xx.o(.text)
    TIM1_UP_TIM10_IRQHandler                 0x0800027f   Thumb Code     0  startup_stm32f407xx.o(.text)
    TIM2_IRQHandler                          0x0800027f   Thumb Code     0  startup_stm32f407xx.o(.text)
    TIM3_IRQHandler                          0x0800027f   Thumb Code     0  startup_stm32f407xx.o(.text)
    TIM4_IRQHandler                          0x0800027f   Thumb Code     0  startup_stm32f407xx.o(.text)
    TIM5_IRQHandler                          0x0800027f   Thumb Code     0  startup_stm32f407xx.o(.text)
    TIM6_DAC_IRQHandler                      0x0800027f   Thumb Code     0  startup_stm32f407xx.o(.text)
    TIM7_IRQHandler                          0x0800027f   Thumb Code     0  startup_stm32f407xx.o(.text)
    TIM8_BRK_TIM12_IRQHandler                0x0800027f   Thumb Code     0  startup_stm32f407xx.o(.text)
    TIM8_CC_IRQHandler                       0x0800027f   Thumb Code     0  startup_stm32f407xx.o(.text)
    TIM8_TRG_COM_TIM14_IRQHandler            0x0800027f   Thumb Code     0  startup_stm32f407xx.o(.text)
    TIM8_UP_TIM13_IRQHandler                 0x0800027f   Thumb Code     0  startup_stm32f407xx.o(.text)
    UART4_IRQHandler                         0x0800027f   Thumb Code     0  startup_stm32f407xx.o(.text)
    UART5_IRQHandler                         0x0800027f   Thumb Code     0  startup_stm32f407xx.o(.text)
    USART1_IRQHandler                        0x0800027f   Thumb Code     0  startup_stm32f407xx.o(.text)
    USART2_IRQHandler                        0x0800027f   Thumb Code     0  startup_stm32f407xx.o(.text)
    USART3_IRQHandler                        0x0800027f   Thumb Code     0  startup_stm32f407xx.o(.text)
    USART6_IRQHandler                        0x0800027f   Thumb Code     0  startup_stm32f407xx.o(.text)
    WWDG_IRQHandler                          0x0800027f   Thumb Code     0  startup_stm32f407xx.o(.text)
    __user_initial_stackheap                 0x08000281   Thumb Code     0  startup_stm32f407xx.o(.text)
    malloc                                   0x080002a5   Thumb Code    94  h1_alloc.o(.text)
    free                                     0x08000303   Thumb Code    78  h1_free.o(.text)
    __aeabi_uldivmod                         0x08000351   Thumb Code     0  lludivv7m.o(.text)
    _ll_udiv                                 0x08000351   Thumb Code   238  lludivv7m.o(.text)
    __2printf                                0x08000441   Thumb Code    20  noretval__2printf.o(.text)
    __2sprintf                               0x08000459   Thumb Code    34  noretval__2sprintf.o(.text)
    _printf_int_dec                          0x08000481   Thumb Code   104  _printf_dec.o(.text)
    _printf_int_hex                          0x080004f9   Thumb Code    84  _printf_hex_int.o(.text)
    _printf_longlong_hex                     0x080004f9   Thumb Code     0  _printf_hex_int.o(.text)
    __printf                                 0x08000551   Thumb Code   270  __printf_wp.o(.text)
    __aeabi_memclr4                          0x0800065f   Thumb Code     0  rt_memclr_w.o(.text)
    __aeabi_memclr8                          0x0800065f   Thumb Code     0  rt_memclr_w.o(.text)
    __rt_memclr_w                            0x0800065f   Thumb Code    78  rt_memclr_w.o(.text)
    _memset_w                                0x08000663   Thumb Code     0  rt_memclr_w.o(.text)
    __use_two_region_memory                  0x080006ad   Thumb Code     2  heapauxi.o(.text)
    __rt_heap_escrow                         0x080006af   Thumb Code     2  heapauxi.o(.text)
    __rt_heap_expand                         0x080006b1   Thumb Code     2  heapauxi.o(.text)
    __rt_heap_descriptor                     0x080006b5   Thumb Code     8  rt_heap_descriptor_intlibspace.o(.text)
    __use_no_heap                            0x080006bd   Thumb Code     2  hguard.o(.text)
    __heap$guard                             0x080006bf   Thumb Code     2  hguard.o(.text)
    _terminate_user_alloc                    0x080006c1   Thumb Code     2  init_alloc.o(.text)
    _init_user_alloc                         0x080006c3   Thumb Code     2  init_alloc.o(.text)
    __Heap_Full                              0x080006c5   Thumb Code    34  init_alloc.o(.text)
    __Heap_Broken                            0x080006e7   Thumb Code     6  init_alloc.o(.text)
    _init_alloc                              0x080006ed   Thumb Code    94  init_alloc.o(.text)
    __Heap_Initialize                        0x0800074b   Thumb Code    10  h1_init.o(.text)
    __Heap_DescSize                          0x08000755   Thumb Code     4  h1_init.o(.text)
    _printf_int_common                       0x08000759   Thumb Code   178  _printf_intcommon.o(.text)
    __lib_sel_fp_printf                      0x0800080b   Thumb Code     2  _printf_fp_dec.o(.text)
    _printf_fp_dec_real                      0x080009bd   Thumb Code   620  _printf_fp_dec.o(.text)
    _printf_char_common                      0x08000c33   Thumb Code    32  _printf_char_common.o(.text)
    _sputc                                   0x08000c59   Thumb Code    10  _sputc.o(.text)
    _printf_char_file                        0x08000c65   Thumb Code    32  _printf_char_file.o(.text)
    __user_libspace                          0x08000c89   Thumb Code     8  libspace.o(.text)
    __user_perproc_libspace                  0x08000c89   Thumb Code     0  libspace.o(.text)
    __user_perthread_libspace                0x08000c89   Thumb Code     0  libspace.o(.text)
    __rt_locale                              0x08000c91   Thumb Code     8  rt_locale_intlibspace.o(.text)
    __Heap_ProvideMemory                     0x08000c99   Thumb Code    52  h1_extend.o(.text)
    _ll_udiv10                               0x08000ccd   Thumb Code   138  lludiv10.o(.text)
    _printf_fp_infnan                        0x08000d59   Thumb Code   112  _printf_fp_infnan.o(.text)
    _btod_etento                             0x08000dd9   Thumb Code   224  bigflt0.o(.text)
    ferror                                   0x08000ebd   Thumb Code     8  ferror.o(.text)
    _initio                                  0x08000ec5   Thumb Code   210  initio.o(.text)
    _terminateio                             0x08000f97   Thumb Code    56  initio.o(.text)
    __rt_SIGRTMEM                            0x08000ffd   Thumb Code    14  defsig_rtmem_outer.o(.text)
    _sys_open                                0x0800100b   Thumb Code    20  sys_io.o(.text)
    _sys_close                               0x0800101f   Thumb Code    12  sys_io.o(.text)
    _sys_write                               0x0800102b   Thumb Code    16  sys_io.o(.text)
    _sys_read                                0x0800103b   Thumb Code    14  sys_io.o(.text)
    _sys_istty                               0x08001049   Thumb Code    12  sys_io.o(.text)
    _sys_seek                                0x08001055   Thumb Code    14  sys_io.o(.text)
    _sys_ensure                              0x08001063   Thumb Code     2  sys_io.o(.text)
    _sys_flen                                0x08001065   Thumb Code    12  sys_io.o(.text)
    __I$use$semihosting                      0x08001071   Thumb Code     0  use_no_semi.o(.text)
    __use_no_semihosting_swi                 0x08001071   Thumb Code     2  use_no_semi.o(.text)
    __semihosting_library_function           0x08001073   Thumb Code     0  indicate_semi.o(.text)
    __user_setup_stackheap                   0x08001073   Thumb Code    74  sys_stackheap_outer.o(.text)
    setvbuf                                  0x080010bd   Thumb Code    70  setvbuf.o(.text)
    freopen                                  0x08001105   Thumb Code   158  fopen.o(.text)
    fopen                                    0x080011a3   Thumb Code    74  fopen.o(.text)
    _fclose_internal                         0x080011f1   Thumb Code    76  fclose.o(.text)
    fclose                                   0x080011f1   Thumb Code     0  fclose.o(.text)
    exit                                     0x0800123d   Thumb Code    18  exit.o(.text)
    __sig_exit                               0x0800124f   Thumb Code    10  defsig_exit.o(.text)
    __rt_SIGRTRED                            0x08001259   Thumb Code    14  defsig_rtred_outer.o(.text)
    __rt_SIGRTMEM_inner                      0x08001269   Thumb Code    22  defsig_rtmem_inner.o(.text)
    strcmp                                   0x080012b9   Thumb Code   128  strcmpv7m.o(.text)
    _sys_exit                                0x08001339   Thumb Code     8  sys_exit.o(.text)
    _fseek                                   0x08001345   Thumb Code   242  fseek.o(.text)
    fseek                                    0x08001345   Thumb Code     0  fseek.o(.text)
    _seterr                                  0x0800143d   Thumb Code    20  stdio.o(.text)
    _writebuf                                0x08001451   Thumb Code    84  stdio.o(.text)
    _fflush                                  0x080014a5   Thumb Code    70  stdio.o(.text)
    _deferredlazyseek                        0x080014eb   Thumb Code    60  stdio.o(.text)
    __default_signal_display                 0x0800152d   Thumb Code    50  defsig_general.o(.text)
    __rt_SIGRTRED_inner                      0x08001561   Thumb Code    14  defsig_rtred_inner.o(.text)
    strlen                                   0x08001595   Thumb Code    62  strlen.o(.text)
    _ttywrch                                 0x080015d3   Thumb Code    14  sys_wrch.o(.text)
    _ftell_internal                          0x080015e1   Thumb Code    66  ftell.o(.text)
    ftell                                    0x080015e1   Thumb Code     0  ftell.o(.text)
    __aeabi_errno_addr                       0x08001625   Thumb Code     8  rt_errno_addr_intlibspace.o(.text)
    __errno$intlibspace                      0x08001625   Thumb Code     0  rt_errno_addr_intlibspace.o(.text)
    __rt_errno_addr$intlibspace              0x08001625   Thumb Code     0  rt_errno_addr_intlibspace.o(.text)
    _btod_d2e                                0x0800162d   Thumb Code    62  btod.o(CL$$btod_d2e)
    _d2e_denorm_low                          0x0800166b   Thumb Code    70  btod.o(CL$$btod_d2e_denorm_low)
    _d2e_norm_op1                            0x080016b1   Thumb Code    96  btod.o(CL$$btod_d2e_norm_op1)
    __btod_div_common                        0x08001711   Thumb Code   696  btod.o(CL$$btod_div_common)
    _e2e                                     0x08001a49   Thumb Code   220  btod.o(CL$$btod_e2e)
    _btod_ediv                               0x08001b25   Thumb Code    42  btod.o(CL$$btod_ediv)
    _btod_emul                               0x08001b4f   Thumb Code    42  btod.o(CL$$btod_emul)
    __btod_mult_common                       0x08001b79   Thumb Code   580  btod.o(CL$$btod_mult_common)
    BusFault_Handler                         0x08001dbd   Thumb Code     2  stm32f4xx_it.o(i.BusFault_Handler)
    DebugMon_Handler                         0x08001dbf   Thumb Code     2  stm32f4xx_it.o(i.DebugMon_Handler)
    Error_Handler                            0x08001dc1   Thumb Code     4  main.o(i.Error_Handler)
    FSMC_NORSRAM_Extended_Timing_Init        0x08001dc5   Thumb Code    56  stm32f4xx_ll_fsmc.o(i.FSMC_NORSRAM_Extended_Timing_Init)
    FSMC_NORSRAM_Init                        0x08001e01   Thumb Code    98  stm32f4xx_ll_fsmc.o(i.FSMC_NORSRAM_Init)
    FSMC_NORSRAM_Timing_Init                 0x08001e69   Thumb Code    64  stm32f4xx_ll_fsmc.o(i.FSMC_NORSRAM_Timing_Init)
    HAL_Delay                                0x08001ead   Thumb Code    32  stm32f4xx_hal.o(i.HAL_Delay)
    HAL_GPIO_Init                            0x08001f5d   Thumb Code   450  stm32f4xx_hal_gpio.o(i.HAL_GPIO_Init)
    HAL_GPIO_ReadPin                         0x0800214d   Thumb Code    10  stm32f4xx_hal_gpio.o(i.HAL_GPIO_ReadPin)
    HAL_GPIO_WritePin                        0x08002157   Thumb Code    10  stm32f4xx_hal_gpio.o(i.HAL_GPIO_WritePin)
    HAL_GetTick                              0x08002161   Thumb Code     6  stm32f4xx_hal.o(i.HAL_GetTick)
    HAL_IncTick                              0x0800216d   Thumb Code    12  stm32f4xx_hal.o(i.HAL_IncTick)
    HAL_Init                                 0x0800217d   Thumb Code    48  stm32f4xx_hal.o(i.HAL_Init)
    HAL_InitTick                             0x080021b1   Thumb Code    54  stm32f4xx_hal.o(i.HAL_InitTick)
    HAL_MspInit                              0x080021f1   Thumb Code    42  stm32f4xx_hal_msp.o(i.HAL_MspInit)
    HAL_NVIC_SetPriority                     0x08002221   Thumb Code    60  stm32f4xx_hal_cortex.o(i.HAL_NVIC_SetPriority)
    HAL_NVIC_SetPriorityGrouping             0x08002261   Thumb Code    26  stm32f4xx_hal_cortex.o(i.HAL_NVIC_SetPriorityGrouping)
    HAL_RCC_ClockConfig                      0x08002285   Thumb Code   288  stm32f4xx_hal_rcc.o(i.HAL_RCC_ClockConfig)
    HAL_RCC_GetPCLK1Freq                     0x080023b9   Thumb Code    20  stm32f4xx_hal_rcc.o(i.HAL_RCC_GetPCLK1Freq)
    HAL_RCC_GetPCLK2Freq                     0x080023d9   Thumb Code    20  stm32f4xx_hal_rcc.o(i.HAL_RCC_GetPCLK2Freq)
    HAL_RCC_GetSysClockFreq                  0x080023f9   Thumb Code    88  stm32f4xx_hal_rcc.o(i.HAL_RCC_GetSysClockFreq)
    HAL_RCC_OscConfig                        0x08002459   Thumb Code   856  stm32f4xx_hal_rcc.o(i.HAL_RCC_OscConfig)
    HAL_SPI_Init                             0x080027c5   Thumb Code   188  stm32f4xx_hal_spi.o(i.HAL_SPI_Init)
    HAL_SPI_MspInit                          0x08002881   Thumb Code   128  spi.o(i.HAL_SPI_MspInit)
    HAL_SPI_TransmitReceive                  0x08002911   Thumb Code   496  stm32f4xx_hal_spi.o(i.HAL_SPI_TransmitReceive)
    HAL_SRAM_Init                            0x08002b01   Thumb Code    92  stm32f4xx_hal_sram.o(i.HAL_SRAM_Init)
    HAL_SRAM_MspInit                         0x08002b5d   Thumb Code     4  fsmc.o(i.HAL_SRAM_MspInit)
    HAL_SYSTICK_Config                       0x08002b61   Thumb Code    40  stm32f4xx_hal_cortex.o(i.HAL_SYSTICK_Config)
    HAL_TIM_Base_Init                        0x08002b89   Thumb Code    90  stm32f4xx_hal_tim.o(i.HAL_TIM_Base_Init)
    HAL_TIM_Base_MspInit                     0x08002be5   Thumb Code    30  tim.o(i.HAL_TIM_Base_MspInit)
    HAL_TIM_Base_Start_IT                    0x08002c0d   Thumb Code   100  stm32f4xx_hal_tim.o(i.HAL_TIM_Base_Start_IT)
    HAL_TIM_MspPostInit                      0x08002c8d   Thumb Code    72  tim.o(i.HAL_TIM_MspPostInit)
    HAL_TIM_PWM_ConfigChannel                0x08002ce1   Thumb Code   204  stm32f4xx_hal_tim.o(i.HAL_TIM_PWM_ConfigChannel)
    HAL_TIM_PWM_Init                         0x08002dad   Thumb Code    90  stm32f4xx_hal_tim.o(i.HAL_TIM_PWM_Init)
    HAL_TIM_PWM_MspInit                      0x08002e07   Thumb Code     2  stm32f4xx_hal_tim.o(i.HAL_TIM_PWM_MspInit)
    HAL_TIM_PWM_Start                        0x08002e09   Thumb Code   172  stm32f4xx_hal_tim.o(i.HAL_TIM_PWM_Start)
    HAL_UART_Init                            0x08002ed1   Thumb Code   100  stm32f4xx_hal_uart.o(i.HAL_UART_Init)
    HAL_UART_MspInit                         0x08002f35   Thumb Code    94  usart.o(i.HAL_UART_MspInit)
    HAL_UART_Transmit                        0x08002fa1   Thumb Code   160  stm32f4xx_hal_uart.o(i.HAL_UART_Transmit)
    HD_SPI_Mode_Task                         0x08003041   Thumb Code   376  main.o(i.HD_SPI_Mode_Task)
    HardFault_Handler                        0x080032a1   Thumb Code     2  stm32f4xx_it.o(i.HardFault_Handler)
    Key_Read                                 0x080032a5   Thumb Code    80  main.o(i.Key_Read)
    LCD_Display_Dir                          0x080032fd   Thumb Code    26  drv_lcd.o(i.LCD_Display_Dir)
    LCD_WriteRAM_Prepare                     0x0800331d   Thumb Code    10  drv_lcd.o(i.LCD_WriteRAM_Prepare)
    MX_FSMC_Init                             0x08003331   Thumb Code   130  fsmc.o(i.MX_FSMC_Init)
    MX_GPIO_Init                             0x080033bd   Thumb Code   234  gpio.o(i.MX_GPIO_Init)
    MX_SPI2_Init                             0x080034b9   Thumb Code    64  spi.o(i.MX_SPI2_Init)
    MX_TIM14_Init                            0x08003501   Thumb Code    98  tim.o(i.MX_TIM14_Init)
    MX_USART1_UART_Init                      0x0800356d   Thumb Code    48  usart.o(i.MX_USART1_UART_Init)
    MemManage_Handler                        0x080035a5   Thumb Code     2  stm32f4xx_it.o(i.MemManage_Handler)
    NMI_Handler                              0x080035a7   Thumb Code     2  stm32f4xx_it.o(i.NMI_Handler)
    PendSV_Handler                           0x080035a9   Thumb Code     2  stm32f4xx_it.o(i.PendSV_Handler)
    SPI2_ReadWriteByte                       0x080035ad   Thumb Code    28  flash.o(i.SPI2_ReadWriteByte)
    SVC_Handler                              0x080036f1   Thumb Code     2  stm32f4xx_it.o(i.SVC_Handler)
    Soft_SPI_Mode_Task                       0x080036f5   Thumb Code   376  main.o(i.Soft_SPI_Mode_Task)
    Soft_SPI_Transfer                        0x08003949   Thumb Code   106  main.o(i.Soft_SPI_Transfer)
    Soft_W25Q64_PageProgram                  0x080039b9   Thumb Code   108  main.o(i.Soft_W25Q64_PageProgram)
    Soft_W25Q64_ReadData                     0x08003a29   Thumb Code    90  main.o(i.Soft_W25Q64_ReadData)
    Soft_W25Q64_ReadStatus                   0x08003a89   Thumb Code    46  main.o(i.Soft_W25Q64_ReadStatus)
    Soft_W25Q64_WriteEnable                  0x08003abd   Thumb Code    38  main.o(i.Soft_W25Q64_WriteEnable)
    Soft_W25QXX_Read                         0x08003ae9   Thumb Code    10  main.o(i.Soft_W25QXX_Read)
    Soft_W25QXX_Write                        0x08003af3   Thumb Code    10  main.o(i.Soft_W25QXX_Write)
    SysTick_Handler                          0x08003afd   Thumb Code     4  stm32f4xx_it.o(i.SysTick_Handler)
    SystemClock_Config                       0x08003b01   Thumb Code   138  main.o(i.SystemClock_Config)
    SystemInit                               0x08003b95   Thumb Code    12  system_stm32f4xx.o(i.SystemInit)
    TIM_Base_SetConfig                       0x08003ba5   Thumb Code   170  stm32f4xx_hal_tim.o(i.TIM_Base_SetConfig)
    TIM_CCxChannelCmd                        0x08003c7d   Thumb Code    26  stm32f4xx_hal_tim.o(i.TIM_CCxChannelCmd)
    TIM_OC2_SetConfig                        0x08003cf9   Thumb Code    98  stm32f4xx_hal_tim.o(i.TIM_OC2_SetConfig)
    UsageFault_Handler                       0x08003feb   Thumb Code     2  stm32f4xx_it.o(i.UsageFault_Handler)
    W25QXX_Erase_Sector                      0x08003fed   Thumb Code    92  flash.o(i.W25QXX_Erase_Sector)
    W25QXX_Read                              0x08004051   Thumb Code   108  flash.o(i.W25QXX_Read)
    W25QXX_ReadID                            0x080040c5   Thumb Code    76  flash.o(i.W25QXX_ReadID)
    W25QXX_ReadSR                            0x08004115   Thumb Code    68  flash.o(i.W25QXX_ReadSR)
    W25QXX_Wait_Busy                         0x0800415d   Thumb Code    14  flash.o(i.W25QXX_Wait_Busy)
    W25QXX_Write                             0x0800416d   Thumb Code   152  flash.o(i.W25QXX_Write)
    W25QXX_Write_Enable                      0x08004209   Thumb Code    38  flash.o(i.W25QXX_Write_Enable)
    W25QXX_Write_NoCheck                     0x08004235   Thumb Code    62  flash.o(i.W25QXX_Write_NoCheck)
    W25QXX_Write_Page                        0x08004275   Thumb Code   114  flash.o(i.W25QXX_Write_Page)
    __ARM_fpclassify                         0x080042f1   Thumb Code    48  fpclassify.o(i.__ARM_fpclassify)
    _is_digit                                0x08004341   Thumb Code    14  __printf_wp.o(i._is_digit)
    calculate_checksum                       0x0800434f   Thumb Code    26  main.o(i.calculate_checksum)
    drv_lcd_init                             0x08004369   Thumb Code   328  drv_lcd.o(i.drv_lcd_init)
    fputc                                    0x080044c9   Thumb Code    20  main.o(i.fputc)
    getCurrentMicros                         0x080044e1   Thumb Code    88  main.o(i.getCurrentMicros)
    lcd_address_set                          0x08004539   Thumb Code    46  drv_lcd.o(i.lcd_address_set)
    lcd_clear                                0x08004571   Thumb Code    48  drv_lcd.o(i.lcd_clear)
    lcd_set_color                            0x080045a5   Thumb Code     8  drv_lcd.o(i.lcd_set_color)
    lcd_show_string                          0x08004879   Thumb Code   102  drv_lcd.o(i.lcd_show_string)
    main                                     0x08004929   Thumb Code   154  main.o(i.main)
    _get_lc_numeric                          0x08004a11   Thumb Code    44  lc_numeric_c.o(locale$$code)
    __fpl_dretinf                            0x08004a3d   Thumb Code    12  dretinf.o(x$fpl$dretinf)
    __aeabi_f2d                              0x08004a49   Thumb Code     0  f2d.o(x$fpl$f2d)
    _f2d                                     0x08004a49   Thumb Code    86  f2d.o(x$fpl$f2d)
    __fpl_fnaninf                            0x08004a9f   Thumb Code   140  fnaninf.o(x$fpl$fnaninf)
    _fp_init                                 0x08004b2b   Thumb Code    10  fpinit.o(x$fpl$fpinit)
    __fplib_config_fpu_vfp                   0x08004b33   Thumb Code     0  fpinit.o(x$fpl$fpinit)
    __fplib_config_pureend_doubles           0x08004b33   Thumb Code     0  fpinit.o(x$fpl$fpinit)
    _printf_fp_dec                           0x08004b35   Thumb Code     4  printf1.o(x$fpl$printf1)
    AHBPrescTable                            0x08004b38   Data          16  system_stm32f4xx.o(.constdata)
    __I$use$fp                               0x08004b38   Number         0  usenofp.o(x$fpl$usenofp)
    APBPrescTable                            0x08004b48   Data           8  system_stm32f4xx.o(.constdata)
    asc2_1608                                0x08004b50   Data        1504  drv_lcd.o(.constdata)
    asc2_2412                                0x08005130   Data        4512  drv_lcd.o(.constdata)
    asc2_3216                                0x080062d0   Data        6016  drv_lcd.o(.constdata)
    __stdin_name                             0x08007b0c   Data           4  sys_io.o(.constdata)
    __stdout_name                            0x08007b10   Data           4  sys_io.o(.constdata)
    __stderr_name                            0x08007b14   Data           4  sys_io.o(.constdata)
    Region$$Table$$Base                      0x08007b64   Number         0  anon$$obj.o(Region$$Table)
    Region$$Table$$Limit                     0x08007b84   Number         0  anon$$obj.o(Region$$Table)
    changed                                  0x20000000   Data           1  main.o(.data)
    write_checksum                           0x20000001   Data           1  main.o(.data)
    read_checksum                            0x20000002   Data           1  main.o(.data)
    FlashID                                  0x20000004   Data           2  main.o(.data)
    W25QXX_TYPE                              0x20000010   Data           2  flash.o(.data)
    uwTickFreq                               0x20000014   Data           1  stm32f4xx_hal.o(.data)
    uwTickPrio                               0x20000018   Data           4  stm32f4xx_hal.o(.data)
    uwTick                                   0x2000001c   Data           4  stm32f4xx_hal.o(.data)
    SystemCoreClock                          0x20000020   Data           4  system_stm32f4xx.o(.data)
    BACK_COLOR                               0x20000024   Data           2  drv_lcd.o(.data)
    FORE_COLOR                               0x20000026   Data           2  drv_lcd.o(.data)
    __aeabi_stdin                            0x20000028   Data           4  stdio_streams.o(.data)
    __aeabi_stdout                           0x2000002c   Data           4  stdio_streams.o(.data)
    __aeabi_stderr                           0x20000030   Data           4  stdio_streams.o(.data)
    WriteBuf                                 0x20000034   Data          27  main.o(.bss)
    ReadBuf                                  0x2000004f   Data          27  main.o(.bss)
    hsram3                                   0x2000006c   Data          80  fsmc.o(.bss)
    hspi2                                    0x200000bc   Data          88  spi.o(.bss)
    htim14                                   0x20000114   Data          72  tim.o(.bss)
    huart1                                   0x2000015c   Data          72  usart.o(.bss)
    W25QXX_BUFFER                            0x200001a4   Data        4096  flash.o(.bss)
    lcddev                                   0x200011a4   Data          14  drv_lcd.o(.bss)
    __stdin                                  0x200011b4   Data          84  stdio_streams.o(.bss)
    __stdout                                 0x20001208   Data          84  stdio_streams.o(.bss)
    __stderr                                 0x2000125c   Data          84  stdio_streams.o(.bss)
    __libspace_start                         0x200012b0   Data          96  libspace.o(.bss)
    __temporary_stack_top$libspace           0x20001310   Data           0  libspace.o(.bss)



==============================================================================

Memory Map of the image

  Image Entry point : 0x08000189

  Load Region LR_IROM1 (Base: 0x08000000, Size: 0x00007bd4, Max: 0x00100000, ABSOLUTE)

    Execution Region ER_IROM1 (Exec base: 0x08000000, Load base: 0x08000000, Size: 0x00007ba0, Max: 0x00100000, ABSOLUTE)

    Exec Addr    Load Addr    Size         Type   Attr      Idx    E Section Name        Object

    0x08000000   0x08000000   0x00000188   Data   RO            3    RESET               startup_stm32f407xx.o
    0x08000188   0x08000188   0x00000008   Code   RO         4221  * !!!main             c_w.l(__main.o)
    0x08000190   0x08000190   0x00000034   Code   RO         4548    !!!scatter          c_w.l(__scatter.o)
    0x080001c4   0x080001c4   0x0000001a   Code   RO         4550    !!handler_copy      c_w.l(__scatter_copy.o)
    0x080001de   0x080001de   0x00000002   PAD
    0x080001e0   0x080001e0   0x0000001c   Code   RO         4552    !!handler_zi        c_w.l(__scatter_zi.o)
    0x080001fc   0x080001fc   0x00000000   Code   RO         4216    .ARM.Collect$$_printf_percent$$00000000  c_w.l(_printf_percent.o)
    0x080001fc   0x080001fc   0x00000006   Code   RO         4215    .ARM.Collect$$_printf_percent$$00000003  c_w.l(_printf_f.o)
    0x08000202   0x08000202   0x00000006   Code   RO         4213    .ARM.Collect$$_printf_percent$$00000009  c_w.l(_printf_d.o)
    0x08000208   0x08000208   0x00000006   Code   RO         4214    .ARM.Collect$$_printf_percent$$0000000A  c_w.l(_printf_u.o)
    0x0800020e   0x0800020e   0x00000006   Code   RO         4212    .ARM.Collect$$_printf_percent$$0000000C  c_w.l(_printf_x.o)
    0x08000214   0x08000214   0x00000004   Code   RO         4269    .ARM.Collect$$_printf_percent$$00000017  c_w.l(_printf_percent_end.o)
    0x08000218   0x08000218   0x00000002   Code   RO         4472    .ARM.Collect$$libinit$$00000000  c_w.l(libinit.o)
    0x0800021a   0x0800021a   0x00000004   Code   RO         4280    .ARM.Collect$$libinit$$00000001  c_w.l(libinit2.o)
    0x0800021e   0x0800021e   0x00000000   Code   RO         4283    .ARM.Collect$$libinit$$00000004  c_w.l(libinit2.o)
    0x0800021e   0x0800021e   0x00000008   Code   RO         4284    .ARM.Collect$$libinit$$00000005  c_w.l(libinit2.o)
    0x08000226   0x08000226   0x00000000   Code   RO         4286    .ARM.Collect$$libinit$$0000000A  c_w.l(libinit2.o)
    0x08000226   0x08000226   0x00000000   Code   RO         4288    .ARM.Collect$$libinit$$0000000C  c_w.l(libinit2.o)
    0x08000226   0x08000226   0x00000000   Code   RO         4290    .ARM.Collect$$libinit$$0000000E  c_w.l(libinit2.o)
    0x08000226   0x08000226   0x00000006   Code   RO         4291    .ARM.Collect$$libinit$$0000000F  c_w.l(libinit2.o)
    0x0800022c   0x0800022c   0x00000000   Code   RO         4293    .ARM.Collect$$libinit$$00000011  c_w.l(libinit2.o)
    0x0800022c   0x0800022c   0x00000000   Code   RO         4295    .ARM.Collect$$libinit$$00000013  c_w.l(libinit2.o)
    0x0800022c   0x0800022c   0x00000000   Code   RO         4297    .ARM.Collect$$libinit$$00000015  c_w.l(libinit2.o)
    0x0800022c   0x0800022c   0x0000000a   Code   RO         4298    .ARM.Collect$$libinit$$00000016  c_w.l(libinit2.o)
    0x08000236   0x08000236   0x00000000   Code   RO         4299    .ARM.Collect$$libinit$$00000017  c_w.l(libinit2.o)
    0x08000236   0x08000236   0x00000000   Code   RO         4301    .ARM.Collect$$libinit$$00000019  c_w.l(libinit2.o)
    0x08000236   0x08000236   0x00000000   Code   RO         4303    .ARM.Collect$$libinit$$0000001B  c_w.l(libinit2.o)
    0x08000236   0x08000236   0x00000000   Code   RO         4305    .ARM.Collect$$libinit$$0000001D  c_w.l(libinit2.o)
    0x08000236   0x08000236   0x00000000   Code   RO         4307    .ARM.Collect$$libinit$$0000001F  c_w.l(libinit2.o)
    0x08000236   0x08000236   0x00000000   Code   RO         4309    .ARM.Collect$$libinit$$00000021  c_w.l(libinit2.o)
    0x08000236   0x08000236   0x00000000   Code   RO         4311    .ARM.Collect$$libinit$$00000023  c_w.l(libinit2.o)
    0x08000236   0x08000236   0x00000004   Code   RO         4312    .ARM.Collect$$libinit$$00000024  c_w.l(libinit2.o)
    0x0800023a   0x0800023a   0x00000000   Code   RO         4313    .ARM.Collect$$libinit$$00000025  c_w.l(libinit2.o)
    0x0800023a   0x0800023a   0x00000000   Code   RO         4317    .ARM.Collect$$libinit$$0000002C  c_w.l(libinit2.o)
    0x0800023a   0x0800023a   0x00000000   Code   RO         4319    .ARM.Collect$$libinit$$0000002E  c_w.l(libinit2.o)
    0x0800023a   0x0800023a   0x00000000   Code   RO         4321    .ARM.Collect$$libinit$$00000030  c_w.l(libinit2.o)
    0x0800023a   0x0800023a   0x00000000   Code   RO         4323    .ARM.Collect$$libinit$$00000032  c_w.l(libinit2.o)
    0x0800023a   0x0800023a   0x00000002   Code   RO         4324    .ARM.Collect$$libinit$$00000033  c_w.l(libinit2.o)
    0x0800023c   0x0800023c   0x00000002   Code   RO         4545    .ARM.Collect$$libshutdown$$00000000  c_w.l(libshutdown.o)
    0x0800023e   0x0800023e   0x00000000   Code   RO         4474    .ARM.Collect$$libshutdown$$00000002  c_w.l(libshutdown2.o)
    0x0800023e   0x0800023e   0x00000000   Code   RO         4476    .ARM.Collect$$libshutdown$$00000004  c_w.l(libshutdown2.o)
    0x0800023e   0x0800023e   0x00000004   Code   RO         4477    .ARM.Collect$$libshutdown$$00000005  c_w.l(libshutdown2.o)
    0x08000242   0x08000242   0x00000000   Code   RO         4478    .ARM.Collect$$libshutdown$$00000006  c_w.l(libshutdown2.o)
    0x08000242   0x08000242   0x00000000   Code   RO         4481    .ARM.Collect$$libshutdown$$00000009  c_w.l(libshutdown2.o)
    0x08000242   0x08000242   0x00000000   Code   RO         4484    .ARM.Collect$$libshutdown$$0000000C  c_w.l(libshutdown2.o)
    0x08000242   0x08000242   0x00000000   Code   RO         4486    .ARM.Collect$$libshutdown$$0000000E  c_w.l(libshutdown2.o)
    0x08000242   0x08000242   0x00000000   Code   RO         4489    .ARM.Collect$$libshutdown$$00000011  c_w.l(libshutdown2.o)
    0x08000242   0x08000242   0x00000002   Code   RO         4490    .ARM.Collect$$libshutdown$$00000012  c_w.l(libshutdown2.o)
    0x08000244   0x08000244   0x00000000   Code   RO         4229    .ARM.Collect$$rtentry$$00000000  c_w.l(__rtentry.o)
    0x08000244   0x08000244   0x00000000   Code   RO         4336    .ARM.Collect$$rtentry$$00000002  c_w.l(__rtentry2.o)
    0x08000244   0x08000244   0x00000006   Code   RO         4348    .ARM.Collect$$rtentry$$00000004  c_w.l(__rtentry4.o)
    0x0800024a   0x0800024a   0x00000000   Code   RO         4338    .ARM.Collect$$rtentry$$00000009  c_w.l(__rtentry2.o)
    0x0800024a   0x0800024a   0x00000004   Code   RO         4339    .ARM.Collect$$rtentry$$0000000A  c_w.l(__rtentry2.o)
    0x0800024e   0x0800024e   0x00000000   Code   RO         4341    .ARM.Collect$$rtentry$$0000000C  c_w.l(__rtentry2.o)
    0x0800024e   0x0800024e   0x00000008   Code   RO         4342    .ARM.Collect$$rtentry$$0000000D  c_w.l(__rtentry2.o)
    0x08000256   0x08000256   0x00000002   Code   RO         4493    .ARM.Collect$$rtexit$$00000000  c_w.l(rtexit.o)
    0x08000258   0x08000258   0x00000000   Code   RO         4516    .ARM.Collect$$rtexit$$00000002  c_w.l(rtexit2.o)
    0x08000258   0x08000258   0x00000004   Code   RO         4517    .ARM.Collect$$rtexit$$00000003  c_w.l(rtexit2.o)
    0x0800025c   0x0800025c   0x00000006   Code   RO         4518    .ARM.Collect$$rtexit$$00000004  c_w.l(rtexit2.o)
    0x08000262   0x08000262   0x00000002   PAD
    0x08000264   0x08000264   0x00000000   Code   RO         4359    .emb_text           c_w.l(maybetermalloc1.o)
    0x08000264   0x08000264   0x00000040   Code   RO            4    .text               startup_stm32f407xx.o
    0x080002a4   0x080002a4   0x0000005e   Code   RO         4099    .text               c_w.l(h1_alloc.o)
    0x08000302   0x08000302   0x0000004e   Code   RO         4101    .text               c_w.l(h1_free.o)
    0x08000350   0x08000350   0x000000ee   Code   RO         4157    .text               c_w.l(lludivv7m.o)
    0x0800043e   0x0800043e   0x00000002   PAD
    0x08000440   0x08000440   0x00000018   Code   RO         4163    .text               c_w.l(noretval__2printf.o)
    0x08000458   0x08000458   0x00000028   Code   RO         4165    .text               c_w.l(noretval__2sprintf.o)
    0x08000480   0x08000480   0x00000078   Code   RO         4169    .text               c_w.l(_printf_dec.o)
    0x080004f8   0x080004f8   0x00000058   Code   RO         4174    .text               c_w.l(_printf_hex_int.o)
    0x08000550   0x08000550   0x0000010e   Code   RO         4200    .text               c_w.l(__printf_wp.o)
    0x0800065e   0x0800065e   0x0000004e   Code   RO         4217    .text               c_w.l(rt_memclr_w.o)
    0x080006ac   0x080006ac   0x00000006   Code   RO         4219    .text               c_w.l(heapauxi.o)
    0x080006b2   0x080006b2   0x00000002   PAD
    0x080006b4   0x080006b4   0x00000008   Code   RO         4237    .text               c_w.l(rt_heap_descriptor_intlibspace.o)
    0x080006bc   0x080006bc   0x00000004   Code   RO         4239    .text               c_w.l(hguard.o)
    0x080006c0   0x080006c0   0x0000008a   Code   RO         4241    .text               c_w.l(init_alloc.o)
    0x0800074a   0x0800074a   0x0000000e   Code   RO         4245    .text               c_w.l(h1_init.o)
    0x08000758   0x08000758   0x000000b2   Code   RO         4259    .text               c_w.l(_printf_intcommon.o)
    0x0800080a   0x0800080a   0x0000041e   Code   RO         4261    .text               c_w.l(_printf_fp_dec.o)
    0x08000c28   0x08000c28   0x00000030   Code   RO         4263    .text               c_w.l(_printf_char_common.o)
    0x08000c58   0x08000c58   0x0000000a   Code   RO         4265    .text               c_w.l(_sputc.o)
    0x08000c62   0x08000c62   0x00000002   PAD
    0x08000c64   0x08000c64   0x00000024   Code   RO         4267    .text               c_w.l(_printf_char_file.o)
    0x08000c88   0x08000c88   0x00000008   Code   RO         4332    .text               c_w.l(libspace.o)
    0x08000c90   0x08000c90   0x00000008   Code   RO         4355    .text               c_w.l(rt_locale_intlibspace.o)
    0x08000c98   0x08000c98   0x00000034   Code   RO         4361    .text               c_w.l(h1_extend.o)
    0x08000ccc   0x08000ccc   0x0000008a   Code   RO         4365    .text               c_w.l(lludiv10.o)
    0x08000d56   0x08000d56   0x00000002   PAD
    0x08000d58   0x08000d58   0x00000080   Code   RO         4367    .text               c_w.l(_printf_fp_infnan.o)
    0x08000dd8   0x08000dd8   0x000000e4   Code   RO         4371    .text               c_w.l(bigflt0.o)
    0x08000ebc   0x08000ebc   0x00000008   Code   RO         4396    .text               c_w.l(ferror.o)
    0x08000ec4   0x08000ec4   0x00000138   Code   RO         4398    .text               c_w.l(initio.o)
    0x08000ffc   0x08000ffc   0x0000000e   Code   RO         4407    .text               c_w.l(defsig_rtmem_outer.o)
    0x0800100a   0x0800100a   0x00000066   Code   RO         4422    .text               c_w.l(sys_io.o)
    0x08001070   0x08001070   0x00000002   Code   RO         4427    .text               c_w.l(use_no_semi.o)
    0x08001072   0x08001072   0x00000000   Code   RO         4429    .text               c_w.l(indicate_semi.o)
    0x08001072   0x08001072   0x0000004a   Code   RO         4430    .text               c_w.l(sys_stackheap_outer.o)
    0x080010bc   0x080010bc   0x00000046   Code   RO         4436    .text               c_w.l(setvbuf.o)
    0x08001102   0x08001102   0x00000002   PAD
    0x08001104   0x08001104   0x000000ec   Code   RO         4439    .text               c_w.l(fopen.o)
    0x080011f0   0x080011f0   0x0000004c   Code   RO         4441    .text               c_w.l(fclose.o)
    0x0800123c   0x0800123c   0x00000012   Code   RO         4447    .text               c_w.l(exit.o)
    0x0800124e   0x0800124e   0x0000000a   Code   RO         4449    .text               c_w.l(defsig_exit.o)
    0x08001258   0x08001258   0x0000000e   Code   RO         4455    .text               c_w.l(defsig_rtred_outer.o)
    0x08001266   0x08001266   0x00000002   PAD
    0x08001268   0x08001268   0x00000050   Code   RO         4459    .text               c_w.l(defsig_rtmem_inner.o)
    0x080012b8   0x080012b8   0x00000080   Code   RO         4461    .text               c_w.l(strcmpv7m.o)
    0x08001338   0x08001338   0x0000000c   Code   RO         4491    .text               c_w.l(sys_exit.o)
    0x08001344   0x08001344   0x000000f8   Code   RO         4499    .text               c_w.l(fseek.o)
    0x0800143c   0x0800143c   0x000000f0   Code   RO         4501    .text               c_w.l(stdio.o)
    0x0800152c   0x0800152c   0x00000032   Code   RO         4505    .text               c_w.l(defsig_general.o)
    0x0800155e   0x0800155e   0x00000002   PAD
    0x08001560   0x08001560   0x00000034   Code   RO         4509    .text               c_w.l(defsig_rtred_inner.o)
    0x08001594   0x08001594   0x0000003e   Code   RO         4511    .text               c_w.l(strlen.o)
    0x080015d2   0x080015d2   0x0000000e   Code   RO         4513    .text               c_w.l(sys_wrch.o)
    0x080015e0   0x080015e0   0x00000042   Code   RO         4522    .text               c_w.l(ftell.o)
    0x08001622   0x08001622   0x00000002   PAD
    0x08001624   0x08001624   0x00000008   Code   RO         4529    .text               c_w.l(rt_errno_addr_intlibspace.o)
    0x0800162c   0x0800162c   0x0000003e   Code   RO         4374    CL$$btod_d2e        c_w.l(btod.o)
    0x0800166a   0x0800166a   0x00000046   Code   RO         4376    CL$$btod_d2e_denorm_low  c_w.l(btod.o)
    0x080016b0   0x080016b0   0x00000060   Code   RO         4375    CL$$btod_d2e_norm_op1  c_w.l(btod.o)
    0x08001710   0x08001710   0x00000338   Code   RO         4384    CL$$btod_div_common  c_w.l(btod.o)
    0x08001a48   0x08001a48   0x000000dc   Code   RO         4381    CL$$btod_e2e        c_w.l(btod.o)
    0x08001b24   0x08001b24   0x0000002a   Code   RO         4378    CL$$btod_ediv       c_w.l(btod.o)
    0x08001b4e   0x08001b4e   0x0000002a   Code   RO         4377    CL$$btod_emul       c_w.l(btod.o)
    0x08001b78   0x08001b78   0x00000244   Code   RO         4383    CL$$btod_mult_common  c_w.l(btod.o)
    0x08001dbc   0x08001dbc   0x00000002   Code   RO          482    i.BusFault_Handler  stm32f4xx_it.o
    0x08001dbe   0x08001dbe   0x00000002   Code   RO          483    i.DebugMon_Handler  stm32f4xx_it.o
    0x08001dc0   0x08001dc0   0x00000004   Code   RO           13    i.Error_Handler     main.o
    0x08001dc4   0x08001dc4   0x0000003c   Code   RO          689    i.FSMC_NORSRAM_Extended_Timing_Init  stm32f4xx_ll_fsmc.o
    0x08001e00   0x08001e00   0x00000068   Code   RO          690    i.FSMC_NORSRAM_Init  stm32f4xx_ll_fsmc.o
    0x08001e68   0x08001e68   0x00000044   Code   RO          691    i.FSMC_NORSRAM_Timing_Init  stm32f4xx_ll_fsmc.o
    0x08001eac   0x08001eac   0x00000024   Code   RO         1895    i.HAL_Delay         stm32f4xx_hal.o
    0x08001ed0   0x08001ed0   0x0000008c   Code   RO          302    i.HAL_FSMC_MspInit  fsmc.o
    0x08001f5c   0x08001f5c   0x000001f0   Code   RO         1351    i.HAL_GPIO_Init     stm32f4xx_hal_gpio.o
    0x0800214c   0x0800214c   0x0000000a   Code   RO         1353    i.HAL_GPIO_ReadPin  stm32f4xx_hal_gpio.o
    0x08002156   0x08002156   0x0000000a   Code   RO         1355    i.HAL_GPIO_WritePin  stm32f4xx_hal_gpio.o
    0x08002160   0x08002160   0x0000000c   Code   RO         1901    i.HAL_GetTick       stm32f4xx_hal.o
    0x0800216c   0x0800216c   0x00000010   Code   RO         1907    i.HAL_IncTick       stm32f4xx_hal.o
    0x0800217c   0x0800217c   0x00000034   Code   RO         1908    i.HAL_Init          stm32f4xx_hal.o
    0x080021b0   0x080021b0   0x00000040   Code   RO         1909    i.HAL_InitTick      stm32f4xx_hal.o
    0x080021f0   0x080021f0   0x00000030   Code   RO          557    i.HAL_MspInit       stm32f4xx_hal_msp.o
    0x08002220   0x08002220   0x00000040   Code   RO         1749    i.HAL_NVIC_SetPriority  stm32f4xx_hal_cortex.o
    0x08002260   0x08002260   0x00000024   Code   RO         1750    i.HAL_NVIC_SetPriorityGrouping  stm32f4xx_hal_cortex.o
    0x08002284   0x08002284   0x00000134   Code   RO          997    i.HAL_RCC_ClockConfig  stm32f4xx_hal_rcc.o
    0x080023b8   0x080023b8   0x00000020   Code   RO         1004    i.HAL_RCC_GetPCLK1Freq  stm32f4xx_hal_rcc.o
    0x080023d8   0x080023d8   0x00000020   Code   RO         1005    i.HAL_RCC_GetPCLK2Freq  stm32f4xx_hal_rcc.o
    0x080023f8   0x080023f8   0x00000060   Code   RO         1006    i.HAL_RCC_GetSysClockFreq  stm32f4xx_hal_rcc.o
    0x08002458   0x08002458   0x0000036c   Code   RO         1009    i.HAL_RCC_OscConfig  stm32f4xx_hal_rcc.o
    0x080027c4   0x080027c4   0x000000bc   Code   RO         2157    i.HAL_SPI_Init      stm32f4xx_hal_spi.o
    0x08002880   0x08002880   0x00000090   Code   RO          351    i.HAL_SPI_MspInit   spi.o
    0x08002910   0x08002910   0x000001f0   Code   RO         2166    i.HAL_SPI_TransmitReceive  stm32f4xx_hal_spi.o
    0x08002b00   0x08002b00   0x0000005c   Code   RO          829    i.HAL_SRAM_Init     stm32f4xx_hal_sram.o
    0x08002b5c   0x08002b5c   0x00000004   Code   RO          304    i.HAL_SRAM_MspInit  fsmc.o
    0x08002b60   0x08002b60   0x00000028   Code   RO         1754    i.HAL_SYSTICK_Config  stm32f4xx_hal_cortex.o
    0x08002b88   0x08002b88   0x0000005a   Code   RO         2470    i.HAL_TIM_Base_Init  stm32f4xx_hal_tim.o
    0x08002be2   0x08002be2   0x00000002   PAD
    0x08002be4   0x08002be4   0x00000028   Code   RO          393    i.HAL_TIM_Base_MspInit  tim.o
    0x08002c0c   0x08002c0c   0x00000080   Code   RO         2475    i.HAL_TIM_Base_Start_IT  stm32f4xx_hal_tim.o
    0x08002c8c   0x08002c8c   0x00000054   Code   RO          394    i.HAL_TIM_MspPostInit  tim.o
    0x08002ce0   0x08002ce0   0x000000cc   Code   RO         2542    i.HAL_TIM_PWM_ConfigChannel  stm32f4xx_hal_tim.o
    0x08002dac   0x08002dac   0x0000005a   Code   RO         2545    i.HAL_TIM_PWM_Init  stm32f4xx_hal_tim.o
    0x08002e06   0x08002e06   0x00000002   Code   RO         2547    i.HAL_TIM_PWM_MspInit  stm32f4xx_hal_tim.o
    0x08002e08   0x08002e08   0x000000c8   Code   RO         2550    i.HAL_TIM_PWM_Start  stm32f4xx_hal_tim.o
    0x08002ed0   0x08002ed0   0x00000064   Code   RO         3471    i.HAL_UART_Init     stm32f4xx_hal_uart.o
    0x08002f34   0x08002f34   0x0000006c   Code   RO          441    i.HAL_UART_MspInit  usart.o
    0x08002fa0   0x08002fa0   0x000000a0   Code   RO         3479    i.HAL_UART_Transmit  stm32f4xx_hal_uart.o
    0x08003040   0x08003040   0x00000260   Code   RO           14    i.HD_SPI_Mode_Task  main.o
    0x080032a0   0x080032a0   0x00000002   Code   RO          484    i.HardFault_Handler  stm32f4xx_it.o
    0x080032a2   0x080032a2   0x00000002   PAD
    0x080032a4   0x080032a4   0x00000058   Code   RO           15    i.Key_Read          main.o
    0x080032fc   0x080032fc   0x00000020   Code   RO         3847    i.LCD_Display_Dir   drv_lcd.o
    0x0800331c   0x0800331c   0x00000014   Code   RO         3861    i.LCD_WriteRAM_Prepare  drv_lcd.o
    0x08003330   0x08003330   0x0000008c   Code   RO          305    i.MX_FSMC_Init      fsmc.o
    0x080033bc   0x080033bc   0x000000fc   Code   RO          278    i.MX_GPIO_Init      gpio.o
    0x080034b8   0x080034b8   0x00000048   Code   RO          352    i.MX_SPI2_Init      spi.o
    0x08003500   0x08003500   0x0000006c   Code   RO          395    i.MX_TIM14_Init     tim.o
    0x0800356c   0x0800356c   0x00000038   Code   RO          442    i.MX_USART1_UART_Init  usart.o
    0x080035a4   0x080035a4   0x00000002   Code   RO          485    i.MemManage_Handler  stm32f4xx_it.o
    0x080035a6   0x080035a6   0x00000002   Code   RO          486    i.NMI_Handler       stm32f4xx_it.o
    0x080035a8   0x080035a8   0x00000002   Code   RO          487    i.PendSV_Handler    stm32f4xx_it.o
    0x080035aa   0x080035aa   0x00000002   PAD
    0x080035ac   0x080035ac   0x00000020   Code   RO          581    i.SPI2_ReadWriteByte  flash.o
    0x080035cc   0x080035cc   0x0000006c   Code   RO         2195    i.SPI_EndRxTxTransaction  stm32f4xx_hal_spi.o
    0x08003638   0x08003638   0x000000b8   Code   RO         2200    i.SPI_WaitFlagStateUntilTimeout  stm32f4xx_hal_spi.o
    0x080036f0   0x080036f0   0x00000002   Code   RO          488    i.SVC_Handler       stm32f4xx_it.o
    0x080036f2   0x080036f2   0x00000002   PAD
    0x080036f4   0x080036f4   0x00000254   Code   RO           17    i.Soft_SPI_Mode_Task  main.o
    0x08003948   0x08003948   0x00000070   Code   RO           18    i.Soft_SPI_Transfer  main.o
    0x080039b8   0x080039b8   0x00000070   Code   RO           19    i.Soft_W25Q64_PageProgram  main.o
    0x08003a28   0x08003a28   0x00000060   Code   RO           20    i.Soft_W25Q64_ReadData  main.o
    0x08003a88   0x08003a88   0x00000034   Code   RO           21    i.Soft_W25Q64_ReadStatus  main.o
    0x08003abc   0x08003abc   0x0000002c   Code   RO           22    i.Soft_W25Q64_WriteEnable  main.o
    0x08003ae8   0x08003ae8   0x0000000a   Code   RO           23    i.Soft_W25QXX_Read  main.o
    0x08003af2   0x08003af2   0x0000000a   Code   RO           24    i.Soft_W25QXX_Write  main.o
    0x08003afc   0x08003afc   0x00000004   Code   RO          489    i.SysTick_Handler   stm32f4xx_it.o
    0x08003b00   0x08003b00   0x00000094   Code   RO           25    i.SystemClock_Config  main.o
    0x08003b94   0x08003b94   0x00000010   Code   RO         3805    i.SystemInit        system_stm32f4xx.o
    0x08003ba4   0x08003ba4   0x000000d8   Code   RO         2563    i.TIM_Base_SetConfig  stm32f4xx_hal_tim.o
    0x08003c7c   0x08003c7c   0x0000001a   Code   RO         2564    i.TIM_CCxChannelCmd  stm32f4xx_hal_tim.o
    0x08003c96   0x08003c96   0x00000002   PAD
    0x08003c98   0x08003c98   0x00000060   Code   RO         2576    i.TIM_OC1_SetConfig  stm32f4xx_hal_tim.o
    0x08003cf8   0x08003cf8   0x0000006c   Code   RO         2577    i.TIM_OC2_SetConfig  stm32f4xx_hal_tim.o
    0x08003d64   0x08003d64   0x00000068   Code   RO         2578    i.TIM_OC3_SetConfig  stm32f4xx_hal_tim.o
    0x08003dcc   0x08003dcc   0x00000050   Code   RO         2579    i.TIM_OC4_SetConfig  stm32f4xx_hal_tim.o
    0x08003e1c   0x08003e1c   0x0000004e   Code   RO         3494    i.UART_EndRxTransfer  stm32f4xx_hal_uart.o
    0x08003e6a   0x08003e6a   0x00000002   PAD
    0x08003e6c   0x08003e6c   0x0000010c   Code   RO         3497    i.UART_SetConfig    stm32f4xx_hal_uart.o
    0x08003f78   0x08003f78   0x00000072   Code   RO         3500    i.UART_WaitOnFlagUntilTimeout  stm32f4xx_hal_uart.o
    0x08003fea   0x08003fea   0x00000002   Code   RO          490    i.UsageFault_Handler  stm32f4xx_it.o
    0x08003fec   0x08003fec   0x00000064   Code   RO          583    i.W25QXX_Erase_Sector  flash.o
    0x08004050   0x08004050   0x00000074   Code   RO          584    i.W25QXX_Read       flash.o
    0x080040c4   0x080040c4   0x00000050   Code   RO          585    i.W25QXX_ReadID     flash.o
    0x08004114   0x08004114   0x00000048   Code   RO          586    i.W25QXX_ReadSR     flash.o
    0x0800415c   0x0800415c   0x0000000e   Code   RO          587    i.W25QXX_Wait_Busy  flash.o
    0x0800416a   0x0800416a   0x00000002   PAD
    0x0800416c   0x0800416c   0x0000009c   Code   RO          588    i.W25QXX_Write      flash.o
    0x08004208   0x08004208   0x0000002c   Code   RO          590    i.W25QXX_Write_Enable  flash.o
    0x08004234   0x08004234   0x0000003e   Code   RO          591    i.W25QXX_Write_NoCheck  flash.o
    0x08004272   0x08004272   0x00000002   PAD
    0x08004274   0x08004274   0x0000007c   Code   RO          592    i.W25QXX_Write_Page  flash.o
    0x080042f0   0x080042f0   0x00000030   Code   RO         4420    i.__ARM_fpclassify  m_wm.l(fpclassify.o)
    0x08004320   0x08004320   0x00000020   Code   RO         1756    i.__NVIC_SetPriority  stm32f4xx_hal_cortex.o
    0x08004340   0x08004340   0x0000000e   Code   RO         4202    i._is_digit         c_w.l(__printf_wp.o)
    0x0800434e   0x0800434e   0x0000001a   Code   RO           26    i.calculate_checksum  main.o
    0x08004368   0x08004368   0x00000160   Code   RO         3863    i.drv_lcd_init      drv_lcd.o
    0x080044c8   0x080044c8   0x00000018   Code   RO           27    i.fputc             main.o
    0x080044e0   0x080044e0   0x00000058   Code   RO           28    i.getCurrentMicros  main.o
    0x08004538   0x08004538   0x00000038   Code   RO         3864    i.lcd_address_set   drv_lcd.o
    0x08004570   0x08004570   0x00000034   Code   RO         3865    i.lcd_clear         drv_lcd.o
    0x080045a4   0x080045a4   0x0000000c   Code   RO         3872    i.lcd_set_color     drv_lcd.o
    0x080045b0   0x080045b0   0x000002c8   Code   RO         3873    i.lcd_show_char     drv_lcd.o
    0x08004878   0x08004878   0x00000088   Code   RO         3876    i.lcd_show_string   drv_lcd.o
    0x08004900   0x08004900   0x00000018   Code   RO         3877    i.lcd_write_data_buffer  drv_lcd.o
    0x08004918   0x08004918   0x00000010   Code   RO         3878    i.lcd_write_half_word  drv_lcd.o
    0x08004928   0x08004928   0x000000e8   Code   RO           30    i.main              main.o
    0x08004a10   0x08004a10   0x0000002c   Code   RO         4405    locale$$code        c_w.l(lc_numeric_c.o)
    0x08004a3c   0x08004a3c   0x0000000c   Code   RO         4325    x$fpl$dretinf       fz_wm.l(dretinf.o)
    0x08004a48   0x08004a48   0x00000056   Code   RO         4223    x$fpl$f2d           fz_wm.l(f2d.o)
    0x08004a9e   0x08004a9e   0x0000008c   Code   RO         4327    x$fpl$fnaninf       fz_wm.l(fnaninf.o)
    0x08004b2a   0x08004b2a   0x0000000a   Code   RO         4416    x$fpl$fpinit        fz_wm.l(fpinit.o)
    0x08004b34   0x08004b34   0x00000004   Code   RO         4225    x$fpl$printf1       fz_wm.l(printf1.o)
    0x08004b38   0x08004b38   0x00000000   Code   RO         4329    x$fpl$usenofp       fz_wm.l(usenofp.o)
    0x08004b38   0x08004b38   0x00000010   Data   RO         3806    .constdata          system_stm32f4xx.o
    0x08004b48   0x08004b48   0x00000008   Data   RO         3807    .constdata          system_stm32f4xx.o
    0x08004b50   0x08004b50   0x00002f00   Data   RO         3880    .constdata          drv_lcd.o
    0x08007a50   0x08007a50   0x00000028   Data   RO         4175    .constdata          c_w.l(_printf_hex_int.o)
    0x08007a78   0x08007a78   0x00000094   Data   RO         4372    .constdata          c_w.l(bigflt0.o)
    0x08007b0c   0x08007b0c   0x00000004   Data   RO         4423    .constdata          c_w.l(sys_io.o)
    0x08007b10   0x08007b10   0x00000004   Data   RO         4424    .constdata          c_w.l(sys_io.o)
    0x08007b14   0x08007b14   0x00000004   Data   RO         4425    .constdata          c_w.l(sys_io.o)
    0x08007b18   0x08007b18   0x0000004a   Data   RO         3881    .conststring        drv_lcd.o
    0x08007b62   0x08007b62   0x00000002   PAD
    0x08007b64   0x08007b64   0x00000020   Data   RO         4546    Region$$Table       anon$$obj.o
    0x08007b84   0x08007b84   0x0000001c   Data   RO         4404    locale$$data        c_w.l(lc_numeric_c.o)


    Execution Region RW_IRAM1 (Exec base: 0x20000000, Load base: 0x08007ba0, Size: 0x00001910, Max: 0x0001c000, ABSOLUTE)

    Exec Addr    Load Addr    Size         Type   Attr      Idx    E Section Name        Object

    0x20000000   0x08007ba0   0x00000006   Data   RW           33    .data               main.o
    0x20000006   0x08007ba6   0x00000002   PAD
    0x20000008   0x08007ba8   0x00000008   Data   RW          307    .data               fsmc.o
    0x20000010   0x08007bb0   0x00000002   Data   RW          595    .data               flash.o
    0x20000012   0x08007bb2   0x00000002   PAD
    0x20000014   0x08007bb4   0x0000000c   Data   RW         1915    .data               stm32f4xx_hal.o
    0x20000020   0x08007bc0   0x00000004   Data   RW         3808    .data               system_stm32f4xx.o
    0x20000024   0x08007bc4   0x00000004   Data   RW         3882    .data               drv_lcd.o
    0x20000028   0x08007bc8   0x00000004   Data   RW         4273    .data               c_w.l(stdio_streams.o)
    0x2000002c   0x08007bcc   0x00000004   Data   RW         4274    .data               c_w.l(stdio_streams.o)
    0x20000030   0x08007bd0   0x00000004   Data   RW         4275    .data               c_w.l(stdio_streams.o)
    0x20000034        -       0x00000036   Zero   RW           31    .bss                main.o
    0x2000006a   0x08007bd4   0x00000002   PAD
    0x2000006c        -       0x00000050   Zero   RW          306    .bss                fsmc.o
    0x200000bc        -       0x00000058   Zero   RW          353    .bss                spi.o
    0x20000114        -       0x00000048   Zero   RW          396    .bss                tim.o
    0x2000015c        -       0x00000048   Zero   RW          443    .bss                usart.o
    0x200001a4        -       0x00001000   Zero   RW          594    .bss                flash.o
    0x200011a4        -       0x0000000e   Zero   RW         3879    .bss                drv_lcd.o
    0x200011b2   0x08007bd4   0x00000002   PAD
    0x200011b4        -       0x00000054   Zero   RW         4270    .bss                c_w.l(stdio_streams.o)
    0x20001208        -       0x00000054   Zero   RW         4271    .bss                c_w.l(stdio_streams.o)
    0x2000125c        -       0x00000054   Zero   RW         4272    .bss                c_w.l(stdio_streams.o)
    0x200012b0        -       0x00000060   Zero   RW         4333    .bss                c_w.l(libspace.o)
    0x20001310        -       0x00000200   Zero   RW            2    HEAP                startup_stm32f407xx.o
    0x20001510        -       0x00000400   Zero   RW            1    STACK               startup_stm32f407xx.o


    Execution Region RW_IRAM2 (Exec base: 0x2001c000, Load base: 0x08007bd4, Size: 0x00000000, Max: 0x00004000, ABSOLUTE)

    **** No section assigned to this execution region ****


==============================================================================

Image component sizes


      Code (inc. data)   RO Data    RW Data    ZI Data      Debug   Object Name

      1412        120      12106          4         14      13559   drv_lcd.o
       800         48          0          2       4096       7110   flash.o
       284         32          0          8         80       2295   fsmc.o
       252         18          0          0          0       1127   gpio.o
      2250        580          0          6         54     724671   main.o
       216         24          0          0         88       1757   spi.o
        64         26        392          0       1536        848   startup_stm32f407xx.o
       180         28          0         12          0       9433   stm32f4xx_hal.o
       172         14          0          0          0      33138   stm32f4xx_hal_cortex.o
       516         46          0          0          0       2867   stm32f4xx_hal_gpio.o
        48          6          0          0          0        866   stm32f4xx_hal_msp.o
      1344         72          0          0          0       5256   stm32f4xx_hal_rcc.o
       976         14          0          0          0       4917   stm32f4xx_hal_spi.o
        92          0          0          0          0       1236   stm32f4xx_hal_sram.o
      1344        138          0          0          0      10464   stm32f4xx_hal_tim.o
       720         10          0          0          0       4864   stm32f4xx_hal_uart.o
        20          0          0          0          0       4190   stm32f4xx_it.o
       232         14          0          0          0       3959   stm32f4xx_ll_fsmc.o
        16          4         24          4          0       1139   system_stm32f4xx.o
       232         32          0          0         72       2298   tim.o
       164         22          0          0         72       1726   usart.o

    ----------------------------------------------------------------------
     11350       1248      12556         40       6016     837720   Object Totals
         0          0         32          0          0          0   (incl. Generated)
        16          0          2          4          4          0   (incl. Padding)

    ----------------------------------------------------------------------

      Code (inc. data)   RO Data    RW Data    ZI Data      Debug   Library Member Name

         8          0          0          0          0         68   __main.o
       284          0          0          0          0        156   __printf_wp.o
         0          0          0          0          0          0   __rtentry.o
        12          0          0          0          0          0   __rtentry2.o
         6          0          0          0          0          0   __rtentry4.o
        52          8          0          0          0          0   __scatter.o
        26          0          0          0          0          0   __scatter_copy.o
        28          0          0          0          0          0   __scatter_zi.o
        48          6          0          0          0         96   _printf_char_common.o
        36          4          0          0          0         80   _printf_char_file.o
         6          0          0          0          0          0   _printf_d.o
       120         16          0          0          0         92   _printf_dec.o
         6          0          0          0          0          0   _printf_f.o
      1054          0          0          0          0        216   _printf_fp_dec.o
       128         16          0          0          0         84   _printf_fp_infnan.o
        88          4         40          0          0         88   _printf_hex_int.o
       178          0          0          0          0         88   _printf_intcommon.o
         0          0          0          0          0          0   _printf_percent.o
         4          0          0          0          0          0   _printf_percent_end.o
         6          0          0          0          0          0   _printf_u.o
         6          0          0          0          0          0   _printf_x.o
        10          0          0          0          0         68   _sputc.o
       228          4        148          0          0         96   bigflt0.o
      1936        128          0          0          0        672   btod.o
        10          0          0          0          0         68   defsig_exit.o
        50          0          0          0          0         88   defsig_general.o
        80         58          0          0          0         76   defsig_rtmem_inner.o
        14          0          0          0          0         80   defsig_rtmem_outer.o
        52         38          0          0          0         76   defsig_rtred_inner.o
        14          0          0          0          0         80   defsig_rtred_outer.o
        18          0          0          0          0         80   exit.o
        76          0          0          0          0         88   fclose.o
         8          0          0          0          0         68   ferror.o
       236          4          0          0          0        128   fopen.o
       248          6          0          0          0         84   fseek.o
        66          0          0          0          0         76   ftell.o
        94          0          0          0          0         80   h1_alloc.o
        52          0          0          0          0         68   h1_extend.o
        78          0          0          0          0         80   h1_free.o
        14          0          0          0          0         84   h1_init.o
         6          0          0          0          0        152   heapauxi.o
         4          0          0          0          0        136   hguard.o
         0          0          0          0          0          0   indicate_semi.o
       138          0          0          0          0        168   init_alloc.o
       312         46          0          0          0        112   initio.o
        44         10         28          0          0         76   lc_numeric_c.o
         2          0          0          0          0          0   libinit.o
        34          0          0          0          0          0   libinit2.o
         2          0          0          0          0          0   libshutdown.o
         6          0          0          0          0          0   libshutdown2.o
         8          4          0          0         96         68   libspace.o
       138          0          0          0          0         80   lludiv10.o
       238          0          0          0          0        100   lludivv7m.o
         0          0          0          0          0          0   maybetermalloc1.o
        24          4          0          0          0         84   noretval__2printf.o
        40          6          0          0          0         84   noretval__2sprintf.o
         8          4          0          0          0         68   rt_errno_addr_intlibspace.o
         8          4          0          0          0         68   rt_heap_descriptor_intlibspace.o
         8          4          0          0          0         68   rt_locale_intlibspace.o
        78          0          0          0          0         80   rt_memclr_w.o
         2          0          0          0          0          0   rtexit.o
        10          0          0          0          0          0   rtexit2.o
        70          0          0          0          0         80   setvbuf.o
       240          6          0          0          0        156   stdio.o
         0          0          0         12        252          0   stdio_streams.o
       128          0          0          0          0         68   strcmpv7m.o
        62          0          0          0          0         76   strlen.o
        12          4          0          0          0         68   sys_exit.o
       102          0         12          0          0        240   sys_io.o
        74          0          0          0          0         80   sys_stackheap_outer.o
        14          0          0          0          0         76   sys_wrch.o
         2          0          0          0          0         68   use_no_semi.o
        12          0          0          0          0        116   dretinf.o
        86          4          0          0          0        132   f2d.o
       140          4          0          0          0        132   fnaninf.o
        10          0          0          0          0        116   fpinit.o
         4          0          0          0          0        116   printf1.o
         0          0          0          0          0          0   usenofp.o
        48          0          0          0          0        124   fpclassify.o

    ----------------------------------------------------------------------
      7514        392        228         12        348       6100   Library Totals
        20          0          0          0          0          0   (incl. Padding)

    ----------------------------------------------------------------------

      Code (inc. data)   RO Data    RW Data    ZI Data      Debug   Library Name

      7194        384        228         12        348       5364   c_w.l
       252          8          0          0          0        612   fz_wm.l
        48          0          0          0          0        124   m_wm.l

    ----------------------------------------------------------------------
      7514        392        228         12        348       6100   Library Totals

    ----------------------------------------------------------------------

==============================================================================


      Code (inc. data)   RO Data    RW Data    ZI Data      Debug   

     18864       1640      12784         52       6364     831056   Grand Totals
     18864       1640      12784         52       6364     831056   ELF Image Totals
     18864       1640      12784         52          0          0   ROM Totals

==============================================================================

    Total RO  Size (Code + RO Data)                31648 (  30.91kB)
    Total RW  Size (RW Data + ZI Data)              6416 (   6.27kB)
    Total ROM Size (Code + RO Data + RW Data)      31700 (  30.96kB)

==============================================================================

